
 /----------------------------------------------------------------------------\
 |  yosys -- Yosys Open SYnthesis Suite                                       |
 |  Copyright (C) 2012 - 2025  Claire Xenia Wolf <claire@yosyshq.com>         |
 |  Distributed under an ISC-like license, type "license" to see terms        |
 \----------------------------------------------------------------------------/
 Yosys 0.60 (git sha1 5bafeb77d, g++ 13.3.0-6ubuntu2~24.04 -fPIC -O3)

1. Executing Verilog-2005 frontend: /foss/designs/chip_top/runs/RUN_2026-06-06_06-39-23/tmp/8c114cd81e8a40489f86b3efd6748415.bb.v
Parsing SystemVerilog input from `/foss/designs/chip_top/runs/RUN_2026-06-06_06-39-23/tmp/8c114cd81e8a40489f86b3efd6748415.bb.v' to AST representation.
verilog frontend filename /foss/designs/chip_top/runs/RUN_2026-06-06_06-39-23/tmp/8c114cd81e8a40489f86b3efd6748415.bb.v
Generating RTLIL representation for module `\sky130_ef_sc_hd__decap_12'.
Generating RTLIL representation for module `\sky130_ef_sc_hd__decap_20_12'.
Generating RTLIL representation for module `\sky130_ef_sc_hd__decap_40_12'.
Generating RTLIL representation for module `\sky130_ef_sc_hd__decap_60_12'.
Generating RTLIL representation for module `\sky130_ef_sc_hd__decap_80_12'.
Generating RTLIL representation for module `\sky130_ef_sc_hd__fill_12'.
Generating RTLIL representation for module `\sky130_ef_sc_hd__fill_2'.
Generating RTLIL representation for module `\sky130_ef_sc_hd__fill_4'.
Generating RTLIL representation for module `\sky130_ef_sc_hd__fill_8'.
Generating RTLIL representation for module `\sky130_fd_sc_hd__a2111o_1'.
Generating RTLIL representation for module `\sky130_fd_sc_hd__a2111o_2'.
Generating RTLIL representation for module `\sky130_fd_sc_hd__a2111o_4'.
Generating RTLIL representation for module `\sky130_fd_sc_hd__a2111oi_0'.
Generating RTLIL representation for module `\sky130_fd_sc_hd__a2111oi_1'.
Generating RTLIL representation for module `\sky130_fd_sc_hd__a2111oi_2'.
Generating RTLIL representation for module `\sky130_fd_sc_hd__a2111oi_4'.
Generating RTLIL representation for module `\sky130_fd_sc_hd__a211o_1'.
Generating RTLIL representation for module `\sky130_fd_sc_hd__a211o_2'.
Generating RTLIL representation for module `\sky130_fd_sc_hd__a211o_4'.
Generating RTLIL representation for module `\sky130_fd_sc_hd__a211oi_1'.
Generating RTLIL representation for module `\sky130_fd_sc_hd__a211oi_2'.
Generating RTLIL representation for module `\sky130_fd_sc_hd__a211oi_4'.
Generating RTLIL representation for module `\sky130_fd_sc_hd__a21bo_1'.
Generating RTLIL representation for module `\sky130_fd_sc_hd__a21bo_2'.
Generating RTLIL representation for module `\sky130_fd_sc_hd__a21bo_4'.
Generating RTLIL representation for module `\sky130_fd_sc_hd__a21boi_0'.
Generating RTLIL representation for module `\sky130_fd_sc_hd__a21boi_1'.
Generating RTLIL representation for module `\sky130_fd_sc_hd__a21boi_2'.
Generating RTLIL representation for module `\sky130_fd_sc_hd__a21boi_4'.
Generating RTLIL representation for module `\sky130_fd_sc_hd__a21o_1'.
Generating RTLIL representation for module `\sky130_fd_sc_hd__a21o_2'.
Generating RTLIL representation for module `\sky130_fd_sc_hd__a21o_4'.
Generating RTLIL representation for module `\sky130_fd_sc_hd__a21oi_1'.
Generating RTLIL representation for module `\sky130_fd_sc_hd__a21oi_2'.
Generating RTLIL representation for module `\sky130_fd_sc_hd__a21oi_4'.
Generating RTLIL representation for module `\sky130_fd_sc_hd__a221o_1'.
Generating RTLIL representation for module `\sky130_fd_sc_hd__a221o_2'.
Generating RTLIL representation for module `\sky130_fd_sc_hd__a221o_4'.
Generating RTLIL representation for module `\sky130_fd_sc_hd__a221oi_1'.
Generating RTLIL representation for module `\sky130_fd_sc_hd__a221oi_2'.
Generating RTLIL representation for module `\sky130_fd_sc_hd__a221oi_4'.
Generating RTLIL representation for module `\sky130_fd_sc_hd__a222oi_1'.
Generating RTLIL representation for module `\sky130_fd_sc_hd__a22o_1'.
Generating RTLIL representation for module `\sky130_fd_sc_hd__a22o_2'.
Generating RTLIL representation for module `\sky130_fd_sc_hd__a22o_4'.
Generating RTLIL representation for module `\sky130_fd_sc_hd__a22oi_1'.
Generating RTLIL representation for module `\sky130_fd_sc_hd__a22oi_2'.
Generating RTLIL representation for module `\sky130_fd_sc_hd__a22oi_4'.
Generating RTLIL representation for module `\sky130_fd_sc_hd__a2bb2o_1'.
Generating RTLIL representation for module `\sky130_fd_sc_hd__a2bb2o_2'.
Generating RTLIL representation for module `\sky130_fd_sc_hd__a2bb2o_4'.
Generating RTLIL representation for module `\sky130_fd_sc_hd__a2bb2oi_1'.
Generating RTLIL representation for module `\sky130_fd_sc_hd__a2bb2oi_2'.
Generating RTLIL representation for module `\sky130_fd_sc_hd__a2bb2oi_4'.
Generating RTLIL representation for module `\sky130_fd_sc_hd__a311o_1'.
Generating RTLIL representation for module `\sky130_fd_sc_hd__a311o_2'.
Generating RTLIL representation for module `\sky130_fd_sc_hd__a311o_4'.
Generating RTLIL representation for module `\sky130_fd_sc_hd__a311oi_1'.
Generating RTLIL representation for module `\sky130_fd_sc_hd__a311oi_2'.
Generating RTLIL representation for module `\sky130_fd_sc_hd__a311oi_4'.
Generating RTLIL representation for module `\sky130_fd_sc_hd__a31o_1'.
Generating RTLIL representation for module `\sky130_fd_sc_hd__a31o_2'.
Generating RTLIL representation for module `\sky130_fd_sc_hd__a31o_4'.
Generating RTLIL representation for module `\sky130_fd_sc_hd__a31oi_1'.
Generating RTLIL representation for module `\sky130_fd_sc_hd__a31oi_2'.
Generating RTLIL representation for module `\sky130_fd_sc_hd__a31oi_4'.
Generating RTLIL representation for module `\sky130_fd_sc_hd__a32o_1'.
Generating RTLIL representation for module `\sky130_fd_sc_hd__a32o_2'.
Generating RTLIL representation for module `\sky130_fd_sc_hd__a32o_4'.
Generating RTLIL representation for module `\sky130_fd_sc_hd__a32oi_1'.
Generating RTLIL representation for module `\sky130_fd_sc_hd__a32oi_2'.
Generating RTLIL representation for module `\sky130_fd_sc_hd__a32oi_4'.
Generating RTLIL representation for module `\sky130_fd_sc_hd__a41o_1'.
Generating RTLIL representation for module `\sky130_fd_sc_hd__a41o_2'.
Generating RTLIL representation for module `\sky130_fd_sc_hd__a41o_4'.
Generating RTLIL representation for module `\sky130_fd_sc_hd__a41oi_1'.
Generating RTLIL representation for module `\sky130_fd_sc_hd__a41oi_2'.
Generating RTLIL representation for module `\sky130_fd_sc_hd__a41oi_4'.
Generating RTLIL representation for module `\sky130_fd_sc_hd__and2_0'.
Generating RTLIL representation for module `\sky130_fd_sc_hd__and2_1'.
Generating RTLIL representation for module `\sky130_fd_sc_hd__and2_2'.
Generating RTLIL representation for module `\sky130_fd_sc_hd__and2_4'.
Generating RTLIL representation for module `\sky130_fd_sc_hd__and2b_1'.
Generating RTLIL representation for module `\sky130_fd_sc_hd__and2b_2'.
Generating RTLIL representation for module `\sky130_fd_sc_hd__and2b_4'.
Generating RTLIL representation for module `\sky130_fd_sc_hd__and3_1'.
Generating RTLIL representation for module `\sky130_fd_sc_hd__and3_2'.
Generating RTLIL representation for module `\sky130_fd_sc_hd__and3_4'.
Generating RTLIL representation for module `\sky130_fd_sc_hd__and3b_1'.
Generating RTLIL representation for module `\sky130_fd_sc_hd__and3b_2'.
Generating RTLIL representation for module `\sky130_fd_sc_hd__and3b_4'.
Generating RTLIL representation for module `\sky130_fd_sc_hd__and4_1'.
Generating RTLIL representation for module `\sky130_fd_sc_hd__and4_2'.
Generating RTLIL representation for module `\sky130_fd_sc_hd__and4_4'.
Generating RTLIL representation for module `\sky130_fd_sc_hd__and4b_1'.
Generating RTLIL representation for module `\sky130_fd_sc_hd__and4b_2'.
Generating RTLIL representation for module `\sky130_fd_sc_hd__and4b_4'.
Generating RTLIL representation for module `\sky130_fd_sc_hd__and4bb_1'.
Generating RTLIL representation for module `\sky130_fd_sc_hd__and4bb_2'.
Generating RTLIL representation for module `\sky130_fd_sc_hd__and4bb_4'.
Generating RTLIL representation for module `\sky130_fd_sc_hd__buf_1'.
Generating RTLIL representation for module `\sky130_fd_sc_hd__buf_12'.
Generating RTLIL representation for module `\sky130_fd_sc_hd__buf_16'.
Generating RTLIL representation for module `\sky130_fd_sc_hd__buf_2'.
Generating RTLIL representation for module `\sky130_fd_sc_hd__buf_4'.
Generating RTLIL representation for module `\sky130_fd_sc_hd__buf_6'.
Generating RTLIL representation for module `\sky130_fd_sc_hd__buf_8'.
Generating RTLIL representation for module `\sky130_fd_sc_hd__bufbuf_16'.
Generating RTLIL representation for module `\sky130_fd_sc_hd__bufbuf_8'.
Generating RTLIL representation for module `\sky130_fd_sc_hd__bufinv_16'.
Generating RTLIL representation for module `\sky130_fd_sc_hd__bufinv_8'.
Generating RTLIL representation for module `\sky130_fd_sc_hd__clkbuf_1'.
Generating RTLIL representation for module `\sky130_fd_sc_hd__clkbuf_16'.
Generating RTLIL representation for module `\sky130_fd_sc_hd__clkbuf_2'.
Generating RTLIL representation for module `\sky130_fd_sc_hd__clkbuf_4'.
Generating RTLIL representation for module `\sky130_fd_sc_hd__clkbuf_8'.
Generating RTLIL representation for module `\sky130_fd_sc_hd__clkdlybuf4s15_1'.
Generating RTLIL representation for module `\sky130_fd_sc_hd__clkdlybuf4s15_2'.
Generating RTLIL representation for module `\sky130_fd_sc_hd__clkdlybuf4s18_1'.
Generating RTLIL representation for module `\sky130_fd_sc_hd__clkdlybuf4s18_2'.
Generating RTLIL representation for module `\sky130_fd_sc_hd__clkdlybuf4s25_1'.
Generating RTLIL representation for module `\sky130_fd_sc_hd__clkdlybuf4s25_2'.
Generating RTLIL representation for module `\sky130_fd_sc_hd__clkdlybuf4s50_1'.
Generating RTLIL representation for module `\sky130_fd_sc_hd__clkdlybuf4s50_2'.
Generating RTLIL representation for module `\sky130_fd_sc_hd__clkinv_1'.
Generating RTLIL representation for module `\sky130_fd_sc_hd__clkinv_16'.
Generating RTLIL representation for module `\sky130_fd_sc_hd__clkinv_2'.
Generating RTLIL representation for module `\sky130_fd_sc_hd__clkinv_4'.
Generating RTLIL representation for module `\sky130_fd_sc_hd__clkinv_8'.
Generating RTLIL representation for module `\sky130_fd_sc_hd__clkinvlp_2'.
Generating RTLIL representation for module `\sky130_fd_sc_hd__clkinvlp_4'.
Generating RTLIL representation for module `\sky130_fd_sc_hd__conb_1'.
Generating RTLIL representation for module `\sky130_fd_sc_hd__decap_12'.
Generating RTLIL representation for module `\sky130_fd_sc_hd__decap_3'.
Generating RTLIL representation for module `\sky130_fd_sc_hd__decap_4'.
Generating RTLIL representation for module `\sky130_fd_sc_hd__decap_6'.
Generating RTLIL representation for module `\sky130_fd_sc_hd__decap_8'.
Generating RTLIL representation for module `\sky130_fd_sc_hd__dfbbn_1'.
Generating RTLIL representation for module `\sky130_fd_sc_hd__dfbbn_2'.
Generating RTLIL representation for module `\sky130_fd_sc_hd__dfbbp_1'.
Generating RTLIL representation for module `\sky130_fd_sc_hd__dfrbp_1'.
Generating RTLIL representation for module `\sky130_fd_sc_hd__dfrbp_2'.
Generating RTLIL representation for module `\sky130_fd_sc_hd__dfrtn_1'.
Generating RTLIL representation for module `\sky130_fd_sc_hd__dfrtp_1'.
Generating RTLIL representation for module `\sky130_fd_sc_hd__dfrtp_2'.
Generating RTLIL representation for module `\sky130_fd_sc_hd__dfrtp_4'.
Generating RTLIL representation for module `\sky130_fd_sc_hd__dfsbp_1'.
Generating RTLIL representation for module `\sky130_fd_sc_hd__dfsbp_2'.
Generating RTLIL representation for module `\sky130_fd_sc_hd__dfstp_1'.
Generating RTLIL representation for module `\sky130_fd_sc_hd__dfstp_2'.
Generating RTLIL representation for module `\sky130_fd_sc_hd__dfstp_4'.
Generating RTLIL representation for module `\sky130_fd_sc_hd__dfxbp_1'.
Generating RTLIL representation for module `\sky130_fd_sc_hd__dfxbp_2'.
Generating RTLIL representation for module `\sky130_fd_sc_hd__dfxtp_1'.
Generating RTLIL representation for module `\sky130_fd_sc_hd__dfxtp_2'.
Generating RTLIL representation for module `\sky130_fd_sc_hd__dfxtp_4'.
Generating RTLIL representation for module `\sky130_fd_sc_hd__diode_2'.
Generating RTLIL representation for module `\sky130_fd_sc_hd__dlclkp_1'.
Generating RTLIL representation for module `\sky130_fd_sc_hd__dlclkp_2'.
Generating RTLIL representation for module `\sky130_fd_sc_hd__dlclkp_4'.
Generating RTLIL representation for module `\sky130_fd_sc_hd__dlrbn_1'.
Generating RTLIL representation for module `\sky130_fd_sc_hd__dlrbn_2'.
Generating RTLIL representation for module `\sky130_fd_sc_hd__dlrbp_1'.
Generating RTLIL representation for module `\sky130_fd_sc_hd__dlrbp_2'.
Generating RTLIL representation for module `\sky130_fd_sc_hd__dlrtn_1'.
Generating RTLIL representation for module `\sky130_fd_sc_hd__dlrtn_2'.
Generating RTLIL representation for module `\sky130_fd_sc_hd__dlrtn_4'.
Generating RTLIL representation for module `\sky130_fd_sc_hd__dlrtp_1'.
Generating RTLIL representation for module `\sky130_fd_sc_hd__dlrtp_2'.
Generating RTLIL representation for module `\sky130_fd_sc_hd__dlrtp_4'.
Generating RTLIL representation for module `\sky130_fd_sc_hd__dlxbn_1'.
Generating RTLIL representation for module `\sky130_fd_sc_hd__dlxbn_2'.
Generating RTLIL representation for module `\sky130_fd_sc_hd__dlxbp_1'.
Generating RTLIL representation for module `\sky130_fd_sc_hd__dlxtn_1'.
Generating RTLIL representation for module `\sky130_fd_sc_hd__dlxtn_2'.
Generating RTLIL representation for module `\sky130_fd_sc_hd__dlxtn_4'.
Generating RTLIL representation for module `\sky130_fd_sc_hd__dlxtp_1'.
Generating RTLIL representation for module `\sky130_fd_sc_hd__dlygate4sd1_1'.
Generating RTLIL representation for module `\sky130_fd_sc_hd__dlygate4sd2_1'.
Generating RTLIL representation for module `\sky130_fd_sc_hd__dlygate4sd3_1'.
Generating RTLIL representation for module `\sky130_fd_sc_hd__dlymetal6s2s_1'.
Generating RTLIL representation for module `\sky130_fd_sc_hd__dlymetal6s4s_1'.
Generating RTLIL representation for module `\sky130_fd_sc_hd__dlymetal6s6s_1'.
Generating RTLIL representation for module `\sky130_fd_sc_hd__ebufn_1'.
Generating RTLIL representation for module `\sky130_fd_sc_hd__ebufn_2'.
Generating RTLIL representation for module `\sky130_fd_sc_hd__ebufn_4'.
Generating RTLIL representation for module `\sky130_fd_sc_hd__ebufn_8'.
Generating RTLIL representation for module `\sky130_fd_sc_hd__edfxbp_1'.
Generating RTLIL representation for module `\sky130_fd_sc_hd__edfxtp_1'.
Generating RTLIL representation for module `\sky130_fd_sc_hd__einvn_0'.
Generating RTLIL representation for module `\sky130_fd_sc_hd__einvn_1'.
Generating RTLIL representation for module `\sky130_fd_sc_hd__einvn_2'.
Generating RTLIL representation for module `\sky130_fd_sc_hd__einvn_4'.
Generating RTLIL representation for module `\sky130_fd_sc_hd__einvn_8'.
Generating RTLIL representation for module `\sky130_fd_sc_hd__einvp_1'.
Generating RTLIL representation for module `\sky130_fd_sc_hd__einvp_2'.
Generating RTLIL representation for module `\sky130_fd_sc_hd__einvp_4'.
Generating RTLIL representation for module `\sky130_fd_sc_hd__einvp_8'.
Generating RTLIL representation for module `\sky130_fd_sc_hd__fa_1'.
Generating RTLIL representation for module `\sky130_fd_sc_hd__fa_2'.
Generating RTLIL representation for module `\sky130_fd_sc_hd__fa_4'.
Generating RTLIL representation for module `\sky130_fd_sc_hd__fah_1'.
Generating RTLIL representation for module `\sky130_fd_sc_hd__fahcin_1'.
Generating RTLIL representation for module `\sky130_fd_sc_hd__fahcon_1'.
Generating RTLIL representation for module `\sky130_fd_sc_hd__fill_1'.
Generating RTLIL representation for module `\sky130_fd_sc_hd__fill_2'.
Generating RTLIL representation for module `\sky130_fd_sc_hd__fill_4'.
Generating RTLIL representation for module `\sky130_fd_sc_hd__fill_8'.
Generating RTLIL representation for module `\sky130_fd_sc_hd__ha_1'.
Generating RTLIL representation for module `\sky130_fd_sc_hd__ha_2'.
Generating RTLIL representation for module `\sky130_fd_sc_hd__ha_4'.
Generating RTLIL representation for module `\sky130_fd_sc_hd__inv_1'.
Generating RTLIL representation for module `\sky130_fd_sc_hd__inv_12'.
Generating RTLIL representation for module `\sky130_fd_sc_hd__inv_16'.
Generating RTLIL representation for module `\sky130_fd_sc_hd__inv_2'.
Generating RTLIL representation for module `\sky130_fd_sc_hd__inv_4'.
Generating RTLIL representation for module `\sky130_fd_sc_hd__inv_6'.
Generating RTLIL representation for module `\sky130_fd_sc_hd__inv_8'.
Generating RTLIL representation for module `\sky130_fd_sc_hd__lpflow_bleeder_1'.
Generating RTLIL representation for module `\sky130_fd_sc_hd__lpflow_clkbufkapwr_1'.
Generating RTLIL representation for module `\sky130_fd_sc_hd__lpflow_clkbufkapwr_16'.
Generating RTLIL representation for module `\sky130_fd_sc_hd__lpflow_clkbufkapwr_2'.
Generating RTLIL representation for module `\sky130_fd_sc_hd__lpflow_clkbufkapwr_4'.
Generating RTLIL representation for module `\sky130_fd_sc_hd__lpflow_clkbufkapwr_8'.
Generating RTLIL representation for module `\sky130_fd_sc_hd__lpflow_clkinvkapwr_1'.
Generating RTLIL representation for module `\sky130_fd_sc_hd__lpflow_clkinvkapwr_16'.
Generating RTLIL representation for module `\sky130_fd_sc_hd__lpflow_clkinvkapwr_2'.
Generating RTLIL representation for module `\sky130_fd_sc_hd__lpflow_clkinvkapwr_4'.
Generating RTLIL representation for module `\sky130_fd_sc_hd__lpflow_clkinvkapwr_8'.
Generating RTLIL representation for module `\sky130_fd_sc_hd__lpflow_decapkapwr_12'.
Generating RTLIL representation for module `\sky130_fd_sc_hd__lpflow_decapkapwr_3'.
Generating RTLIL representation for module `\sky130_fd_sc_hd__lpflow_decapkapwr_4'.
Generating RTLIL representation for module `\sky130_fd_sc_hd__lpflow_decapkapwr_6'.
Generating RTLIL representation for module `\sky130_fd_sc_hd__lpflow_decapkapwr_8'.
Generating RTLIL representation for module `\sky130_fd_sc_hd__lpflow_inputiso0n_1'.
Generating RTLIL representation for module `\sky130_fd_sc_hd__lpflow_inputiso0p_1'.
Generating RTLIL representation for module `\sky130_fd_sc_hd__lpflow_inputiso1n_1'.
Generating RTLIL representation for module `\sky130_fd_sc_hd__lpflow_inputiso1p_1'.
Generating RTLIL representation for module `\sky130_fd_sc_hd__lpflow_inputisolatch_1'.
Generating RTLIL representation for module `\sky130_fd_sc_hd__lpflow_isobufsrc_1'.
Generating RTLIL representation for module `\sky130_fd_sc_hd__lpflow_isobufsrc_16'.
Generating RTLIL representation for module `\sky130_fd_sc_hd__lpflow_isobufsrc_2'.
Generating RTLIL representation for module `\sky130_fd_sc_hd__lpflow_isobufsrc_4'.
Generating RTLIL representation for module `\sky130_fd_sc_hd__lpflow_isobufsrc_8'.
Generating RTLIL representation for module `\sky130_fd_sc_hd__lpflow_isobufsrckapwr_16'.
Generating RTLIL representation for module `\sky130_fd_sc_hd__lpflow_lsbuf_lh_hl_isowell_tap_1'.
Generating RTLIL representation for module `\sky130_fd_sc_hd__lpflow_lsbuf_lh_hl_isowell_tap_2'.
Generating RTLIL representation for module `\sky130_fd_sc_hd__lpflow_lsbuf_lh_hl_isowell_tap_4'.
Generating RTLIL representation for module `\sky130_fd_sc_hd__lpflow_lsbuf_lh_isowell_4'.
Generating RTLIL representation for module `\sky130_fd_sc_hd__lpflow_lsbuf_lh_isowell_tap_1'.
Generating RTLIL representation for module `\sky130_fd_sc_hd__lpflow_lsbuf_lh_isowell_tap_2'.
Generating RTLIL representation for module `\sky130_fd_sc_hd__lpflow_lsbuf_lh_isowell_tap_4'.
Generating RTLIL representation for module `\sky130_fd_sc_hd__macro_sparecell'.
Generating RTLIL representation for module `\sky130_fd_sc_hd__maj3_1'.
Generating RTLIL representation for module `\sky130_fd_sc_hd__maj3_2'.
Generating RTLIL representation for module `\sky130_fd_sc_hd__maj3_4'.
Generating RTLIL representation for module `\sky130_fd_sc_hd__mux2_1'.
Generating RTLIL representation for module `\sky130_fd_sc_hd__mux2_2'.
Generating RTLIL representation for module `\sky130_fd_sc_hd__mux2_4'.
Generating RTLIL representation for module `\sky130_fd_sc_hd__mux2_8'.
Generating RTLIL representation for module `\sky130_fd_sc_hd__mux2i_1'.
Generating RTLIL representation for module `\sky130_fd_sc_hd__mux2i_2'.
Generating RTLIL representation for module `\sky130_fd_sc_hd__mux2i_4'.
Generating RTLIL representation for module `\sky130_fd_sc_hd__mux4_1'.
Generating RTLIL representation for module `\sky130_fd_sc_hd__mux4_2'.
Generating RTLIL representation for module `\sky130_fd_sc_hd__mux4_4'.
Generating RTLIL representation for module `\sky130_fd_sc_hd__nand2_1'.
Generating RTLIL representation for module `\sky130_fd_sc_hd__nand2_2'.
Generating RTLIL representation for module `\sky130_fd_sc_hd__nand2_4'.
Generating RTLIL representation for module `\sky130_fd_sc_hd__nand2_8'.
Generating RTLIL representation for module `\sky130_fd_sc_hd__nand2b_1'.
Generating RTLIL representation for module `\sky130_fd_sc_hd__nand2b_2'.
Generating RTLIL representation for module `\sky130_fd_sc_hd__nand2b_4'.
Generating RTLIL representation for module `\sky130_fd_sc_hd__nand3_1'.
Generating RTLIL representation for module `\sky130_fd_sc_hd__nand3_2'.
Generating RTLIL representation for module `\sky130_fd_sc_hd__nand3_4'.
Generating RTLIL representation for module `\sky130_fd_sc_hd__nand3b_1'.
Generating RTLIL representation for module `\sky130_fd_sc_hd__nand3b_2'.
Generating RTLIL representation for module `\sky130_fd_sc_hd__nand3b_4'.
Generating RTLIL representation for module `\sky130_fd_sc_hd__nand4_1'.
Generating RTLIL representation for module `\sky130_fd_sc_hd__nand4_2'.
Generating RTLIL representation for module `\sky130_fd_sc_hd__nand4_4'.
Generating RTLIL representation for module `\sky130_fd_sc_hd__nand4b_1'.
Generating RTLIL representation for module `\sky130_fd_sc_hd__nand4b_2'.
Generating RTLIL representation for module `\sky130_fd_sc_hd__nand4b_4'.
Generating RTLIL representation for module `\sky130_fd_sc_hd__nand4bb_1'.
Generating RTLIL representation for module `\sky130_fd_sc_hd__nand4bb_2'.
Generating RTLIL representation for module `\sky130_fd_sc_hd__nand4bb_4'.
Generating RTLIL representation for module `\sky130_fd_sc_hd__nor2_1'.
Generating RTLIL representation for module `\sky130_fd_sc_hd__nor2_2'.
Generating RTLIL representation for module `\sky130_fd_sc_hd__nor2_4'.
Generating RTLIL representation for module `\sky130_fd_sc_hd__nor2_8'.
Generating RTLIL representation for module `\sky130_fd_sc_hd__nor2b_1'.
Generating RTLIL representation for module `\sky130_fd_sc_hd__nor2b_2'.
Generating RTLIL representation for module `\sky130_fd_sc_hd__nor2b_4'.
Generating RTLIL representation for module `\sky130_fd_sc_hd__nor3_1'.
Generating RTLIL representation for module `\sky130_fd_sc_hd__nor3_2'.
Generating RTLIL representation for module `\sky130_fd_sc_hd__nor3_4'.
Generating RTLIL representation for module `\sky130_fd_sc_hd__nor3b_1'.
Generating RTLIL representation for module `\sky130_fd_sc_hd__nor3b_2'.
Generating RTLIL representation for module `\sky130_fd_sc_hd__nor3b_4'.
Generating RTLIL representation for module `\sky130_fd_sc_hd__nor4_1'.
Generating RTLIL representation for module `\sky130_fd_sc_hd__nor4_2'.
Generating RTLIL representation for module `\sky130_fd_sc_hd__nor4_4'.
Generating RTLIL representation for module `\sky130_fd_sc_hd__nor4b_1'.
Generating RTLIL representation for module `\sky130_fd_sc_hd__nor4b_2'.
Generating RTLIL representation for module `\sky130_fd_sc_hd__nor4b_4'.
Generating RTLIL representation for module `\sky130_fd_sc_hd__nor4bb_1'.
Generating RTLIL representation for module `\sky130_fd_sc_hd__nor4bb_2'.
Generating RTLIL representation for module `\sky130_fd_sc_hd__nor4bb_4'.
Generating RTLIL representation for module `\sky130_fd_sc_hd__o2111a_1'.
Generating RTLIL representation for module `\sky130_fd_sc_hd__o2111a_2'.
Generating RTLIL representation for module `\sky130_fd_sc_hd__o2111a_4'.
Generating RTLIL representation for module `\sky130_fd_sc_hd__o2111ai_1'.
Generating RTLIL representation for module `\sky130_fd_sc_hd__o2111ai_2'.
Generating RTLIL representation for module `\sky130_fd_sc_hd__o2111ai_4'.
Generating RTLIL representation for module `\sky130_fd_sc_hd__o211a_1'.
Generating RTLIL representation for module `\sky130_fd_sc_hd__o211a_2'.
Generating RTLIL representation for module `\sky130_fd_sc_hd__o211a_4'.
Generating RTLIL representation for module `\sky130_fd_sc_hd__o211ai_1'.
Generating RTLIL representation for module `\sky130_fd_sc_hd__o211ai_2'.
Generating RTLIL representation for module `\sky130_fd_sc_hd__o211ai_4'.
Generating RTLIL representation for module `\sky130_fd_sc_hd__o21a_1'.
Generating RTLIL representation for module `\sky130_fd_sc_hd__o21a_2'.
Generating RTLIL representation for module `\sky130_fd_sc_hd__o21a_4'.
Generating RTLIL representation for module `\sky130_fd_sc_hd__o21ai_0'.
Generating RTLIL representation for module `\sky130_fd_sc_hd__o21ai_1'.
Generating RTLIL representation for module `\sky130_fd_sc_hd__o21ai_2'.
Generating RTLIL representation for module `\sky130_fd_sc_hd__o21ai_4'.
Generating RTLIL representation for module `\sky130_fd_sc_hd__o21ba_1'.
Generating RTLIL representation for module `\sky130_fd_sc_hd__o21ba_2'.
Generating RTLIL representation for module `\sky130_fd_sc_hd__o21ba_4'.
Generating RTLIL representation for module `\sky130_fd_sc_hd__o21bai_1'.
Generating RTLIL representation for module `\sky130_fd_sc_hd__o21bai_2'.
Generating RTLIL representation for module `\sky130_fd_sc_hd__o21bai_4'.
Generating RTLIL representation for module `\sky130_fd_sc_hd__o221a_1'.
Generating RTLIL representation for module `\sky130_fd_sc_hd__o221a_2'.
Generating RTLIL representation for module `\sky130_fd_sc_hd__o221a_4'.
Generating RTLIL representation for module `\sky130_fd_sc_hd__o221ai_1'.
Generating RTLIL representation for module `\sky130_fd_sc_hd__o221ai_2'.
Generating RTLIL representation for module `\sky130_fd_sc_hd__o221ai_4'.
Generating RTLIL representation for module `\sky130_fd_sc_hd__o22a_1'.
Generating RTLIL representation for module `\sky130_fd_sc_hd__o22a_2'.
Generating RTLIL representation for module `\sky130_fd_sc_hd__o22a_4'.
Generating RTLIL representation for module `\sky130_fd_sc_hd__o22ai_1'.
Generating RTLIL representation for module `\sky130_fd_sc_hd__o22ai_2'.
Generating RTLIL representation for module `\sky130_fd_sc_hd__o22ai_4'.
Generating RTLIL representation for module `\sky130_fd_sc_hd__o2bb2a_1'.
Generating RTLIL representation for module `\sky130_fd_sc_hd__o2bb2a_2'.
Generating RTLIL representation for module `\sky130_fd_sc_hd__o2bb2a_4'.
Generating RTLIL representation for module `\sky130_fd_sc_hd__o2bb2ai_1'.
Generating RTLIL representation for module `\sky130_fd_sc_hd__o2bb2ai_2'.
Generating RTLIL representation for module `\sky130_fd_sc_hd__o2bb2ai_4'.
Generating RTLIL representation for module `\sky130_fd_sc_hd__o311a_1'.
Generating RTLIL representation for module `\sky130_fd_sc_hd__o311a_2'.
Generating RTLIL representation for module `\sky130_fd_sc_hd__o311a_4'.
Generating RTLIL representation for module `\sky130_fd_sc_hd__o311ai_0'.
Generating RTLIL representation for module `\sky130_fd_sc_hd__o311ai_1'.
Generating RTLIL representation for module `\sky130_fd_sc_hd__o311ai_2'.
Generating RTLIL representation for module `\sky130_fd_sc_hd__o311ai_4'.
Generating RTLIL representation for module `\sky130_fd_sc_hd__o31a_1'.
Generating RTLIL representation for module `\sky130_fd_sc_hd__o31a_2'.
Generating RTLIL representation for module `\sky130_fd_sc_hd__o31a_4'.
Generating RTLIL representation for module `\sky130_fd_sc_hd__o31ai_1'.
Generating RTLIL representation for module `\sky130_fd_sc_hd__o31ai_2'.
Generating RTLIL representation for module `\sky130_fd_sc_hd__o31ai_4'.
Generating RTLIL representation for module `\sky130_fd_sc_hd__o32a_1'.
Generating RTLIL representation for module `\sky130_fd_sc_hd__o32a_2'.
Generating RTLIL representation for module `\sky130_fd_sc_hd__o32a_4'.
Generating RTLIL representation for module `\sky130_fd_sc_hd__o32ai_1'.
Generating RTLIL representation for module `\sky130_fd_sc_hd__o32ai_2'.
Generating RTLIL representation for module `\sky130_fd_sc_hd__o32ai_4'.
Generating RTLIL representation for module `\sky130_fd_sc_hd__o41a_1'.
Generating RTLIL representation for module `\sky130_fd_sc_hd__o41a_2'.
Generating RTLIL representation for module `\sky130_fd_sc_hd__o41a_4'.
Generating RTLIL representation for module `\sky130_fd_sc_hd__o41ai_1'.
Generating RTLIL representation for module `\sky130_fd_sc_hd__o41ai_2'.
Generating RTLIL representation for module `\sky130_fd_sc_hd__o41ai_4'.
Generating RTLIL representation for module `\sky130_fd_sc_hd__or2_0'.
Generating RTLIL representation for module `\sky130_fd_sc_hd__or2_1'.
Generating RTLIL representation for module `\sky130_fd_sc_hd__or2_2'.
Generating RTLIL representation for module `\sky130_fd_sc_hd__or2_4'.
Generating RTLIL representation for module `\sky130_fd_sc_hd__or2b_1'.
Generating RTLIL representation for module `\sky130_fd_sc_hd__or2b_2'.
Generating RTLIL representation for module `\sky130_fd_sc_hd__or2b_4'.
Generating RTLIL representation for module `\sky130_fd_sc_hd__or3_1'.
Generating RTLIL representation for module `\sky130_fd_sc_hd__or3_2'.
Generating RTLIL representation for module `\sky130_fd_sc_hd__or3_4'.
Generating RTLIL representation for module `\sky130_fd_sc_hd__or3b_1'.
Generating RTLIL representation for module `\sky130_fd_sc_hd__or3b_2'.
Generating RTLIL representation for module `\sky130_fd_sc_hd__or3b_4'.
Generating RTLIL representation for module `\sky130_fd_sc_hd__or4_1'.
Generating RTLIL representation for module `\sky130_fd_sc_hd__or4_2'.
Generating RTLIL representation for module `\sky130_fd_sc_hd__or4_4'.
Generating RTLIL representation for module `\sky130_fd_sc_hd__or4b_1'.
Generating RTLIL representation for module `\sky130_fd_sc_hd__or4b_2'.
Generating RTLIL representation for module `\sky130_fd_sc_hd__or4b_4'.
Generating RTLIL representation for module `\sky130_fd_sc_hd__or4bb_1'.
Generating RTLIL representation for module `\sky130_fd_sc_hd__or4bb_2'.
Generating RTLIL representation for module `\sky130_fd_sc_hd__or4bb_4'.
Generating RTLIL representation for module `\sky130_fd_sc_hd__probe_p_8'.
Generating RTLIL representation for module `\sky130_fd_sc_hd__probec_p_8'.
Generating RTLIL representation for module `\sky130_fd_sc_hd__sdfbbn_1'.
Generating RTLIL representation for module `\sky130_fd_sc_hd__sdfbbn_2'.
Generating RTLIL representation for module `\sky130_fd_sc_hd__sdfbbp_1'.
Generating RTLIL representation for module `\sky130_fd_sc_hd__sdfrbp_1'.
Generating RTLIL representation for module `\sky130_fd_sc_hd__sdfrbp_2'.
Generating RTLIL representation for module `\sky130_fd_sc_hd__sdfrtn_1'.
Generating RTLIL representation for module `\sky130_fd_sc_hd__sdfrtp_1'.
Generating RTLIL representation for module `\sky130_fd_sc_hd__sdfrtp_2'.
Generating RTLIL representation for module `\sky130_fd_sc_hd__sdfrtp_4'.
Generating RTLIL representation for module `\sky130_fd_sc_hd__sdfsbp_1'.
Generating RTLIL representation for module `\sky130_fd_sc_hd__sdfsbp_2'.
Generating RTLIL representation for module `\sky130_fd_sc_hd__sdfstp_1'.
Generating RTLIL representation for module `\sky130_fd_sc_hd__sdfstp_2'.
Generating RTLIL representation for module `\sky130_fd_sc_hd__sdfstp_4'.
Generating RTLIL representation for module `\sky130_fd_sc_hd__sdfxbp_1'.
Generating RTLIL representation for module `\sky130_fd_sc_hd__sdfxbp_2'.
Generating RTLIL representation for module `\sky130_fd_sc_hd__sdfxtp_1'.
Generating RTLIL representation for module `\sky130_fd_sc_hd__sdfxtp_2'.
Generating RTLIL representation for module `\sky130_fd_sc_hd__sdfxtp_4'.
Generating RTLIL representation for module `\sky130_fd_sc_hd__sdlclkp_1'.
Generating RTLIL representation for module `\sky130_fd_sc_hd__sdlclkp_2'.
Generating RTLIL representation for module `\sky130_fd_sc_hd__sdlclkp_4'.
Generating RTLIL representation for module `\sky130_fd_sc_hd__sedfxbp_1'.
Generating RTLIL representation for module `\sky130_fd_sc_hd__sedfxbp_2'.
Generating RTLIL representation for module `\sky130_fd_sc_hd__sedfxtp_1'.
Generating RTLIL representation for module `\sky130_fd_sc_hd__sedfxtp_2'.
Generating RTLIL representation for module `\sky130_fd_sc_hd__sedfxtp_4'.
Generating RTLIL representation for module `\sky130_fd_sc_hd__tap_1'.
Generating RTLIL representation for module `\sky130_fd_sc_hd__tap_2'.
Generating RTLIL representation for module `\sky130_fd_sc_hd__tapvgnd2_1'.
Generating RTLIL representation for module `\sky130_fd_sc_hd__tapvgnd_1'.
Generating RTLIL representation for module `\sky130_fd_sc_hd__tapvpwrvgnd_1'.
Generating RTLIL representation for module `\sky130_fd_sc_hd__xnor2_1'.
Generating RTLIL representation for module `\sky130_fd_sc_hd__xnor2_2'.
Generating RTLIL representation for module `\sky130_fd_sc_hd__xnor2_4'.
Generating RTLIL representation for module `\sky130_fd_sc_hd__xnor3_1'.
Generating RTLIL representation for module `\sky130_fd_sc_hd__xnor3_2'.
Generating RTLIL representation for module `\sky130_fd_sc_hd__xnor3_4'.
Generating RTLIL representation for module `\sky130_fd_sc_hd__xor2_1'.
Generating RTLIL representation for module `\sky130_fd_sc_hd__xor2_2'.
Generating RTLIL representation for module `\sky130_fd_sc_hd__xor2_4'.
Generating RTLIL representation for module `\sky130_fd_sc_hd__xor3_1'.
Generating RTLIL representation for module `\sky130_fd_sc_hd__xor3_2'.
Generating RTLIL representation for module `\sky130_fd_sc_hd__xor3_4'.
Successfully finished Verilog frontend.

2. Executing Verilog-2005 frontend: /foss/designs/chip_top/src/chip_top.v
Parsing SystemVerilog input from `/foss/designs/chip_top/src/chip_top.v' to AST representation.
verilog frontend filename /foss/designs/chip_top/src/chip_top.v
Storing AST representation for module `$abstract\chip_top'.
Successfully finished Verilog frontend.

3. Executing Verilog-2005 frontend: /foss/designs/chip_top/src/fp16_sum_sub.v
Parsing SystemVerilog input from `/foss/designs/chip_top/src/fp16_sum_sub.v' to AST representation.
verilog frontend filename /foss/designs/chip_top/src/fp16_sum_sub.v
Storing AST representation for module `$abstract\fp16_sum_sub'.
Successfully finished Verilog frontend.

4. Executing Verilog-2005 frontend: /foss/designs/chip_top/src/fpmul.v
Parsing SystemVerilog input from `/foss/designs/chip_top/src/fpmul.v' to AST representation.
verilog frontend filename /foss/designs/chip_top/src/fpmul.v
Storing AST representation for module `$abstract\fpmul'.
Successfully finished Verilog frontend.

5. Executing Verilog-2005 frontend: /foss/designs/chip_top/src/rounder.v
Parsing SystemVerilog input from `/foss/designs/chip_top/src/rounder.v' to AST representation.
verilog frontend filename /foss/designs/chip_top/src/rounder.v
Storing AST representation for module `$abstract\rounder'.
Successfully finished Verilog frontend.

6. Executing Verilog-2005 frontend: /foss/designs/chip_top/src/myreg.v
Parsing SystemVerilog input from `/foss/designs/chip_top/src/myreg.v' to AST representation.
verilog frontend filename /foss/designs/chip_top/src/myreg.v
Storing AST representation for module `$abstract\myreg'.
Successfully finished Verilog frontend.

7. Executing Verilog-2005 frontend: /foss/designs/chip_top/src/fractional_divider.v
Parsing SystemVerilog input from `/foss/designs/chip_top/src/fractional_divider.v' to AST representation.
verilog frontend filename /foss/designs/chip_top/src/fractional_divider.v
Storing AST representation for module `$abstract\fractional_divider'.
Successfully finished Verilog frontend.

8. Executing HIERARCHY pass (managing design hierarchy).

9. Executing AST frontend in derive mode using pre-parsed AST for module `\chip_top'.
Generating RTLIL representation for module `\chip_top'.

9.1. Analyzing design hierarchy..
Top module:  \chip_top
Parameter \N = 8

9.2. Executing AST frontend in derive mode using pre-parsed AST for module `\fractional_divider'.
Parameter \N = 8
Generating RTLIL representation for module `$paramod\fractional_divider\N=s32'00000000000000000000000000001000'.
Note: Assuming pure combinatorial block at /foss/designs/chip_top/src/fractional_divider.v:110.5-170.8 in
compliance with IEC 62142(E):2005 / IEEE Std. 1364.1(E):2002. Recommending
use of @* instead of @(...) for better match of synthesis and simulation.

9.3. Executing AST frontend in derive mode using pre-parsed AST for module `\fpmul'.
Generating RTLIL representation for module `\fpmul'.

9.4. Executing AST frontend in derive mode using pre-parsed AST for module `\fp16_sum_sub'.
Generating RTLIL representation for module `\fp16_sum_sub'.

9.5. Analyzing design hierarchy..
Top module:  \chip_top
Used module:     $paramod\fractional_divider\N=s32'00000000000000000000000000001000
Used module:     \fpmul
Used module:     \fp16_sum_sub
Parameter \N = 1

9.6. Executing AST frontend in derive mode using pre-parsed AST for module `\myreg'.
Parameter \N = 1
Generating RTLIL representation for module `$paramod\myreg\N=s32'00000000000000000000000000000001'.

9.7. Executing AST frontend in derive mode using pre-parsed AST for module `\rounder'.
Generating RTLIL representation for module `\rounder'.

9.8. Analyzing design hierarchy..
Top module:  \chip_top
Used module:     $paramod\fractional_divider\N=s32'00000000000000000000000000001000
Used module:     \fpmul
Used module:         $paramod\myreg\N=s32'00000000000000000000000000000001
Used module:         \rounder
Used module:     \fp16_sum_sub

9.9. Analyzing design hierarchy..
Top module:  \chip_top
Used module:     $paramod\fractional_divider\N=s32'00000000000000000000000000001000
Used module:     \fpmul
Used module:         $paramod\myreg\N=s32'00000000000000000000000000000001
Used module:         \rounder
Used module:     \fp16_sum_sub
Removing unused module `$abstract\fractional_divider'.
Removing unused module `$abstract\myreg'.
Removing unused module `$abstract\rounder'.
Removing unused module `$abstract\fpmul'.
Removing unused module `$abstract\fp16_sum_sub'.
Removing unused module `$abstract\chip_top'.
Removed 6 unused modules.
Renaming module chip_top to chip_top.

10. Executing PROC pass (convert processes to netlists).

10.1. Executing PROC_CLEAN pass (remove empty switches from decision trees).
Cleaned up 0 empty switches.

10.2. Executing PROC_RMDEAD pass (remove dead branches from decision trees).
Marked 6 switch rules as full_case in process $proc$/foss/designs/chip_top/src/chip_top.v:162$20 in module chip_top.
Marked 1 switch rules as full_case in process $proc$/foss/designs/chip_top/src/chip_top.v:72$1 in module chip_top.
Marked 1 switch rules as full_case in process $proc$/foss/designs/chip_top/src/myreg.v:12$128 in module $paramod\myreg\N=s32'00000000000000000000000000000001.
Removed 1 dead cases from process $proc$/foss/designs/chip_top/src/fp16_sum_sub.v:81$73 in module fp16_sum_sub.
Marked 26 switch rules as full_case in process $proc$/foss/designs/chip_top/src/fp16_sum_sub.v:81$73 in module fp16_sum_sub.
Marked 2 switch rules as full_case in process $proc$/foss/designs/chip_top/src/fractional_divider.v:173$49 in module $paramod\fractional_divider\N=s32'00000000000000000000000000001000.
Removed 1 dead cases from process $proc$/foss/designs/chip_top/src/fractional_divider.v:110$46 in module $paramod\fractional_divider\N=s32'00000000000000000000000000001000.
Marked 3 switch rules as full_case in process $proc$/foss/designs/chip_top/src/fractional_divider.v:110$46 in module $paramod\fractional_divider\N=s32'00000000000000000000000000001000.
Removed 1 dead cases from process $proc$/foss/designs/chip_top/src/fractional_divider.v:81$43 in module $paramod\fractional_divider\N=s32'00000000000000000000000000001000.
Marked 4 switch rules as full_case in process $proc$/foss/designs/chip_top/src/fractional_divider.v:81$43 in module $paramod\fractional_divider\N=s32'00000000000000000000000000001000.
Marked 2 switch rules as full_case in process $proc$/foss/designs/chip_top/src/fractional_divider.v:43$32 in module $paramod\fractional_divider\N=s32'00000000000000000000000000001000.
Removed 1 dead cases from process $proc$/foss/designs/chip_top/src/rounder.v:24$131 in module rounder.
Marked 2 switch rules as full_case in process $proc$/foss/designs/chip_top/src/rounder.v:24$131 in module rounder.
Removed a total of 4 dead cases.

10.3. Executing PROC_PRUNE pass (remove redundant assignments in processes).
Removed 20 redundant assignments.
Promoted 5 assignments to connections.

10.4. Executing PROC_INIT pass (extract init attributes).

10.5. Executing PROC_ARST pass (detect async resets in processes).
Found async reset \rst in `\chip_top.$proc$/foss/designs/chip_top/src/chip_top.v:162$20'.
Found async reset \rst in `\chip_top.$proc$/foss/designs/chip_top/src/chip_top.v:72$1'.
Found async reset \rst in `$paramod\myreg\N=s32'00000000000000000000000000000001.$proc$/foss/designs/chip_top/src/myreg.v:12$128'.
Found async reset \rst in `\fp16_sum_sub.$proc$/foss/designs/chip_top/src/fp16_sum_sub.v:81$73'.
Found async reset \rst in `$paramod\fractional_divider\N=s32'00000000000000000000000000001000.$proc$/foss/designs/chip_top/src/fractional_divider.v:173$49'.
Found async reset \rst in `$paramod\fractional_divider\N=s32'00000000000000000000000000001000.$proc$/foss/designs/chip_top/src/fractional_divider.v:81$43'.
Found async reset \rst in `$paramod\fractional_divider\N=s32'00000000000000000000000000001000.$proc$/foss/designs/chip_top/src/fractional_divider.v:43$32'.

10.6. Executing PROC_ROM pass (convert switches to ROMs).
Converted 0 switches.
<suppressed ~56 debug messages>

10.7. Executing PROC_MUX pass (convert decision trees to multiplexers).
Creating decoders for process `\chip_top.$proc$/foss/designs/chip_top/src/chip_top.v:162$20'.
     1/12: $0\div_start[0:0]
     2/12: $0\mpy_en[0:0]
     3/12: $0\ss_start[0:0]
     4/12: $0\op_reg[3:0]
     5/12: $0\bit_count[4:0]
     6/12: $0\shift_out[15:0]
     7/12: $0\shift_in[15:0]
     8/12: $0\operand_reg[15:0]
     9/12: $0\cmd_reg[15:0]
    10/12: $0\acc_reg[15:0]
    11/12: $0\state[2:0]
    12/12: $0\miso[0:0]
Creating decoders for process `\chip_top.$proc$/foss/designs/chip_top/src/chip_top.v:72$1'.
     1/6: $0\mosi_s1[0:0]
     2/6: $0\mosi_s0[0:0]
     3/6: $0\ss_s1[0:0]
     4/6: $0\ss_s0[0:0]
     5/6: $0\sclk_s1[0:0]
     6/6: $0\sclk_s0[0:0]
Creating decoders for process `$paramod\myreg\N=s32'00000000000000000000000000000001.$proc$/foss/designs/chip_top/src/myreg.v:12$128'.
     1/1: $0\q[0:0]
Creating decoders for process `\fp16_sum_sub.$proc$/foss/designs/chip_top/src/fp16_sum_sub.v:81$73'.
     1/70: $19\norm.uf_f[0:0]
     2/70: $20\norm.e[7:0]
     3/70: $18\norm.uf_f[0:0]
     4/70: $17\norm.uf_f[0:0]
     5/70: $19\norm.e[7:0]
     6/70: $12\norm.m[8:0]
     7/70: $18\norm.e[7:0]
     8/70: $16\norm.uf_f[0:0]
     9/70: $15\norm.uf_f[0:0]
    10/70: $17\norm.e[7:0]
    11/70: $11\norm.m[8:0]
    12/70: $16\norm.e[7:0]
    13/70: $14\norm.uf_f[0:0]
    14/70: $13\norm.uf_f[0:0]
    15/70: $15\norm.e[7:0]
    16/70: $10\norm.m[8:0]
    17/70: $14\norm.e[7:0]
    18/70: $12\norm.uf_f[0:0]
    19/70: $11\norm.uf_f[0:0]
    20/70: $13\norm.e[7:0]
    21/70: $9\norm.m[8:0]
    22/70: $12\norm.e[7:0]
    23/70: $10\norm.uf_f[0:0]
    24/70: $9\norm.uf_f[0:0]
    25/70: $11\norm.e[7:0]
    26/70: $8\norm.m[8:0]
    27/70: $10\norm.e[7:0]
    28/70: $8\norm.uf_f[0:0]
    29/70: $7\norm.uf_f[0:0]
    30/70: $9\norm.e[7:0]
    31/70: $7\norm.m[8:0]
    32/70: $8\norm.e[7:0]
    33/70: $6\norm.uf_f[0:0]
    34/70: $5\norm.uf_f[0:0]
    35/70: $7\norm.e[7:0]
    36/70: $6\norm.m[8:0]
    37/70: $4\norm.uf_f[0:0]
    38/70: $6\norm.e[7:0]
    39/70: $5\norm.m[8:0]
    40/70: $5\norm.e[7:0]
    41/70: $5\norm.of_f[0:0]
    42/70: $4\norm.of_f[0:0]
    43/70: $4\norm.e[7:0]
    44/70: $4\norm.m[8:0]
    45/70: $3\norm.uf_f[0:0]
    46/70: $3\norm.of_f[0:0]
    47/70: $3\norm.e[7:0]
    48/70: $3\norm.m[8:0]
    49/70: $2\norm.uf_f[0:0]
    50/70: $2\norm.of_f[0:0]
    51/70: $2\norm.e[7:0]
    52/70: $2\norm.m[8:0]
    53/70: $1\norm.uf_f[0:0]
    54/70: $1\norm.of_f[0:0]
    55/70: $1\norm.e[7:0]
    56/70: $1\norm.m[8:0]
    57/70: $0\underflow[0:0]
    58/70: $0\overflow[0:0]
    59/70: $0\done[0:0]
    60/70: $0\cm_exp[7:0]
    61/70: $0\cm_sign[0:0]
    62/70: $0\cm_mant[8:0]
    63/70: $0\al_b_larger[0:0]
    64/70: $0\al_sb_eff[0:0]
    65/70: $0\al_sa[0:0]
    66/70: $0\al_mb[7:0]
    67/70: $0\al_ma[7:0]
    68/70: $0\al_exp[7:0]
    69/70: $0\result[15:0]
    70/70: $0\state[1:0]
Creating decoders for process `$paramod\fractional_divider\N=s32'00000000000000000000000000001000.$proc$/foss/designs/chip_top/src/fractional_divider.v:173$49'.
     1/1: $0\counter[3:0]
Creating decoders for process `$paramod\fractional_divider\N=s32'00000000000000000000000000001000.$proc$/foss/designs/chip_top/src/fractional_divider.v:110$46'.
     1/7: $0\sel_rx[0:0]
     2/7: $0\en_r[0:0]
     3/7: $0\en_y[0:0]
     4/7: $0\en_counter[0:0]
     5/7: $0\en_shift[0:0]
     6/7: $0\clr_shift[0:0]
     7/7: $0\clr_counter[0:0]
Creating decoders for process `$paramod\fractional_divider\N=s32'00000000000000000000000000001000.$proc$/foss/designs/chip_top/src/fractional_divider.v:81$43'.
     1/1: $0\state[0:0]
Creating decoders for process `$paramod\fractional_divider\N=s32'00000000000000000000000000001000.$proc$/foss/designs/chip_top/src/fractional_divider.v:43$32'.
     1/3: $0\quotient_shift_reg[7:0]
     2/3: $0\remainder_reg[8:0]
     3/3: $0\divisor_reg[8:0]
Creating decoders for process `\rounder.$proc$/foss/designs/chip_top/src/rounder.v:24$131'.
     1/2: $2\mant_rounded[8:0]
     2/2: $1\mant_rounded[8:0]

10.8. Executing PROC_DLATCH pass (convert process syncs to latches).
No latch inferred for signal `$paramod\fractional_divider\N=s32'00000000000000000000000000001000.\en_shift' from process `$paramod\fractional_divider\N=s32'00000000000000000000000000001000.$proc$/foss/designs/chip_top/src/fractional_divider.v:110$46'.
No latch inferred for signal `$paramod\fractional_divider\N=s32'00000000000000000000000000001000.\clr_shift' from process `$paramod\fractional_divider\N=s32'00000000000000000000000000001000.$proc$/foss/designs/chip_top/src/fractional_divider.v:110$46'.
No latch inferred for signal `$paramod\fractional_divider\N=s32'00000000000000000000000000001000.\en_r' from process `$paramod\fractional_divider\N=s32'00000000000000000000000000001000.$proc$/foss/designs/chip_top/src/fractional_divider.v:110$46'.
No latch inferred for signal `$paramod\fractional_divider\N=s32'00000000000000000000000000001000.\en_y' from process `$paramod\fractional_divider\N=s32'00000000000000000000000000001000.$proc$/foss/designs/chip_top/src/fractional_divider.v:110$46'.
No latch inferred for signal `$paramod\fractional_divider\N=s32'00000000000000000000000000001000.\sel_rx' from process `$paramod\fractional_divider\N=s32'00000000000000000000000000001000.$proc$/foss/designs/chip_top/src/fractional_divider.v:110$46'.
No latch inferred for signal `$paramod\fractional_divider\N=s32'00000000000000000000000000001000.\clr_counter' from process `$paramod\fractional_divider\N=s32'00000000000000000000000000001000.$proc$/foss/designs/chip_top/src/fractional_divider.v:110$46'.
No latch inferred for signal `$paramod\fractional_divider\N=s32'00000000000000000000000000001000.\en_counter' from process `$paramod\fractional_divider\N=s32'00000000000000000000000000001000.$proc$/foss/designs/chip_top/src/fractional_divider.v:110$46'.
No latch inferred for signal `\rounder.\mant_rounded' from process `\rounder.$proc$/foss/designs/chip_top/src/rounder.v:24$131'.

10.9. Executing PROC_DFF pass (convert process syncs to FFs).
Creating register for signal `\chip_top.\miso' using process `\chip_top.$proc$/foss/designs/chip_top/src/chip_top.v:162$20'.
  created $adff cell `$procdff$1049' with positive edge clock and positive level reset.
Creating register for signal `\chip_top.\state' using process `\chip_top.$proc$/foss/designs/chip_top/src/chip_top.v:162$20'.
  created $adff cell `$procdff$1052' with positive edge clock and positive level reset.
Creating register for signal `\chip_top.\acc_reg' using process `\chip_top.$proc$/foss/designs/chip_top/src/chip_top.v:162$20'.
  created $adff cell `$procdff$1055' with positive edge clock and positive level reset.
Creating register for signal `\chip_top.\cmd_reg' using process `\chip_top.$proc$/foss/designs/chip_top/src/chip_top.v:162$20'.
  created $adff cell `$procdff$1058' with positive edge clock and positive level reset.
Creating register for signal `\chip_top.\operand_reg' using process `\chip_top.$proc$/foss/designs/chip_top/src/chip_top.v:162$20'.
  created $adff cell `$procdff$1061' with positive edge clock and positive level reset.
Creating register for signal `\chip_top.\shift_in' using process `\chip_top.$proc$/foss/designs/chip_top/src/chip_top.v:162$20'.
  created $adff cell `$procdff$1064' with positive edge clock and positive level reset.
Creating register for signal `\chip_top.\shift_out' using process `\chip_top.$proc$/foss/designs/chip_top/src/chip_top.v:162$20'.
  created $adff cell `$procdff$1067' with positive edge clock and positive level reset.
Creating register for signal `\chip_top.\bit_count' using process `\chip_top.$proc$/foss/designs/chip_top/src/chip_top.v:162$20'.
  created $adff cell `$procdff$1070' with positive edge clock and positive level reset.
Creating register for signal `\chip_top.\op_reg' using process `\chip_top.$proc$/foss/designs/chip_top/src/chip_top.v:162$20'.
  created $adff cell `$procdff$1073' with positive edge clock and positive level reset.
Creating register for signal `\chip_top.\ss_start' using process `\chip_top.$proc$/foss/designs/chip_top/src/chip_top.v:162$20'.
  created $adff cell `$procdff$1076' with positive edge clock and positive level reset.
Creating register for signal `\chip_top.\mpy_en' using process `\chip_top.$proc$/foss/designs/chip_top/src/chip_top.v:162$20'.
  created $adff cell `$procdff$1079' with positive edge clock and positive level reset.
Creating register for signal `\chip_top.\div_start' using process `\chip_top.$proc$/foss/designs/chip_top/src/chip_top.v:162$20'.
  created $adff cell `$procdff$1082' with positive edge clock and positive level reset.
Creating register for signal `\chip_top.\sclk_s0' using process `\chip_top.$proc$/foss/designs/chip_top/src/chip_top.v:72$1'.
  created $adff cell `$procdff$1085' with positive edge clock and positive level reset.
Creating register for signal `\chip_top.\sclk_s1' using process `\chip_top.$proc$/foss/designs/chip_top/src/chip_top.v:72$1'.
  created $adff cell `$procdff$1088' with positive edge clock and positive level reset.
Creating register for signal `\chip_top.\ss_s0' using process `\chip_top.$proc$/foss/designs/chip_top/src/chip_top.v:72$1'.
  created $adff cell `$procdff$1091' with positive edge clock and positive level reset.
Creating register for signal `\chip_top.\ss_s1' using process `\chip_top.$proc$/foss/designs/chip_top/src/chip_top.v:72$1'.
  created $adff cell `$procdff$1094' with positive edge clock and positive level reset.
Creating register for signal `\chip_top.\mosi_s0' using process `\chip_top.$proc$/foss/designs/chip_top/src/chip_top.v:72$1'.
  created $adff cell `$procdff$1097' with positive edge clock and positive level reset.
Creating register for signal `\chip_top.\mosi_s1' using process `\chip_top.$proc$/foss/designs/chip_top/src/chip_top.v:72$1'.
  created $adff cell `$procdff$1100' with positive edge clock and positive level reset.
Creating register for signal `$paramod\myreg\N=s32'00000000000000000000000000000001.\q' using process `$paramod\myreg\N=s32'00000000000000000000000000000001.$proc$/foss/designs/chip_top/src/myreg.v:12$128'.
  created $adff cell `$procdff$1103' with positive edge clock and positive level reset.
Creating register for signal `\fp16_sum_sub.\state' using process `\fp16_sum_sub.$proc$/foss/designs/chip_top/src/fp16_sum_sub.v:81$73'.
  created $adff cell `$procdff$1106' with positive edge clock and positive level reset.
Creating register for signal `\fp16_sum_sub.\result' using process `\fp16_sum_sub.$proc$/foss/designs/chip_top/src/fp16_sum_sub.v:81$73'.
  created $adff cell `$procdff$1109' with positive edge clock and positive level reset.
Creating register for signal `\fp16_sum_sub.\done' using process `\fp16_sum_sub.$proc$/foss/designs/chip_top/src/fp16_sum_sub.v:81$73'.
  created $adff cell `$procdff$1112' with positive edge clock and positive level reset.
Creating register for signal `\fp16_sum_sub.\overflow' using process `\fp16_sum_sub.$proc$/foss/designs/chip_top/src/fp16_sum_sub.v:81$73'.
  created $adff cell `$procdff$1115' with positive edge clock and positive level reset.
Creating register for signal `\fp16_sum_sub.\underflow' using process `\fp16_sum_sub.$proc$/foss/designs/chip_top/src/fp16_sum_sub.v:81$73'.
  created $adff cell `$procdff$1118' with positive edge clock and positive level reset.
Creating register for signal `\fp16_sum_sub.\al_exp' using process `\fp16_sum_sub.$proc$/foss/designs/chip_top/src/fp16_sum_sub.v:81$73'.
  created $adff cell `$procdff$1121' with positive edge clock and positive level reset.
Creating register for signal `\fp16_sum_sub.\al_ma' using process `\fp16_sum_sub.$proc$/foss/designs/chip_top/src/fp16_sum_sub.v:81$73'.
  created $adff cell `$procdff$1124' with positive edge clock and positive level reset.
Creating register for signal `\fp16_sum_sub.\al_mb' using process `\fp16_sum_sub.$proc$/foss/designs/chip_top/src/fp16_sum_sub.v:81$73'.
  created $adff cell `$procdff$1127' with positive edge clock and positive level reset.
Creating register for signal `\fp16_sum_sub.\al_sa' using process `\fp16_sum_sub.$proc$/foss/designs/chip_top/src/fp16_sum_sub.v:81$73'.
  created $adff cell `$procdff$1130' with positive edge clock and positive level reset.
Creating register for signal `\fp16_sum_sub.\al_sb_eff' using process `\fp16_sum_sub.$proc$/foss/designs/chip_top/src/fp16_sum_sub.v:81$73'.
  created $adff cell `$procdff$1133' with positive edge clock and positive level reset.
Creating register for signal `\fp16_sum_sub.\al_b_larger' using process `\fp16_sum_sub.$proc$/foss/designs/chip_top/src/fp16_sum_sub.v:81$73'.
  created $adff cell `$procdff$1136' with positive edge clock and positive level reset.
Creating register for signal `\fp16_sum_sub.\cm_mant' using process `\fp16_sum_sub.$proc$/foss/designs/chip_top/src/fp16_sum_sub.v:81$73'.
  created $adff cell `$procdff$1139' with positive edge clock and positive level reset.
Creating register for signal `\fp16_sum_sub.\cm_sign' using process `\fp16_sum_sub.$proc$/foss/designs/chip_top/src/fp16_sum_sub.v:81$73'.
  created $adff cell `$procdff$1142' with positive edge clock and positive level reset.
Creating register for signal `\fp16_sum_sub.\cm_exp' using process `\fp16_sum_sub.$proc$/foss/designs/chip_top/src/fp16_sum_sub.v:81$73'.
  created $adff cell `$procdff$1145' with positive edge clock and positive level reset.
Creating register for signal `\fp16_sum_sub.\norm.m' using process `\fp16_sum_sub.$proc$/foss/designs/chip_top/src/fp16_sum_sub.v:81$73'.
  created $dff cell `$procdff$1150' with positive edge clock.
Creating register for signal `\fp16_sum_sub.\norm.e' using process `\fp16_sum_sub.$proc$/foss/designs/chip_top/src/fp16_sum_sub.v:81$73'.
  created $dff cell `$procdff$1155' with positive edge clock.
Creating register for signal `\fp16_sum_sub.\norm.of_f' using process `\fp16_sum_sub.$proc$/foss/designs/chip_top/src/fp16_sum_sub.v:81$73'.
  created $dff cell `$procdff$1160' with positive edge clock.
Creating register for signal `\fp16_sum_sub.\norm.uf_f' using process `\fp16_sum_sub.$proc$/foss/designs/chip_top/src/fp16_sum_sub.v:81$73'.
  created $dff cell `$procdff$1165' with positive edge clock.
Creating register for signal `$paramod\fractional_divider\N=s32'00000000000000000000000000001000.\counter' using process `$paramod\fractional_divider\N=s32'00000000000000000000000000001000.$proc$/foss/designs/chip_top/src/fractional_divider.v:173$49'.
  created $adff cell `$procdff$1168' with positive edge clock and positive level reset.
Creating register for signal `$paramod\fractional_divider\N=s32'00000000000000000000000000001000.\state' using process `$paramod\fractional_divider\N=s32'00000000000000000000000000001000.$proc$/foss/designs/chip_top/src/fractional_divider.v:81$43'.
  created $adff cell `$procdff$1171' with positive edge clock and positive level reset.
Creating register for signal `$paramod\fractional_divider\N=s32'00000000000000000000000000001000.\divisor_reg' using process `$paramod\fractional_divider\N=s32'00000000000000000000000000001000.$proc$/foss/designs/chip_top/src/fractional_divider.v:43$32'.
  created $adff cell `$procdff$1174' with positive edge clock and positive level reset.
Creating register for signal `$paramod\fractional_divider\N=s32'00000000000000000000000000001000.\remainder_reg' using process `$paramod\fractional_divider\N=s32'00000000000000000000000000001000.$proc$/foss/designs/chip_top/src/fractional_divider.v:43$32'.
  created $adff cell `$procdff$1177' with positive edge clock and positive level reset.
Creating register for signal `$paramod\fractional_divider\N=s32'00000000000000000000000000001000.\quotient_shift_reg' using process `$paramod\fractional_divider\N=s32'00000000000000000000000000001000.$proc$/foss/designs/chip_top/src/fractional_divider.v:43$32'.
  created $adff cell `$procdff$1180' with positive edge clock and positive level reset.

10.10. Executing PROC_MEMWR pass (convert process memory writes to cells).

10.11. Executing PROC_CLEAN pass (remove empty switches from decision trees).
Found and cleaned up 15 empty switches in `\chip_top.$proc$/foss/designs/chip_top/src/chip_top.v:162$20'.
Removing empty process `chip_top.$proc$/foss/designs/chip_top/src/chip_top.v:162$20'.
Removing empty process `chip_top.$proc$/foss/designs/chip_top/src/chip_top.v:72$1'.
Found and cleaned up 1 empty switch in `$paramod\myreg\N=s32'00000000000000000000000000000001.$proc$/foss/designs/chip_top/src/myreg.v:12$128'.
Removing empty process `$paramod\myreg\N=s32'00000000000000000000000000000001.$proc$/foss/designs/chip_top/src/myreg.v:12$128'.
Found and cleaned up 26 empty switches in `\fp16_sum_sub.$proc$/foss/designs/chip_top/src/fp16_sum_sub.v:81$73'.
Removing empty process `fp16_sum_sub.$proc$/foss/designs/chip_top/src/fp16_sum_sub.v:81$73'.
Found and cleaned up 2 empty switches in `$paramod\fractional_divider\N=s32'00000000000000000000000000001000.$proc$/foss/designs/chip_top/src/fractional_divider.v:173$49'.
Removing empty process `$paramod\fractional_divider\N=s32'00000000000000000000000000001000.$proc$/foss/designs/chip_top/src/fractional_divider.v:173$49'.
Found and cleaned up 3 empty switches in `$paramod\fractional_divider\N=s32'00000000000000000000000000001000.$proc$/foss/designs/chip_top/src/fractional_divider.v:110$46'.
Removing empty process `$paramod\fractional_divider\N=s32'00000000000000000000000000001000.$proc$/foss/designs/chip_top/src/fractional_divider.v:110$46'.
Found and cleaned up 3 empty switches in `$paramod\fractional_divider\N=s32'00000000000000000000000000001000.$proc$/foss/designs/chip_top/src/fractional_divider.v:81$43'.
Removing empty process `$paramod\fractional_divider\N=s32'00000000000000000000000000001000.$proc$/foss/designs/chip_top/src/fractional_divider.v:81$43'.
Found and cleaned up 4 empty switches in `$paramod\fractional_divider\N=s32'00000000000000000000000000001000.$proc$/foss/designs/chip_top/src/fractional_divider.v:43$32'.
Removing empty process `$paramod\fractional_divider\N=s32'00000000000000000000000000001000.$proc$/foss/designs/chip_top/src/fractional_divider.v:43$32'.
Found and cleaned up 2 empty switches in `\rounder.$proc$/foss/designs/chip_top/src/rounder.v:24$131'.
Removing empty process `rounder.$proc$/foss/designs/chip_top/src/rounder.v:24$131'.
Cleaned up 56 empty switches.

10.12. Executing OPT_EXPR pass (perform const folding).
Optimizing module chip_top.
<suppressed ~34 debug messages>
Optimizing module $paramod\myreg\N=s32'00000000000000000000000000000001.
<suppressed ~2 debug messages>
Optimizing module fp16_sum_sub.
<suppressed ~112 debug messages>
Optimizing module fpmul.
<suppressed ~4 debug messages>
Optimizing module $paramod\fractional_divider\N=s32'00000000000000000000000000001000.
<suppressed ~39 debug messages>
Optimizing module rounder.
<suppressed ~4 debug messages>

11. Executing FLATTEN pass (flatten design).
Deleting now unused module $paramod\myreg\N=s32'00000000000000000000000000000001.
Deleting now unused module fp16_sum_sub.
Deleting now unused module fpmul.
Deleting now unused module $paramod\fractional_divider\N=s32'00000000000000000000000000001000.
Deleting now unused module rounder.
<suppressed ~5 debug messages>

12. Executing OPT_CLEAN pass (remove unused cells and wires).
Finding unused cells or wires in module \chip_top..
Removed 60 unused cells and 525 unused wires.
<suppressed ~109 debug messages>
