157. Printing statistics.

=== chip_top ===

        +----------Local Count, excluding submodules.
        |        +-Local Area, excluding submodules.
        |        | 
     1685        - wires
     1685        - wire bits
      191        - public wires
      191        - public wire bits
        6        - ports
        6        - port bits
     1680 1.77E+04 cells
        2   25.024   sky130_fd_sc_hd__a2111o_2
        9   90.086   sky130_fd_sc_hd__a211o_2
        3   37.536   sky130_fd_sc_hd__a211oi_2
       12  120.115   sky130_fd_sc_hd__a21bo_2
        1   11.261   sky130_fd_sc_hd__a21boi_2
       49  429.162   sky130_fd_sc_hd__a21o_2
       50   437.92   sky130_fd_sc_hd__a21oi_2
       36  405.389   sky130_fd_sc_hd__a221o_2
        1   15.014   sky130_fd_sc_hd__a221oi_2
       46  460.442   sky130_fd_sc_hd__a22o_2
        6   75.072   sky130_fd_sc_hd__a22oi_2
       10  112.608   sky130_fd_sc_hd__a2bb2o_2
       37  324.061   sky130_fd_sc_hd__a31o_2
        5    62.56   sky130_fd_sc_hd__a31oi_2
       11  123.869   sky130_fd_sc_hd__a32o_2
        1   11.261   sky130_fd_sc_hd__a41o_2
        1   16.266   sky130_fd_sc_hd__a41oi_2
       57   427.91   sky130_fd_sc_hd__and2_2
       51  446.678   sky130_fd_sc_hd__and2b_2
       51  382.867   sky130_fd_sc_hd__and3_2
        7   70.067   sky130_fd_sc_hd__and3b_2
       18  180.173   sky130_fd_sc_hd__and4_2
        3   33.782   sky130_fd_sc_hd__and4b_2
        5    62.56   sky130_fd_sc_hd__and4bb_2
      181 4.76E+03   sky130_fd_sc_hd__dfrtp_2
        4  105.101   sky130_fd_sc_hd__dfstp_2
      246  923.386   sky130_fd_sc_hd__inv_2
      107  1.2E+03   sky130_fd_sc_hd__mux2_1
        1   22.522   sky130_fd_sc_hd__mux4_2
       85   531.76   sky130_fd_sc_hd__nand2_2
       27  236.477   sky130_fd_sc_hd__nand2b_2
        5   50.048   sky130_fd_sc_hd__nand3_2
        2   22.522   sky130_fd_sc_hd__nand3b_2
        4   50.048   sky130_fd_sc_hd__nand4_2
      105   656.88   sky130_fd_sc_hd__nor2_2
        9   90.086   sky130_fd_sc_hd__nor3_2
        3   37.536   sky130_fd_sc_hd__nor3b_2
        2   25.024   sky130_fd_sc_hd__nor4_2
        3   45.043   sky130_fd_sc_hd__nor4b_2
        2   25.024   sky130_fd_sc_hd__o2111a_2
        1   15.014   sky130_fd_sc_hd__o2111ai_2
       18  180.173   sky130_fd_sc_hd__o211a_2
        2   25.024   sky130_fd_sc_hd__o211ai_2
       44   385.37   sky130_fd_sc_hd__o21a_2
       27  236.477   sky130_fd_sc_hd__o21ai_2
       11  110.106   sky130_fd_sc_hd__o21ba_2
        5   56.304   sky130_fd_sc_hd__o21bai_2
        9  101.347   sky130_fd_sc_hd__o221a_2
       26   260.25   sky130_fd_sc_hd__o22a_2
        3   37.536   sky130_fd_sc_hd__o22ai_2
        7   78.826   sky130_fd_sc_hd__o2bb2a_2
        4   45.043   sky130_fd_sc_hd__o311a_2
        1   16.266   sky130_fd_sc_hd__o311ai_2
       11  110.106   sky130_fd_sc_hd__o31a_2
        4   50.048   sky130_fd_sc_hd__o31ai_2
        1   11.261   sky130_fd_sc_hd__o32a_2
        1   16.266   sky130_fd_sc_hd__o32ai_2
        1   12.512   sky130_fd_sc_hd__o41a_2
       58  362.848   sky130_fd_sc_hd__or2_2
       23  172.666   sky130_fd_sc_hd__or3_2
       16  140.134   sky130_fd_sc_hd__or3b_2
       27  236.477   sky130_fd_sc_hd__or4_2
        9   90.086   sky130_fd_sc_hd__or4b_2
        1   12.512   sky130_fd_sc_hd__or4bb_2
       76 1.24E+03   sky130_fd_sc_hd__xnor2_2
       36  585.562   sky130_fd_sc_hd__xor2_2

   Chip area for module '\chip_top': 17728.252800
     of which used for sequential elements: 4860.912000 (27.42%)

