Reading OpenROAD database at '/foss/designs/chip_top/runs/RUN_2026-06-06_06-39-23/24-openroad-ioplacement/chip_top.odb'…
Reading library file at '/foss/pdks/ciel/sky130/versions/d400e26845538beaeb7cc5fdb9bfc06c30ea27cb/sky130A/libs.ref/sky130_fd_sc_hd/lib/sky130_fd_sc_hd__tt_025C_1v80.lib'…
Reading design constraints file at '/foss/designs/chip_top/constraints.sdc'…
[WARNING STA-0441] set_input_delay relative to a clock defined on the same port/pin not allowed.
[INFO] No information on clock propagation in input SDC file-- propagating all clocks.
[INFO] Setting RC values…
[INFO] Setting signal min routing layer to: met1 and clock min routing layer to met1. 
[INFO] Setting signal max routing layer to: met5 and clock max routing layer to met5. 
+ global_placement -density 0.65 -timing_driven -routability_driven -pad_right 0 -pad_left 0 -init_wirelength_coef 0.25
[INFO GPL-0002] DBU: 1000
[INFO GPL-0003] SiteSize: (  0.460  2.720 ) um
[INFO GPL-0004] CoreBBox: (  5.520 10.880 ) ( 177.100 182.240 ) um
[INFO GPL-0006] NumInstances:              2228
[INFO GPL-0007] NumPlaceInstances:         1680
[INFO GPL-0008] NumFixedInstances:          548
[INFO GPL-0009] NumDummyInstances:            0
[INFO GPL-0010] NumNets:                   1685
[INFO GPL-0011] NumPins:                   6145
[INFO GPL-0012] DieBBox:  (  0.000  0.000 ) ( 182.930 193.650 ) um
[INFO GPL-0013] CoreBBox: (  5.520 10.880 ) ( 177.100 182.240 ) um
[INFO GPL-0016] CoreArea:             29401.949 um^2
[INFO GPL-0017] NonPlaceInstsArea:     1000.960 um^2
[INFO GPL-0018] PlaceInstsArea:       17728.253 um^2
[INFO GPL-0019] Util:                    62.421 %
[INFO GPL-0020] StdInstsArea:         17728.253 um^2
[INFO GPL-0021] MacroInstsArea:           0.000 um^2
[InitialPlace]  Iter: 1 CG residual: 0.00005619 HPWL: 38603895
[InitialPlace]  Iter: 2 CG residual: 0.00000012 HPWL: 16401899
[InitialPlace]  Iter: 3 CG residual: 0.00000067 HPWL: 16341479
[InitialPlace]  Iter: 4 CG residual: 0.00000075 HPWL: 16392000
[InitialPlace]  Iter: 5 CG residual: 0.00000182 HPWL: 16312713
[INFO GPL-0031] FillerInit:NumGCells:      1752
[INFO GPL-0032] FillerInit:NumGNets:       1685
[INFO GPL-0033] FillerInit:NumGPins:       6145
[INFO GPL-0023] TargetDensity:            0.650
[INFO GPL-0024] AvrgPlaceInstArea:       10.553 um^2
[INFO GPL-0025] IdealBinArea:            16.235 um^2
[INFO GPL-0026] IdealBinCnt:               1811
[INFO GPL-0027] TotalBinArea:         29401.949 um^2
[INFO GPL-0028] BinCnt:        32     32
[INFO GPL-0029] BinSize: (  5.362  5.355 )
[INFO GPL-0030] NumBins: 1024
[NesterovSolve] Iter:    1 overflow: 0.983 HPWL: 4504492
[NesterovSolve] Iter:   10 overflow: 0.977 HPWL: 3662009
[NesterovSolve] Iter:   20 overflow: 0.976 HPWL: 3684373
[NesterovSolve] Iter:   30 overflow: 0.976 HPWL: 3684541
[NesterovSolve] Iter:   40 overflow: 0.976 HPWL: 3683935
[NesterovSolve] Iter:   50 overflow: 0.976 HPWL: 3684759
[NesterovSolve] Iter:   60 overflow: 0.976 HPWL: 3684871
[NesterovSolve] Iter:   70 overflow: 0.976 HPWL: 3684824
[NesterovSolve] Iter:   80 overflow: 0.976 HPWL: 3685744
[NesterovSolve] Iter:   90 overflow: 0.976 HPWL: 3688415
[NesterovSolve] Iter:  100 overflow: 0.976 HPWL: 3694475
[NesterovSolve] Iter:  110 overflow: 0.976 HPWL: 3705332
[NesterovSolve] Iter:  120 overflow: 0.974 HPWL: 3726693
[NesterovSolve] Iter:  130 overflow: 0.974 HPWL: 3770721
[NesterovSolve] Iter:  140 overflow: 0.970 HPWL: 3872596
[NesterovSolve] Iter:  150 overflow: 0.966 HPWL: 4121882
[NesterovSolve] Iter:  160 overflow: 0.956 HPWL: 4602763
[NesterovSolve] Iter:  170 overflow: 0.946 HPWL: 5362159
[NesterovSolve] Iter:  180 overflow: 0.933 HPWL: 6339130
[NesterovSolve] Iter:  190 overflow: 0.918 HPWL: 7355670
[NesterovSolve] Iter:  200 overflow: 0.895 HPWL: 8454930
[NesterovSolve] Iter:  210 overflow: 0.870 HPWL: 9752006
[NesterovSolve] Iter:  220 overflow: 0.841 HPWL: 11097896
[NesterovSolve] Iter:  230 overflow: 0.805 HPWL: 12439312
[INFO GPL-0100] Timing-driven: executing resizer for reweighting nets.
[INFO GPL-0101] Timing-driven: worst slack 9.15e-09
[INFO GPL-0103] Timing-driven: weighted 168 nets.
[NesterovSolve] Iter:  240 overflow: 0.771 HPWL: 13705249
[NesterovSolve] Iter:  250 overflow: 0.740 HPWL: 14998460
[NesterovSolve] Iter:  260 overflow: 0.695 HPWL: 16195415
[NesterovSolve] Iter:  270 overflow: 0.654 HPWL: 17344111
[INFO GPL-0100] Timing-driven: executing resizer for reweighting nets.
[INFO GPL-0101] Timing-driven: worst slack 9.08e-09
[INFO GPL-0103] Timing-driven: weighted 168 nets.
[NesterovSolve] Iter:  280 overflow: 0.602 HPWL: 18795721
[NesterovSolve] Snapshot saved at iter = 280
[NesterovSolve] Iter:  290 overflow: 0.559 HPWL: 20020583
[NesterovSolve] Iter:  300 overflow: 0.513 HPWL: 21242213
[INFO GPL-0100] Timing-driven: executing resizer for reweighting nets.
[INFO GPL-0101] Timing-driven: worst slack 9.06e-09
[INFO GPL-0103] Timing-driven: weighted 168 nets.
[NesterovSolve] Iter:  310 overflow: 0.463 HPWL: 22120824
[NesterovSolve] Iter:  320 overflow: 0.413 HPWL: 22872493
[NesterovSolve] Iter:  330 overflow: 0.367 HPWL: 23357447
[NesterovSolve] Iter:  340 overflow: 0.328 HPWL: 23902015
[NesterovSolve] Iter:  350 overflow: 0.299 HPWL: 24303372
[INFO GPL-0075] Routability numCall: 1 inflationIterCnt: 1 bloatIterCnt: 0
[INFO GPL-0036] TileBBox: (    0    0 ) ( 6900 6900 ) DBU
[INFO GPL-0038] TileCnt:      26   28
[INFO GPL-0040] NumTiles: 728
[INFO GPL-0081] TotalRouteOverflow: 0.0
[INFO GPL-0082] OverflowTileCnt: 0
[INFO GPL-0083] 0.5%RC: 0.9484100788831711
[INFO GPL-0084] 1.0%RC: 0.9233578890562057
[INFO GPL-0085] 2.0%RC: 0.8876161336898803
[INFO GPL-0086] 5.0%RC: 0.8199573223655289
[INFO GPL-0087] FinalRC: 0.935884
[INFO GPL-0077] FinalRC lower than targetRC(1.01), routability not needed.
[INFO GPL-0100] Timing-driven: executing resizer for reweighting nets.
[INFO GPL-0101] Timing-driven: worst slack 9.2e-09
[INFO GPL-0103] Timing-driven: weighted 168 nets.
[NesterovSolve] Iter:  360 overflow: 0.265 HPWL: 24597930
[NesterovSolve] Iter:  370 overflow: 0.234 HPWL: 24926968
[NesterovSolve] Iter:  380 overflow: 0.204 HPWL: 25154547
[INFO GPL-0100] Timing-driven: executing resizer for reweighting nets.
[INFO GPL-0101] Timing-driven: worst slack 9.37e-09
[INFO GPL-0103] Timing-driven: weighted 168 nets.
[NesterovSolve] Iter:  390 overflow: 0.174 HPWL: 25342409
[NesterovSolve] Iter:  400 overflow: 0.153 HPWL: 25585864
[INFO GPL-0100] Timing-driven: executing resizer for reweighting nets.
[INFO GPL-0101] Timing-driven: worst slack 9.18e-09
[INFO GPL-0103] Timing-driven: weighted 168 nets.
[NesterovSolve] Iter:  410 overflow: 0.130 HPWL: 25738046
[NesterovSolve] Iter:  420 overflow: 0.111 HPWL: 25877767
[NesterovSolve] Finished with Overflow: 0.098738
[INFO] Setting RC values…
Setting global connections for newly added cells…
[INFO] Setting global connections...
Updating metrics…
Cell type report:                       Count       Area
  Fill cell                               126     472.95
  Tap cell                                422     528.01
  Inverter                                246     923.39
  Sequential cell                         185    4860.91
  Multi-Input combinational cell         1249   11943.96
  Total                                  2228   18729.21
Writing OpenROAD database to '/foss/designs/chip_top/runs/RUN_2026-06-06_06-39-23/27-openroad-globalplacement/chip_top.odb'…
Writing netlist to '/foss/designs/chip_top/runs/RUN_2026-06-06_06-39-23/27-openroad-globalplacement/chip_top.nl.v'…
Writing powered netlist to '/foss/designs/chip_top/runs/RUN_2026-06-06_06-39-23/27-openroad-globalplacement/chip_top.pnl.v'…
Writing layout to '/foss/designs/chip_top/runs/RUN_2026-06-06_06-39-23/27-openroad-globalplacement/chip_top.def'…
Writing timing constraints to '/foss/designs/chip_top/runs/RUN_2026-06-06_06-39-23/27-openroad-globalplacement/chip_top.sdc'…
