
===========================================================================
report_checks -unconstrained
===========================================================================
======================= nom_ss_100C_1v60 Corner ===================================

Startpoint: rst (input port clocked by clk)
Endpoint: _3158_ (recovery check against rising-edge clock clk)
Path Group: asynchronous
Path Type: max

Fanout         Cap        Slew       Delay        Time   Description
---------------------------------------------------------------------------------------------
                                  0.000000    0.000000   clock clk (rise edge)
                                  0.000000    0.000000   clock network delay (propagated)
                                  4.000000    4.000000 v input external delay
     1    0.008054    0.039411    0.025468    4.025467 v rst (in)
                                                         rst (net)
                      0.039412    0.000000    4.025467 v input2/A (sky130_fd_sc_hd__clkbuf_16)
   118    0.672482    0.678182    0.654726    4.680194 v input2/X (sky130_fd_sc_hd__clkbuf_16)
                                                         net2 (net)
                      0.682411    0.044974    4.725167 v load_slew5/A (sky130_fd_sc_hd__clkbuf_16)
    68    0.387374    0.403502    0.794093    5.519260 v load_slew5/X (sky130_fd_sc_hd__clkbuf_16)
                                                         net5 (net)
                      0.409436    0.039539    5.558800 v _2973_/A (sky130_fd_sc_hd__inv_2)
     1    0.003518    0.099488    0.166280    5.725080 ^ _2973_/Y (sky130_fd_sc_hd__inv_2)
                                                         _0069_ (net)
                      0.099488    0.000041    5.725121 ^ _3158_/SET_B (sky130_fd_sc_hd__dfstp_1)
                                              5.725121   data arrival time

                                 20.000000   20.000000   clock clk (rise edge)
                                  0.000000   20.000000   clock source latency
     1    0.026284    0.194030    0.133754   20.133755 ^ clk (in)
                                                         clk (net)
                      0.194059    0.000000   20.133755 ^ clkbuf_0_clk/A (sky130_fd_sc_hd__clkbuf_16)
    16    0.118666    0.202204    0.391264   20.525019 ^ clkbuf_0_clk/X (sky130_fd_sc_hd__clkbuf_16)
                                                         clknet_0_clk (net)
                      0.202276    0.003610   20.528627 ^ clkbuf_4_3_0_clk/A (sky130_fd_sc_hd__clkbuf_8)
    11    0.057616    0.172676    0.370829   20.899458 ^ clkbuf_4_3_0_clk/X (sky130_fd_sc_hd__clkbuf_8)
                                                         clknet_4_3_0_clk (net)
                      0.172680    0.001151   20.900608 ^ _3158_/CLK (sky130_fd_sc_hd__dfstp_1)
                                 -0.500000   20.400608   clock uncertainty
                                  0.000000   20.400608   clock reconvergence pessimism
                                  0.295512   20.696121   library recovery time
                                             20.696121   data required time
---------------------------------------------------------------------------------------------
                                             20.696121   data required time
                                             -5.725121   data arrival time
---------------------------------------------------------------------------------------------
                                             14.971001   slack (MET)


Startpoint: _3071_ (rising edge-triggered flip-flop clocked by clk)
Endpoint: _3023_ (rising edge-triggered flip-flop clocked by clk)
Path Group: clk
Path Type: max

Fanout         Cap        Slew       Delay        Time   Description
---------------------------------------------------------------------------------------------
                                  0.000000    0.000000   clock clk (rise edge)
                                  0.000000    0.000000   clock source latency
     1    0.026284    0.194030    0.133754    0.133754 ^ clk (in)
                                                         clk (net)
                      0.194059    0.000000    0.133754 ^ clkbuf_0_clk/A (sky130_fd_sc_hd__clkbuf_16)
    16    0.118666    0.202204    0.391264    0.525019 ^ clkbuf_0_clk/X (sky130_fd_sc_hd__clkbuf_16)
                                                         clknet_0_clk (net)
                      0.202298    0.004038    0.529056 ^ clkbuf_4_14_0_clk/A (sky130_fd_sc_hd__clkbuf_8)
    11    0.067815    0.197639    0.389686    0.918742 ^ clkbuf_4_14_0_clk/X (sky130_fd_sc_hd__clkbuf_8)
                                                         clknet_4_14_0_clk (net)
                      0.197639    0.000840    0.919582 ^ _3071_/CLK (sky130_fd_sc_hd__dfrtp_2)
     8    0.021396    0.156624    0.967443    1.887025 v _3071_/Q (sky130_fd_sc_hd__dfrtp_2)
                                                         my_sum_sub.cm_exp[1] (net)
                      0.156624    0.000886    1.887911 v _2404_/C (sky130_fd_sc_hd__and3_1)
     5    0.016342    0.177796    0.514486    2.402397 v _2404_/X (sky130_fd_sc_hd__and3_1)
                                                         _0703_ (net)
                      0.177796    0.000558    2.402955 v _2408_/A3 (sky130_fd_sc_hd__a32o_2)
     5    0.021701    0.144483    0.608079    3.011034 v _2408_/X (sky130_fd_sc_hd__a32o_2)
                                                         _0707_ (net)
                      0.144483    0.000498    3.011532 v _2425_/B (sky130_fd_sc_hd__or3_1)
     2    0.005960    0.168815    0.869569    3.881100 v _2425_/X (sky130_fd_sc_hd__or3_1)
                                                         _0724_ (net)
                      0.168815    0.000164    3.881265 v _2429_/B (sky130_fd_sc_hd__or4b_4)
     4    0.018828    0.199879    1.140452    5.021717 v _2429_/X (sky130_fd_sc_hd__or4b_4)
                                                         _0728_ (net)
                      0.199879    0.000260    5.021977 v _2445_/A1 (sky130_fd_sc_hd__a21o_4)
     4    0.019573    0.092600    0.462339    5.484316 v _2445_/X (sky130_fd_sc_hd__a21o_4)
                                                         _0744_ (net)
                      0.092601    0.000465    5.484780 v _2449_/A (sky130_fd_sc_hd__nor4_4)
     5    0.021275    0.620534    0.718419    6.203199 ^ _2449_/Y (sky130_fd_sc_hd__nor4_4)
                                                         _0748_ (net)
                      0.620534    0.000746    6.203946 ^ _2453_/B (sky130_fd_sc_hd__xnor2_2)
     4    0.009602    0.156984    0.320313    6.524259 v _2453_/Y (sky130_fd_sc_hd__xnor2_2)
                                                         _0752_ (net)
                      0.156984    0.000189    6.524448 v _2486_/A (sky130_fd_sc_hd__or4_4)
     3    0.007396    0.166447    1.100402    7.624849 v _2486_/X (sky130_fd_sc_hd__or4_4)
                                                         _0785_ (net)
                      0.166447    0.000155    7.625005 v _2492_/A2 (sky130_fd_sc_hd__o2111a_1)
     3    0.013590    0.160548    0.541557    8.166562 v _2492_/X (sky130_fd_sc_hd__o2111a_1)
                                                         _0791_ (net)
                      0.160548    0.000351    8.166913 v _2494_/B (sky130_fd_sc_hd__xor2_2)
     4    0.019976    0.211573    0.366664    8.533577 v _2494_/X (sky130_fd_sc_hd__xor2_2)
                                                         _0793_ (net)
                      0.211573    0.000364    8.533941 v _2503_/A (sky130_fd_sc_hd__or4_4)
     7    0.029163    0.230739    1.237949    9.771891 v _2503_/X (sky130_fd_sc_hd__or4_4)
                                                         _0802_ (net)
                      0.230739    0.000671    9.772562 v _2506_/A1 (sky130_fd_sc_hd__o211ai_4)
     3    0.011030    0.265215    0.391498   10.164060 ^ _2506_/Y (sky130_fd_sc_hd__o211ai_4)
                                                         _0805_ (net)
                      0.265215    0.000273   10.164331 ^ _2519_/B1 (sky130_fd_sc_hd__o211ai_1)
     2    0.005456    0.212263    0.306691   10.471023 v _2519_/Y (sky130_fd_sc_hd__o211ai_1)
                                                         _0818_ (net)
                      0.212263    0.000144   10.471167 v _2523_/A (sky130_fd_sc_hd__or4bb_1)
     2    0.006918    0.219036    1.272565   11.743731 v _2523_/X (sky130_fd_sc_hd__or4bb_1)
                                                         _0822_ (net)
                      0.219036    0.000174   11.743906 v _2542_/D1 (sky130_fd_sc_hd__a2111o_1)
     1    0.008662    0.164222    0.686821   12.430727 v _2542_/X (sky130_fd_sc_hd__a2111o_1)
                                                         _0841_ (net)
                      0.164222    0.000196   12.430923 v _2543_/B (sky130_fd_sc_hd__xor2_2)
     4    0.012681    0.167231    0.340107   12.771029 v _2543_/X (sky130_fd_sc_hd__xor2_2)
                                                         _0842_ (net)
                      0.167231    0.000261   12.771291 v _2551_/B (sky130_fd_sc_hd__or4b_4)
     4    0.018582    0.199585    1.138390   13.909681 v _2551_/X (sky130_fd_sc_hd__or4b_4)
                                                         _0850_ (net)
                      0.199585    0.000276   13.909957 v _2568_/D_N (sky130_fd_sc_hd__nor4b_2)
     6    0.020037    0.138406    0.459902   14.369860 v _2568_/Y (sky130_fd_sc_hd__nor4b_2)
                                                         _0867_ (net)
                      0.138406    0.000250   14.370109 v _2580_/A1 (sky130_fd_sc_hd__a211oi_2)
     5    0.015769    0.544222    0.567093   14.937202 ^ _2580_/Y (sky130_fd_sc_hd__a211oi_2)
                                                         _0879_ (net)
                      0.544222    0.000435   14.937637 ^ _2581_/D_N (sky130_fd_sc_hd__or4b_4)
     7    0.025068    0.222581    1.203576   16.141212 v _2581_/X (sky130_fd_sc_hd__or4b_4)
                                                         _0880_ (net)
                      0.222581    0.000773   16.141987 v _2615_/A1 (sky130_fd_sc_hd__o211a_1)
     2    0.004337    0.085688    0.481183   16.623169 v _2615_/X (sky130_fd_sc_hd__o211a_1)
                                                         _0914_ (net)
                      0.085688    0.000107   16.623276 v _2616_/B (sky130_fd_sc_hd__or2_1)
     1    0.002502    0.093499    0.456348   17.079624 v _2616_/X (sky130_fd_sc_hd__or2_1)
                                                         _0915_ (net)
                      0.093499    0.000073   17.079697 v _2618_/B1 (sky130_fd_sc_hd__a2bb2o_1)
     3    0.009695    0.161799    0.669749   17.749445 v _2618_/X (sky130_fd_sc_hd__a2bb2o_1)
                                                         _0917_ (net)
                      0.161799    0.000167   17.749613 v _2669_/A (sky130_fd_sc_hd__or4_1)
     1    0.003179    0.180840    1.241922   18.991533 v _2669_/X (sky130_fd_sc_hd__or4_1)
                                                         _0959_ (net)
                      0.180840    0.000099   18.991634 v _2671_/D (sky130_fd_sc_hd__or4_4)
     7    0.023807    0.218259    0.989610   19.981243 v _2671_/X (sky130_fd_sc_hd__or4_4)
                                                         _0961_ (net)
                      0.218259    0.000412   19.981655 v _2673_/A2 (sky130_fd_sc_hd__a32o_1)
     1    0.005048    0.090467    0.524516   20.506172 v _2673_/X (sky130_fd_sc_hd__a32o_1)
                                                         _0282_ (net)
                      0.090467    0.000178   20.506350 v _3023_/D (sky130_fd_sc_hd__dfrtp_1)
                                             20.506350   data arrival time

                                 20.000000   20.000000   clock clk (rise edge)
                                  0.000000   20.000000   clock source latency
     1    0.026284    0.194030    0.133754   20.133755 ^ clk (in)
                                                         clk (net)
                      0.194059    0.000000   20.133755 ^ clkbuf_0_clk/A (sky130_fd_sc_hd__clkbuf_16)
    16    0.118666    0.202204    0.391264   20.525019 ^ clkbuf_0_clk/X (sky130_fd_sc_hd__clkbuf_16)
                                                         clknet_0_clk (net)
                      0.202269    0.003467   20.528486 ^ clkbuf_4_10_0_clk/A (sky130_fd_sc_hd__clkbuf_8)
    10    0.051802    0.158478    0.360187   20.888672 ^ clkbuf_4_10_0_clk/X (sky130_fd_sc_hd__clkbuf_8)
                                                         clknet_4_10_0_clk (net)
                      0.158479    0.000790   20.889463 ^ _3023_/CLK (sky130_fd_sc_hd__dfrtp_1)
                                 -0.500000   20.389463   clock uncertainty
                                  0.000000   20.389463   clock reconvergence pessimism
                                 -0.261507   20.127956   library setup time
                                             20.127956   data required time
---------------------------------------------------------------------------------------------
                                             20.127956   data required time
                                            -20.506350   data arrival time
---------------------------------------------------------------------------------------------
                                             -0.378392   slack (VIOLATED)




===========================================================================
report_checks --slack_max -0.01
============================================================================
======================= nom_ss_100C_1v60 Corner ===================================

Startpoint: _3071_ (rising edge-triggered flip-flop clocked by clk)
Endpoint: _3023_ (rising edge-triggered flip-flop clocked by clk)
Path Group: clk
Path Type: max

Fanout         Cap        Slew       Delay        Time   Description
---------------------------------------------------------------------------------------------
                                  0.000000    0.000000   clock clk (rise edge)
                                  0.000000    0.000000   clock source latency
     1    0.026284    0.194030    0.133754    0.133754 ^ clk (in)
                                                         clk (net)
                      0.194059    0.000000    0.133754 ^ clkbuf_0_clk/A (sky130_fd_sc_hd__clkbuf_16)
    16    0.118666    0.202204    0.391264    0.525019 ^ clkbuf_0_clk/X (sky130_fd_sc_hd__clkbuf_16)
                                                         clknet_0_clk (net)
                      0.202298    0.004038    0.529056 ^ clkbuf_4_14_0_clk/A (sky130_fd_sc_hd__clkbuf_8)
    11    0.067815    0.197639    0.389686    0.918742 ^ clkbuf_4_14_0_clk/X (sky130_fd_sc_hd__clkbuf_8)
                                                         clknet_4_14_0_clk (net)
                      0.197639    0.000840    0.919582 ^ _3071_/CLK (sky130_fd_sc_hd__dfrtp_2)
     8    0.021396    0.156624    0.967443    1.887025 v _3071_/Q (sky130_fd_sc_hd__dfrtp_2)
                                                         my_sum_sub.cm_exp[1] (net)
                      0.156624    0.000886    1.887911 v _2404_/C (sky130_fd_sc_hd__and3_1)
     5    0.016342    0.177796    0.514486    2.402397 v _2404_/X (sky130_fd_sc_hd__and3_1)
                                                         _0703_ (net)
                      0.177796    0.000558    2.402955 v _2408_/A3 (sky130_fd_sc_hd__a32o_2)
     5    0.021701    0.144483    0.608079    3.011034 v _2408_/X (sky130_fd_sc_hd__a32o_2)
                                                         _0707_ (net)
                      0.144483    0.000498    3.011532 v _2425_/B (sky130_fd_sc_hd__or3_1)
     2    0.005960    0.168815    0.869569    3.881100 v _2425_/X (sky130_fd_sc_hd__or3_1)
                                                         _0724_ (net)
                      0.168815    0.000164    3.881265 v _2429_/B (sky130_fd_sc_hd__or4b_4)
     4    0.018828    0.199879    1.140452    5.021717 v _2429_/X (sky130_fd_sc_hd__or4b_4)
                                                         _0728_ (net)
                      0.199879    0.000260    5.021977 v _2445_/A1 (sky130_fd_sc_hd__a21o_4)
     4    0.019573    0.092600    0.462339    5.484316 v _2445_/X (sky130_fd_sc_hd__a21o_4)
                                                         _0744_ (net)
                      0.092601    0.000465    5.484780 v _2449_/A (sky130_fd_sc_hd__nor4_4)
     5    0.021275    0.620534    0.718419    6.203199 ^ _2449_/Y (sky130_fd_sc_hd__nor4_4)
                                                         _0748_ (net)
                      0.620534    0.000746    6.203946 ^ _2453_/B (sky130_fd_sc_hd__xnor2_2)
     4    0.009602    0.156984    0.320313    6.524259 v _2453_/Y (sky130_fd_sc_hd__xnor2_2)
                                                         _0752_ (net)
                      0.156984    0.000189    6.524448 v _2486_/A (sky130_fd_sc_hd__or4_4)
     3    0.007396    0.166447    1.100402    7.624849 v _2486_/X (sky130_fd_sc_hd__or4_4)
                                                         _0785_ (net)
                      0.166447    0.000155    7.625005 v _2492_/A2 (sky130_fd_sc_hd__o2111a_1)
     3    0.013590    0.160548    0.541557    8.166562 v _2492_/X (sky130_fd_sc_hd__o2111a_1)
                                                         _0791_ (net)
                      0.160548    0.000351    8.166913 v _2494_/B (sky130_fd_sc_hd__xor2_2)
     4    0.019976    0.211573    0.366664    8.533577 v _2494_/X (sky130_fd_sc_hd__xor2_2)
                                                         _0793_ (net)
                      0.211573    0.000364    8.533941 v _2503_/A (sky130_fd_sc_hd__or4_4)
     7    0.029163    0.230739    1.237949    9.771891 v _2503_/X (sky130_fd_sc_hd__or4_4)
                                                         _0802_ (net)
                      0.230739    0.000671    9.772562 v _2506_/A1 (sky130_fd_sc_hd__o211ai_4)
     3    0.011030    0.265215    0.391498   10.164060 ^ _2506_/Y (sky130_fd_sc_hd__o211ai_4)
                                                         _0805_ (net)
                      0.265215    0.000273   10.164331 ^ _2519_/B1 (sky130_fd_sc_hd__o211ai_1)
     2    0.005456    0.212263    0.306691   10.471023 v _2519_/Y (sky130_fd_sc_hd__o211ai_1)
                                                         _0818_ (net)
                      0.212263    0.000144   10.471167 v _2523_/A (sky130_fd_sc_hd__or4bb_1)
     2    0.006918    0.219036    1.272565   11.743731 v _2523_/X (sky130_fd_sc_hd__or4bb_1)
                                                         _0822_ (net)
                      0.219036    0.000174   11.743906 v _2542_/D1 (sky130_fd_sc_hd__a2111o_1)
     1    0.008662    0.164222    0.686821   12.430727 v _2542_/X (sky130_fd_sc_hd__a2111o_1)
                                                         _0841_ (net)
                      0.164222    0.000196   12.430923 v _2543_/B (sky130_fd_sc_hd__xor2_2)
     4    0.012681    0.167231    0.340107   12.771029 v _2543_/X (sky130_fd_sc_hd__xor2_2)
                                                         _0842_ (net)
                      0.167231    0.000261   12.771291 v _2551_/B (sky130_fd_sc_hd__or4b_4)
     4    0.018582    0.199585    1.138390   13.909681 v _2551_/X (sky130_fd_sc_hd__or4b_4)
                                                         _0850_ (net)
                      0.199585    0.000276   13.909957 v _2568_/D_N (sky130_fd_sc_hd__nor4b_2)
     6    0.020037    0.138406    0.459902   14.369860 v _2568_/Y (sky130_fd_sc_hd__nor4b_2)
                                                         _0867_ (net)
                      0.138406    0.000250   14.370109 v _2580_/A1 (sky130_fd_sc_hd__a211oi_2)
     5    0.015769    0.544222    0.567093   14.937202 ^ _2580_/Y (sky130_fd_sc_hd__a211oi_2)
                                                         _0879_ (net)
                      0.544222    0.000435   14.937637 ^ _2581_/D_N (sky130_fd_sc_hd__or4b_4)
     7    0.025068    0.222581    1.203576   16.141212 v _2581_/X (sky130_fd_sc_hd__or4b_4)
                                                         _0880_ (net)
                      0.222581    0.000773   16.141987 v _2615_/A1 (sky130_fd_sc_hd__o211a_1)
     2    0.004337    0.085688    0.481183   16.623169 v _2615_/X (sky130_fd_sc_hd__o211a_1)
                                                         _0914_ (net)
                      0.085688    0.000107   16.623276 v _2616_/B (sky130_fd_sc_hd__or2_1)
     1    0.002502    0.093499    0.456348   17.079624 v _2616_/X (sky130_fd_sc_hd__or2_1)
                                                         _0915_ (net)
                      0.093499    0.000073   17.079697 v _2618_/B1 (sky130_fd_sc_hd__a2bb2o_1)
     3    0.009695    0.161799    0.669749   17.749445 v _2618_/X (sky130_fd_sc_hd__a2bb2o_1)
                                                         _0917_ (net)
                      0.161799    0.000167   17.749613 v _2669_/A (sky130_fd_sc_hd__or4_1)
     1    0.003179    0.180840    1.241922   18.991533 v _2669_/X (sky130_fd_sc_hd__or4_1)
                                                         _0959_ (net)
                      0.180840    0.000099   18.991634 v _2671_/D (sky130_fd_sc_hd__or4_4)
     7    0.023807    0.218259    0.989610   19.981243 v _2671_/X (sky130_fd_sc_hd__or4_4)
                                                         _0961_ (net)
                      0.218259    0.000412   19.981655 v _2673_/A2 (sky130_fd_sc_hd__a32o_1)
     1    0.005048    0.090467    0.524516   20.506172 v _2673_/X (sky130_fd_sc_hd__a32o_1)
                                                         _0282_ (net)
                      0.090467    0.000178   20.506350 v _3023_/D (sky130_fd_sc_hd__dfrtp_1)
                                             20.506350   data arrival time

                                 20.000000   20.000000   clock clk (rise edge)
                                  0.000000   20.000000   clock source latency
     1    0.026284    0.194030    0.133754   20.133755 ^ clk (in)
                                                         clk (net)
                      0.194059    0.000000   20.133755 ^ clkbuf_0_clk/A (sky130_fd_sc_hd__clkbuf_16)
    16    0.118666    0.202204    0.391264   20.525019 ^ clkbuf_0_clk/X (sky130_fd_sc_hd__clkbuf_16)
                                                         clknet_0_clk (net)
                      0.202269    0.003467   20.528486 ^ clkbuf_4_10_0_clk/A (sky130_fd_sc_hd__clkbuf_8)
    10    0.051802    0.158478    0.360187   20.888672 ^ clkbuf_4_10_0_clk/X (sky130_fd_sc_hd__clkbuf_8)
                                                         clknet_4_10_0_clk (net)
                      0.158479    0.000790   20.889463 ^ _3023_/CLK (sky130_fd_sc_hd__dfrtp_1)
                                 -0.500000   20.389463   clock uncertainty
                                  0.000000   20.389463   clock reconvergence pessimism
                                 -0.261507   20.127956   library setup time
                                             20.127956   data required time
---------------------------------------------------------------------------------------------
                                             20.127956   data required time
                                            -20.506350   data arrival time
---------------------------------------------------------------------------------------------
                                             -0.378392   slack (VIOLATED)




===========================================================================
 report_check_types -max_slew -max_cap -max_fanout -violators
============================================================================
======================= nom_ss_100C_1v60 Corner ===================================

max capacitance

Pin                                        Limit         Cap       Slack
------------------------------------------------------------------------
_1543_/Y                                0.065012    0.066430   -0.001418 (VIOLATED)



===========================================================================
report_parasitic_annotation -report_unannotated
============================================================================
Found 15 unannotated drivers.
 clkload0/Y
 clkload1/Y
 clkload10/Y
 clkload11/Y
 clkload12/Y
 clkload13/Y
 clkload14/Y
 clkload2/Y
 clkload3/Y
 clkload4/Y
 clkload5/Y
 clkload6/Y
 clkload7/Y
 clkload8/Y
 clkload9/Y
Found 0 partially unannotated drivers.

===========================================================================
max slew violation count 0
max fanout violation count 0
max cap violation count 1
============================================================================

===========================================================================
check_setup -verbose -unconstrained_endpoints -multiple_clock -no_clock -no_input_delay -loops -generated_clocks
===========================================================================
