Clock: clk
Sources: clk 
Generated: no
Virtual: yes
Propagated: no
Period: 20.000000

===========================================================================
report_clock_properties
============================================================================
Clock                   Period          Waveform
----------------------------------------------------
clk                  20.000000    0.000000 10.000000

===========================================================================
report_clock_latency
============================================================================
Clock clk
rise -> rise
    min     max
0.000000 0.000000 source latency
0.888271         network latency _3017_/CLK
        0.931209 network latency _3155_/CLK
---------------
0.888271 0.931209 latency
        0.042938 skew

fall -> fall
    min     max
0.000000 0.000000 source latency
0.775596         network latency _3017_/CLK
        0.806901 network latency _3155_/CLK
---------------
0.775596 0.806901 latency
        0.031305 skew



===========================================================================
report_clock_min_period
============================================================================
clk period_min = 20.38 fmax = 49.07
Clock: sclk_virt
Sources: sclk 
Generated: no
Virtual: yes
Propagated: no
Period: 1000.000000

===========================================================================
report_clock_properties
============================================================================
Clock                   Period          Waveform
----------------------------------------------------
sclk_virt           1000.000000    0.000000500.000000

===========================================================================
report_clock_latency
============================================================================
Clock sclk_virt


===========================================================================
report_clock_min_period
============================================================================
sclk_virt period_min = 0.00 fmax = inf
