
===========================================================================
 report_power
============================================================================
======================= nom_ss_100C_1v60 Corner ===================================

Group                    Internal    Switching      Leakage        Total
                            Power        Power        Power        Power (Watts)
------------------------------------------------------------------------
Sequential           3.037346e-04 5.978555e-06 3.484911e-06 3.131981e-04  48.3%
Combinational        5.764069e-05 3.738761e-05 8.713427e-06 1.037417e-04  16.0%
Clock                9.100847e-05 1.400828e-04 3.743665e-07 2.314656e-04  35.7%
Macro                0.000000e+00 0.000000e+00 0.000000e+00 0.000000e+00   0.0%
Pad                  0.000000e+00 0.000000e+00 0.000000e+00 0.000000e+00   0.0%
------------------------------------------------------------------------
Total                4.523838e-04 1.834490e-04 1.257275e-05 6.484055e-04 100.0%
                            69.8%        28.3%         1.9%

