
 /----------------------------------------------------------------------------\
 |  yosys -- Yosys Open SYnthesis Suite                                       |
 |  Copyright (C) 2012 - 2025  Claire Xenia Wolf <claire@yosyshq.com>         |
 |  Distributed under an ISC-like license, type "license" to see terms        |
 \----------------------------------------------------------------------------/
 Yosys 0.60 (git sha1 5bafeb77d, g++ 13.3.0-6ubuntu2~24.04 -fPIC -O3)

-- Running command `
  read_verilog src/myreg.v;
  read_verilog src/rounder.v;
  read_verilog src/fpmul.v;
  synth -top fpmul;
  dfflibmap -liberty /foss/pdks/ciel/sky130/versions/d400e26845538beaeb7cc5fdb9bfc06c30ea27cb/sky130A/libs.ref/sky130_fd_sc_hd/lib/sky130_fd_sc_hd__tt_025C_1v80.lib;
  abc -liberty /foss/pdks/ciel/sky130/versions/d400e26845538beaeb7cc5fdb9bfc06c30ea27cb/sky130A/libs.ref/sky130_fd_sc_hd/lib/sky130_fd_sc_hd__tt_025C_1v80.lib;
  stat;
  write_verilog synth_fpmul.v
' --

1. Executing Verilog-2005 frontend: src/myreg.v
Parsing Verilog input from `src/myreg.v' to AST representation.
verilog frontend filename src/myreg.v
Generating RTLIL representation for module `\myreg'.
Successfully finished Verilog frontend.

2. Executing Verilog-2005 frontend: src/rounder.v
Parsing Verilog input from `src/rounder.v' to AST representation.
verilog frontend filename src/rounder.v
Generating RTLIL representation for module `\rounder'.
Successfully finished Verilog frontend.

3. Executing Verilog-2005 frontend: src/fpmul.v
Parsing Verilog input from `src/fpmul.v' to AST representation.
verilog frontend filename src/fpmul.v
Generating RTLIL representation for module `\fpmul'.
Successfully finished Verilog frontend.

4. Executing SYNTH pass.

4.1. Executing HIERARCHY pass (managing design hierarchy).

4.1.1. Analyzing design hierarchy..
Top module:  \fpmul
Used module:     \myreg
Used module:     \rounder
Parameter \N = 1

4.1.2. Executing AST frontend in derive mode using pre-parsed AST for module `\myreg'.
Parameter \N = 1
Generating RTLIL representation for module `$paramod\myreg\N=s32'00000000000000000000000000000001'.

4.1.3. Analyzing design hierarchy..
Top module:  \fpmul
Used module:     $paramod\myreg\N=s32'00000000000000000000000000000001
Used module:     \rounder

4.1.4. Analyzing design hierarchy..
Top module:  \fpmul
Used module:     $paramod\myreg\N=s32'00000000000000000000000000000001
Used module:     \rounder
Removing unused module `\myreg'.
Removed 1 unused modules.

4.2. Executing PROC pass (convert processes to netlists).

4.2.1. Executing PROC_CLEAN pass (remove empty switches from decision trees).
Cleaned up 0 empty switches.

4.2.2. Executing PROC_RMDEAD pass (remove dead branches from decision trees).
Removed 1 dead cases from process $proc$src/rounder.v:24$4 in module rounder.
Marked 2 switch rules as full_case in process $proc$src/rounder.v:24$4 in module rounder.
Marked 1 switch rules as full_case in process $proc$src/myreg.v:12$24 in module $paramod\myreg\N=s32'00000000000000000000000000000001.
Removed a total of 1 dead cases.

4.2.3. Executing PROC_PRUNE pass (remove redundant assignments in processes).
Removed 0 redundant assignments.
Promoted 1 assignment to connection.

4.2.4. Executing PROC_INIT pass (extract init attributes).

4.2.5. Executing PROC_ARST pass (detect async resets in processes).
Found async reset \rst in `$paramod\myreg\N=s32'00000000000000000000000000000001.$proc$src/myreg.v:12$24'.

4.2.6. Executing PROC_ROM pass (convert switches to ROMs).
Converted 0 switches.
<suppressed ~3 debug messages>

4.2.7. Executing PROC_MUX pass (convert decision trees to multiplexers).
Creating decoders for process `\rounder.$proc$src/rounder.v:24$4'.
     1/2: $2\mant_rounded[8:0]
     2/2: $1\mant_rounded[8:0]
Creating decoders for process `$paramod\myreg\N=s32'00000000000000000000000000000001.$proc$src/myreg.v:12$24'.
     1/1: $0\q[0:0]

4.2.8. Executing PROC_DLATCH pass (convert process syncs to latches).
No latch inferred for signal `\rounder.\mant_rounded' from process `\rounder.$proc$src/rounder.v:24$4'.

4.2.9. Executing PROC_DFF pass (convert process syncs to FFs).
Creating register for signal `$paramod\myreg\N=s32'00000000000000000000000000000001.\q' using process `$paramod\myreg\N=s32'00000000000000000000000000000001.$proc$src/myreg.v:12$24'.
  created $adff cell `$procdff$43' with positive edge clock and positive level reset.

4.2.10. Executing PROC_MEMWR pass (convert process memory writes to cells).

4.2.11. Executing PROC_CLEAN pass (remove empty switches from decision trees).
Found and cleaned up 2 empty switches in `\rounder.$proc$src/rounder.v:24$4'.
Removing empty process `rounder.$proc$src/rounder.v:24$4'.
Found and cleaned up 1 empty switch in `$paramod\myreg\N=s32'00000000000000000000000000000001.$proc$src/myreg.v:12$24'.
Removing empty process `$paramod\myreg\N=s32'00000000000000000000000000000001.$proc$src/myreg.v:12$24'.
Cleaned up 3 empty switches.

4.2.12. Executing OPT_EXPR pass (perform const folding).
Optimizing module fpmul.
<suppressed ~4 debug messages>
Optimizing module rounder.
<suppressed ~4 debug messages>
Optimizing module $paramod\myreg\N=s32'00000000000000000000000000000001.
<suppressed ~2 debug messages>

4.3. Executing OPT_EXPR pass (perform const folding).
Optimizing module fpmul.
Optimizing module rounder.
Optimizing module $paramod\myreg\N=s32'00000000000000000000000000000001.

4.4. Executing OPT_CLEAN pass (remove unused cells and wires).
Finding unused cells or wires in module \fpmul..
Finding unused cells or wires in module \rounder..
Finding unused cells or wires in module $paramod\myreg\N=s32'00000000000000000000000000000001..
Removed 0 unused cells and 25 unused wires.
<suppressed ~3 debug messages>

4.5. Executing CHECK pass (checking for obvious problems).
Checking module $paramod\myreg\N=s32'00000000000000000000000000000001...
Checking module fpmul...
Checking module rounder...
Found and reported 0 problems.

4.6. Executing OPT pass (performing simple optimizations).

4.6.1. Executing OPT_EXPR pass (perform const folding).
Optimizing module $paramod\myreg\N=s32'00000000000000000000000000000001.
Optimizing module fpmul.
Optimizing module rounder.

4.6.2. Executing OPT_MERGE pass (detect identical cells).
Finding identical cells in module `$paramod\myreg\N=s32'00000000000000000000000000000001'.
Finding identical cells in module `\fpmul'.
Finding identical cells in module `\rounder'.
<suppressed ~3 debug messages>
Removed a total of 1 cells.

4.6.3. Executing OPT_MUXTREE pass (detect dead branches in mux trees).
Running muxtree optimizer on module $paramod\myreg\N=s32'00000000000000000000000000000001..
  Creating internal representation of mux trees.
  Evaluating internal representation of mux trees.
  Analyzing evaluation results.
Running muxtree optimizer on module \fpmul..
  Creating internal representation of mux trees.
  Evaluating internal representation of mux trees.
      Replacing known input bits on port B of cell $ternary$src/fpmul.v:40$19: \mult_out [15:5] -> { 1'1 \mult_out [14:5] }
  Analyzing evaluation results.
Running muxtree optimizer on module \rounder..
  Creating internal representation of mux trees.
  Evaluating internal representation of mux trees.
      Replacing known input bits on port A of cell $procmux$28: { 1'0 \mant_i [10:3] } -> { 1'0 \mant_i [10:4] 1'0 }
      Replacing known input bits on port B of cell $ternary$src/rounder.v:53$8: \mant_rounded [8:1] -> { 1'1 \mant_rounded [7:1] }
  Analyzing evaluation results.
    dead port 2/2 on $mux $procmux$30.
Removed 1 multiplexer ports.
<suppressed ~17 debug messages>

4.6.4. Executing OPT_REDUCE pass (consolidate $*mux and $reduce_* inputs).
  Optimizing cells in module $paramod\myreg\N=s32'00000000000000000000000000000001.
  Optimizing cells in module \fpmul.
  Optimizing cells in module \rounder.
    New ctrl vector for $pmux cell $procmux$33: { $auto$opt_reduce.cc:137:opt_pmux$45 $procmux$31_CMP }
  Optimizing cells in module \rounder.
Performed a total of 1 changes.

4.6.5. Executing OPT_MERGE pass (detect identical cells).
Finding identical cells in module `$paramod\myreg\N=s32'00000000000000000000000000000001'.
Finding identical cells in module `\fpmul'.
Finding identical cells in module `\rounder'.
Removed a total of 0 cells.

4.6.6. Executing OPT_DFF pass (perform DFF optimizations).

4.6.7. Executing OPT_CLEAN pass (remove unused cells and wires).
Finding unused cells or wires in module $paramod\myreg\N=s32'00000000000000000000000000000001..
Finding unused cells or wires in module \fpmul..
Finding unused cells or wires in module \rounder..
Removed 0 unused cells and 2 unused wires.
<suppressed ~1 debug messages>

4.6.8. Executing OPT_EXPR pass (perform const folding).
Optimizing module $paramod\myreg\N=s32'00000000000000000000000000000001.
Optimizing module fpmul.
Optimizing module rounder.

4.6.9. Rerunning OPT passes. (Maybe there is more to do..)

4.6.10. Executing OPT_MUXTREE pass (detect dead branches in mux trees).
Running muxtree optimizer on module $paramod\myreg\N=s32'00000000000000000000000000000001..
  Creating internal representation of mux trees.
  Evaluating internal representation of mux trees.
  Analyzing evaluation results.
Running muxtree optimizer on module \fpmul..
  Creating internal representation of mux trees.
  Evaluating internal representation of mux trees.
  Analyzing evaluation results.
Running muxtree optimizer on module \rounder..
  Creating internal representation of mux trees.
  Evaluating internal representation of mux trees.
  Analyzing evaluation results.
Removed 0 multiplexer ports.
<suppressed ~16 debug messages>

4.6.11. Executing OPT_REDUCE pass (consolidate $*mux and $reduce_* inputs).
  Optimizing cells in module $paramod\myreg\N=s32'00000000000000000000000000000001.
  Optimizing cells in module \fpmul.
  Optimizing cells in module \rounder.
Performed a total of 0 changes.

4.6.12. Executing OPT_MERGE pass (detect identical cells).
Finding identical cells in module `$paramod\myreg\N=s32'00000000000000000000000000000001'.
Finding identical cells in module `\fpmul'.
Finding identical cells in module `\rounder'.
Removed a total of 0 cells.

4.6.13. Executing OPT_DFF pass (perform DFF optimizations).

4.6.14. Executing OPT_CLEAN pass (remove unused cells and wires).
Finding unused cells or wires in module $paramod\myreg\N=s32'00000000000000000000000000000001..
Finding unused cells or wires in module \fpmul..
Finding unused cells or wires in module \rounder..

4.6.15. Executing OPT_EXPR pass (perform const folding).
Optimizing module $paramod\myreg\N=s32'00000000000000000000000000000001.
Optimizing module fpmul.
Optimizing module rounder.

4.6.16. Finished fast OPT passes. (There is nothing left to do.)

4.7. Executing FSM pass (extract and optimize FSM).

4.7.1. Executing FSM_DETECT pass (finding FSMs in design).

4.7.2. Executing FSM_EXTRACT pass (extracting FSM from design).

4.7.3. Executing FSM_OPT pass (simple optimizations of FSMs).

4.7.4. Executing OPT_CLEAN pass (remove unused cells and wires).
Finding unused cells or wires in module $paramod\myreg\N=s32'00000000000000000000000000000001..
Finding unused cells or wires in module \fpmul..
Finding unused cells or wires in module \rounder..

4.7.5. Executing FSM_OPT pass (simple optimizations of FSMs).

4.7.6. Executing FSM_RECODE pass (re-assigning FSM state encoding).

4.7.7. Executing FSM_INFO pass (dumping all available information on FSM cells).

4.7.8. Executing FSM_MAP pass (mapping FSMs to basic logic).

4.8. Executing OPT pass (performing simple optimizations).

4.8.1. Executing OPT_EXPR pass (perform const folding).
Optimizing module $paramod\myreg\N=s32'00000000000000000000000000000001.
Optimizing module fpmul.
Optimizing module rounder.

4.8.2. Executing OPT_MERGE pass (detect identical cells).
Finding identical cells in module `$paramod\myreg\N=s32'00000000000000000000000000000001'.
Finding identical cells in module `\fpmul'.
Finding identical cells in module `\rounder'.
Removed a total of 0 cells.

4.8.3. Executing OPT_MUXTREE pass (detect dead branches in mux trees).
Running muxtree optimizer on module $paramod\myreg\N=s32'00000000000000000000000000000001..
  Creating internal representation of mux trees.
  Evaluating internal representation of mux trees.
  Analyzing evaluation results.
Running muxtree optimizer on module \fpmul..
  Creating internal representation of mux trees.
  Evaluating internal representation of mux trees.
  Analyzing evaluation results.
Running muxtree optimizer on module \rounder..
  Creating internal representation of mux trees.
  Evaluating internal representation of mux trees.
  Analyzing evaluation results.
Removed 0 multiplexer ports.
<suppressed ~16 debug messages>

4.8.4. Executing OPT_REDUCE pass (consolidate $*mux and $reduce_* inputs).
  Optimizing cells in module $paramod\myreg\N=s32'00000000000000000000000000000001.
  Optimizing cells in module \fpmul.
  Optimizing cells in module \rounder.
Performed a total of 0 changes.

4.8.5. Executing OPT_MERGE pass (detect identical cells).
Finding identical cells in module `$paramod\myreg\N=s32'00000000000000000000000000000001'.
Finding identical cells in module `\fpmul'.
Finding identical cells in module `\rounder'.
Removed a total of 0 cells.

4.8.6. Executing OPT_DFF pass (perform DFF optimizations).
Adding EN signal on $procdff$43 ($adff) from module $paramod\myreg\N=s32'00000000000000000000000000000001 (D = \d, Q = \q).

4.8.7. Executing OPT_CLEAN pass (remove unused cells and wires).
Finding unused cells or wires in module $paramod\myreg\N=s32'00000000000000000000000000000001..
Finding unused cells or wires in module \fpmul..
Finding unused cells or wires in module \rounder..
Removed 1 unused cells and 1 unused wires.
<suppressed ~2 debug messages>

4.8.8. Executing OPT_EXPR pass (perform const folding).
Optimizing module $paramod\myreg\N=s32'00000000000000000000000000000001.
Optimizing module fpmul.
Optimizing module rounder.

4.8.9. Rerunning OPT passes. (Maybe there is more to do..)

4.8.10. Executing OPT_MUXTREE pass (detect dead branches in mux trees).
Running muxtree optimizer on module $paramod\myreg\N=s32'00000000000000000000000000000001..
  Creating internal representation of mux trees.
  No muxes found in this module.
Running muxtree optimizer on module \fpmul..
  Creating internal representation of mux trees.
  Evaluating internal representation of mux trees.
  Analyzing evaluation results.
Running muxtree optimizer on module \rounder..
  Creating internal representation of mux trees.
  Evaluating internal representation of mux trees.
  Analyzing evaluation results.
Removed 0 multiplexer ports.
<suppressed ~14 debug messages>

4.8.11. Executing OPT_REDUCE pass (consolidate $*mux and $reduce_* inputs).
  Optimizing cells in module $paramod\myreg\N=s32'00000000000000000000000000000001.
  Optimizing cells in module \fpmul.
  Optimizing cells in module \rounder.
Performed a total of 0 changes.

4.8.12. Executing OPT_MERGE pass (detect identical cells).
Finding identical cells in module `$paramod\myreg\N=s32'00000000000000000000000000000001'.
Finding identical cells in module `\fpmul'.
Finding identical cells in module `\rounder'.
Removed a total of 0 cells.

4.8.13. Executing OPT_DFF pass (perform DFF optimizations).

4.8.14. Executing OPT_CLEAN pass (remove unused cells and wires).
Finding unused cells or wires in module $paramod\myreg\N=s32'00000000000000000000000000000001..
Finding unused cells or wires in module \fpmul..
Finding unused cells or wires in module \rounder..

4.8.15. Executing OPT_EXPR pass (perform const folding).
Optimizing module $paramod\myreg\N=s32'00000000000000000000000000000001.
Optimizing module fpmul.
Optimizing module rounder.

4.8.16. Finished fast OPT passes. (There is nothing left to do.)

4.9. Executing WREDUCE pass (reducing word size of cells).
Removed top 8 bits (of 16) from port A of cell fpmul.$mul$src/fpmul.v:31$13 ($mul).
Removed top 8 bits (of 16) from port B of cell fpmul.$mul$src/fpmul.v:31$13 ($mul).
Removed top 1 bits (of 8) from port B of cell fpmul.$sub$src/fpmul.v:34$14 ($sub).
Removed top 7 bits (of 8) from port B of cell fpmul.$add$src/fpmul.v:37$16 ($add).
Removed top 1 bits (of 16) from mux cell fpmul.$ternary$src/fpmul.v:52$22 ($mux).
Removed top 1 bits (of 16) from mux cell fpmul.$ternary$src/fpmul.v:51$23 ($mux).
Removed top 1 bits (of 9) from port A of cell rounder.$add$src/rounder.v:19$3 ($add).
Removed top 8 bits (of 9) from port B of cell rounder.$add$src/rounder.v:19$3 ($add).
Removed top 7 bits (of 8) from port B of cell rounder.$add$src/rounder.v:49$6 ($add).
Removed top 1 bits (of 3) from port B of cell rounder.$procmux$35_CMP0 ($eq).
Removed top 1 bits (of 3) from port B of cell rounder.$procmux$36_CMP0 ($eq).
Removed top 2 bits (of 3) from port B of cell rounder.$procmux$37_CMP0 ($eq).

4.10. Executing PEEPOPT pass (run peephole optimizers).

4.11. Executing OPT_CLEAN pass (remove unused cells and wires).
Finding unused cells or wires in module $paramod\myreg\N=s32'00000000000000000000000000000001..
Finding unused cells or wires in module \fpmul..
Finding unused cells or wires in module \rounder..

4.12. Executing ALUMACC pass (create $alu and $macc cells).
Extracting $alu and $macc cells in module $paramod\myreg\N=s32'00000000000000000000000000000001:
  created 0 $alu and 0 $macc cells.
Extracting $alu and $macc cells in module fpmul:
  creating $macc model for $add$src/fpmul.v:28$12 ($add).
  creating $macc model for $add$src/fpmul.v:37$16 ($add).
  creating $macc model for $mul$src/fpmul.v:31$13 ($mul).
  creating $macc model for $sub$src/fpmul.v:34$14 ($sub).
  merging $macc model for $add$src/fpmul.v:28$12 into $sub$src/fpmul.v:34$14.
  creating $alu model for $macc $add$src/fpmul.v:37$16.
  creating $macc cell for $mul$src/fpmul.v:31$13: $auto$alumacc.cc:382:replace_macc$47
  creating $macc cell for $sub$src/fpmul.v:34$14: $auto$alumacc.cc:382:replace_macc$48
  creating $alu cell for $add$src/fpmul.v:37$16: $auto$alumacc.cc:512:replace_alu$49
  created 1 $alu and 2 $macc cells.
Extracting $alu and $macc cells in module rounder:
  creating $macc model for $add$src/rounder.v:19$3 ($add).
  creating $macc model for $add$src/rounder.v:49$6 ($add).
  creating $alu model for $macc $add$src/rounder.v:49$6.
  creating $alu model for $macc $add$src/rounder.v:19$3.
  creating $alu cell for $add$src/rounder.v:19$3: $auto$alumacc.cc:512:replace_alu$52
  creating $alu cell for $add$src/rounder.v:49$6: $auto$alumacc.cc:512:replace_alu$55
  created 2 $alu and 0 $macc cells.

4.13. Executing SHARE pass (SAT-based resource sharing).

4.14. Executing OPT pass (performing simple optimizations).

4.14.1. Executing OPT_EXPR pass (perform const folding).
Optimizing module $paramod\myreg\N=s32'00000000000000000000000000000001.
Optimizing module fpmul.
Optimizing module rounder.

4.14.2. Executing OPT_MERGE pass (detect identical cells).
Finding identical cells in module `$paramod\myreg\N=s32'00000000000000000000000000000001'.
Finding identical cells in module `\fpmul'.
Finding identical cells in module `\rounder'.
Removed a total of 0 cells.

4.14.3. Executing OPT_MUXTREE pass (detect dead branches in mux trees).
Running muxtree optimizer on module $paramod\myreg\N=s32'00000000000000000000000000000001..
  Creating internal representation of mux trees.
  No muxes found in this module.
Running muxtree optimizer on module \fpmul..
  Creating internal representation of mux trees.
  Evaluating internal representation of mux trees.
  Analyzing evaluation results.
Running muxtree optimizer on module \rounder..
  Creating internal representation of mux trees.
  Evaluating internal representation of mux trees.
  Analyzing evaluation results.
Removed 0 multiplexer ports.
<suppressed ~14 debug messages>

4.14.4. Executing OPT_REDUCE pass (consolidate $*mux and $reduce_* inputs).
  Optimizing cells in module $paramod\myreg\N=s32'00000000000000000000000000000001.
  Optimizing cells in module \fpmul.
  Optimizing cells in module \rounder.
Performed a total of 0 changes.

4.14.5. Executing OPT_MERGE pass (detect identical cells).
Finding identical cells in module `$paramod\myreg\N=s32'00000000000000000000000000000001'.
Finding identical cells in module `\fpmul'.
Finding identical cells in module `\rounder'.
Removed a total of 0 cells.

4.14.6. Executing OPT_DFF pass (perform DFF optimizations).

4.14.7. Executing OPT_CLEAN pass (remove unused cells and wires).
Finding unused cells or wires in module $paramod\myreg\N=s32'00000000000000000000000000000001..
Finding unused cells or wires in module \fpmul..
Finding unused cells or wires in module \rounder..
Removed 1 unused cells and 1 unused wires.
<suppressed ~2 debug messages>

4.14.8. Executing OPT_EXPR pass (perform const folding).
Optimizing module $paramod\myreg\N=s32'00000000000000000000000000000001.
Optimizing module fpmul.
Optimizing module rounder.

4.14.9. Rerunning OPT passes. (Maybe there is more to do..)

4.14.10. Executing OPT_MUXTREE pass (detect dead branches in mux trees).
Running muxtree optimizer on module $paramod\myreg\N=s32'00000000000000000000000000000001..
  Creating internal representation of mux trees.
  No muxes found in this module.
Running muxtree optimizer on module \fpmul..
  Creating internal representation of mux trees.
  Evaluating internal representation of mux trees.
  Analyzing evaluation results.
Running muxtree optimizer on module \rounder..
  Creating internal representation of mux trees.
  Evaluating internal representation of mux trees.
  Analyzing evaluation results.
Removed 0 multiplexer ports.
<suppressed ~14 debug messages>

4.14.11. Executing OPT_REDUCE pass (consolidate $*mux and $reduce_* inputs).
  Optimizing cells in module $paramod\myreg\N=s32'00000000000000000000000000000001.
  Optimizing cells in module \fpmul.
  Optimizing cells in module \rounder.
Performed a total of 0 changes.

4.14.12. Executing OPT_MERGE pass (detect identical cells).
Finding identical cells in module `$paramod\myreg\N=s32'00000000000000000000000000000001'.
Finding identical cells in module `\fpmul'.
Finding identical cells in module `\rounder'.
Removed a total of 0 cells.

4.14.13. Executing OPT_DFF pass (perform DFF optimizations).

4.14.14. Executing OPT_CLEAN pass (remove unused cells and wires).
Finding unused cells or wires in module $paramod\myreg\N=s32'00000000000000000000000000000001..
Finding unused cells or wires in module \fpmul..
Finding unused cells or wires in module \rounder..

4.14.15. Executing OPT_EXPR pass (perform const folding).
Optimizing module $paramod\myreg\N=s32'00000000000000000000000000000001.
Optimizing module fpmul.
Optimizing module rounder.

4.14.16. Finished fast OPT passes. (There is nothing left to do.)

4.15. Executing MEMORY pass.

4.15.1. Executing OPT_MEM pass (optimize memories).
Performed a total of 0 transformations.

4.15.2. Executing OPT_MEM_PRIORITY pass (removing unnecessary memory write priority relations).
Performed a total of 0 transformations.

4.15.3. Executing OPT_MEM_FEEDBACK pass (finding memory read-to-write feedback paths).

4.15.4. Executing MEMORY_BMUX2ROM pass (converting muxes to ROMs).

4.15.5. Executing MEMORY_DFF pass (merging $dff cells to $memrd).

4.15.6. Executing OPT_CLEAN pass (remove unused cells and wires).
Finding unused cells or wires in module $paramod\myreg\N=s32'00000000000000000000000000000001..
Finding unused cells or wires in module \fpmul..
Finding unused cells or wires in module \rounder..

4.15.7. Executing MEMORY_SHARE pass (consolidating $memrd/$memwr cells).

4.15.8. Executing OPT_MEM_WIDEN pass (optimize memories where all ports are wide).
Performed a total of 0 transformations.

4.15.9. Executing OPT_CLEAN pass (remove unused cells and wires).
Finding unused cells or wires in module $paramod\myreg\N=s32'00000000000000000000000000000001..
Finding unused cells or wires in module \fpmul..
Finding unused cells or wires in module \rounder..

4.15.10. Executing MEMORY_COLLECT pass (generating $mem cells).

4.16. Executing OPT_CLEAN pass (remove unused cells and wires).
Finding unused cells or wires in module $paramod\myreg\N=s32'00000000000000000000000000000001..
Finding unused cells or wires in module \fpmul..
Finding unused cells or wires in module \rounder..

4.17. Executing OPT pass (performing simple optimizations).

4.17.1. Executing OPT_EXPR pass (perform const folding).
Optimizing module $paramod\myreg\N=s32'00000000000000000000000000000001.
Optimizing module fpmul.
Optimizing module rounder.

4.17.2. Executing OPT_MERGE pass (detect identical cells).
Finding identical cells in module `$paramod\myreg\N=s32'00000000000000000000000000000001'.
Finding identical cells in module `\fpmul'.
Finding identical cells in module `\rounder'.
Removed a total of 0 cells.

4.17.3. Executing OPT_DFF pass (perform DFF optimizations).

4.17.4. Executing OPT_CLEAN pass (remove unused cells and wires).
Finding unused cells or wires in module $paramod\myreg\N=s32'00000000000000000000000000000001..
Finding unused cells or wires in module \fpmul..
Finding unused cells or wires in module \rounder..

4.17.5. Finished fast OPT passes.

4.18. Executing MEMORY_MAP pass (converting memories to logic and flip-flops).

4.19. Executing OPT pass (performing simple optimizations).

4.19.1. Executing OPT_EXPR pass (perform const folding).
Optimizing module $paramod\myreg\N=s32'00000000000000000000000000000001.
Optimizing module fpmul.
Optimizing module rounder.

4.19.2. Executing OPT_MERGE pass (detect identical cells).
Finding identical cells in module `$paramod\myreg\N=s32'00000000000000000000000000000001'.
Finding identical cells in module `\fpmul'.
Finding identical cells in module `\rounder'.
Removed a total of 0 cells.

4.19.3. Executing OPT_MUXTREE pass (detect dead branches in mux trees).
Running muxtree optimizer on module $paramod\myreg\N=s32'00000000000000000000000000000001..
  Creating internal representation of mux trees.
  No muxes found in this module.
Running muxtree optimizer on module \fpmul..
  Creating internal representation of mux trees.
  Evaluating internal representation of mux trees.
  Analyzing evaluation results.
Running muxtree optimizer on module \rounder..
  Creating internal representation of mux trees.
  Evaluating internal representation of mux trees.
  Analyzing evaluation results.
Removed 0 multiplexer ports.
<suppressed ~14 debug messages>

4.19.4. Executing OPT_REDUCE pass (consolidate $*mux and $reduce_* inputs).
  Optimizing cells in module $paramod\myreg\N=s32'00000000000000000000000000000001.
  Optimizing cells in module \fpmul.
  Optimizing cells in module \rounder.
Performed a total of 0 changes.

4.19.5. Executing OPT_MERGE pass (detect identical cells).
Finding identical cells in module `$paramod\myreg\N=s32'00000000000000000000000000000001'.
Finding identical cells in module `\fpmul'.
Finding identical cells in module `\rounder'.
Removed a total of 0 cells.

4.19.6. Executing OPT_SHARE pass.

4.19.7. Executing OPT_DFF pass (perform DFF optimizations).

4.19.8. Executing OPT_CLEAN pass (remove unused cells and wires).
Finding unused cells or wires in module $paramod\myreg\N=s32'00000000000000000000000000000001..
Finding unused cells or wires in module \fpmul..
Finding unused cells or wires in module \rounder..

4.19.9. Executing OPT_EXPR pass (perform const folding).
Optimizing module $paramod\myreg\N=s32'00000000000000000000000000000001.
Optimizing module fpmul.
Optimizing module rounder.

4.19.10. Finished fast OPT passes. (There is nothing left to do.)

4.20. Executing TECHMAP pass (map to technology primitives).

4.20.1. Executing Verilog-2005 frontend: /foss/tools/yosys/bin/../share/yosys/techmap.v
Parsing Verilog input from `/foss/tools/yosys/bin/../share/yosys/techmap.v' to AST representation.
verilog frontend filename /foss/tools/yosys/bin/../share/yosys/techmap.v
Generating RTLIL representation for module `\_90_simplemap_bool_ops'.
Generating RTLIL representation for module `\_90_simplemap_reduce_ops'.
Generating RTLIL representation for module `\_90_simplemap_logic_ops'.
Generating RTLIL representation for module `\_90_simplemap_compare_ops'.
Generating RTLIL representation for module `\_90_simplemap_various'.
Generating RTLIL representation for module `\_90_simplemap_registers'.
Generating RTLIL representation for module `\_90_shift_ops_shr_shl_sshl_sshr'.
Generating RTLIL representation for module `\_90_shift_shiftx'.
Generating RTLIL representation for module `\_90_fa'.
Generating RTLIL representation for module `\_90_lcu_brent_kung'.
Generating RTLIL representation for module `\_90_alu'.
Generating RTLIL representation for module `\_90_macc'.
Generating RTLIL representation for module `\_90_alumacc'.
Generating RTLIL representation for module `\$__div_mod_u'.
Generating RTLIL representation for module `\$__div_mod_trunc'.
Generating RTLIL representation for module `\_90_div'.
Generating RTLIL representation for module `\_90_mod'.
Generating RTLIL representation for module `\$__div_mod_floor'.
Generating RTLIL representation for module `\_90_divfloor'.
Generating RTLIL representation for module `\_90_modfloor'.
Generating RTLIL representation for module `\_90_pow'.
Generating RTLIL representation for module `\_90_pmux'.
Generating RTLIL representation for module `\_90_demux'.
Generating RTLIL representation for module `\_90_lut'.
Generating RTLIL representation for module `\$connect'.
Generating RTLIL representation for module `\$input_port'.
Successfully finished Verilog frontend.

4.20.2. Continuing TECHMAP pass.
Using template $paramod$c3cd1564c35d873179656addd6052d7ea8b6d991\_90_alu for cells of type $alu.
Using template $paramod$a2af9b43308e3114c3b5dd3f4dc3329b2387395d\_90_alu for cells of type $alu.
Using extmapper simplemap for cells of type $reduce_or.
Using extmapper simplemap for cells of type $mux.
Using extmapper simplemap for cells of type $eq.
Using template $paramod$30a6a3eda691e4e16264fbb83b0421b58195fe41\_90_pmux for cells of type $pmux.
Using extmapper simplemap for cells of type $logic_not.
Using extmapper simplemap for cells of type $xor.
Using template $paramod\_90_fa\WIDTH=32'00000000000000000000000000001000 for cells of type $fa.
Using template $paramod\_90_lcu_brent_kung\WIDTH=32'00000000000000000000000000001000 for cells of type $lcu.
Using extmapper simplemap for cells of type $pos.
Using extmapper simplemap for cells of type $not.
Using template $paramod\_90_fa\WIDTH=32'00000000000000000000000000001001 for cells of type $fa.
Using template $paramod\_90_lcu_brent_kung\WIDTH=32'00000000000000000000000000001001 for cells of type $lcu.
Using extmapper simplemap for cells of type $and.
Using extmapper simplemap for cells of type $or.
Using extmapper maccmap for cells of type $macc_v2.
  add \x1 [14:7] (8 bits, unsigned)
  add \x2 [14:7] (8 bits, unsigned)
  add 8'10000001 (8 bits, unsigned)
  add { 1'1 \x1 [6:0] } * { 1'1 \x2 [6:0] } (8x8 bits, unsigned)
Using template $paramod\_90_fa\WIDTH=32'00000000000000000000000000010000 for cells of type $fa.
Using template $paramod$6df0329addda9228fcc2546de2aaf14ad26c98e1\_90_alu for cells of type $alu.
Using template $paramod$a1bc51c02ce12ac21eb18988e83292af48ed7d72\_90_alu for cells of type $alu.
Using template $paramod\_90_lcu_brent_kung\WIDTH=32'00000000000000000000000000010000 for cells of type $lcu.
Using extmapper simplemap for cells of type $adffe.
No more expansions possible.
<suppressed ~874 debug messages>

4.21. Executing OPT pass (performing simple optimizations).

4.21.1. Executing OPT_EXPR pass (perform const folding).
Optimizing module $paramod\myreg\N=s32'00000000000000000000000000000001.
Optimizing module fpmul.
<suppressed ~587 debug messages>
Optimizing module rounder.
<suppressed ~158 debug messages>

4.21.2. Executing OPT_MERGE pass (detect identical cells).
Finding identical cells in module `$paramod\myreg\N=s32'00000000000000000000000000000001'.
Finding identical cells in module `\fpmul'.
<suppressed ~6 debug messages>
Finding identical cells in module `\rounder'.
<suppressed ~15 debug messages>
Removed a total of 7 cells.

4.21.3. Executing OPT_DFF pass (perform DFF optimizations).

4.21.4. Executing OPT_CLEAN pass (remove unused cells and wires).
Finding unused cells or wires in module $paramod\myreg\N=s32'00000000000000000000000000000001..
Finding unused cells or wires in module \fpmul..
Finding unused cells or wires in module \rounder..
Removed 78 unused cells and 405 unused wires.
<suppressed ~80 debug messages>

4.21.5. Finished fast OPT passes.

4.22. Executing ABC pass (technology mapping using ABC).

4.22.1. Extracting gate netlist of module `$paramod\myreg\N=s32'00000000000000000000000000000001' to `<abc-temp-dir>/input.blif'..
Don't call ABC as there is nothing to map.

4.22.1.1. Executed ABC.
Extracted 0 gates and 0 wires to a netlist network with 0 inputs and 0 outputs.
Removing temp directory.

4.22.2. Extracting gate netlist of module `\fpmul' to `<abc-temp-dir>/input.blif'..

4.22.2.1. Executed ABC.
Extracted 495 gates and 544 wires to a netlist network with 47 inputs and 35 outputs.
Running ABC script: <abc-temp-dir>/abc.script
ABC: UC Berkeley, ABC 1.01 (compiled Dec 21 2025 19:49:10)
ABC: abc 01> empty
ABC: abc 01> source <abc-temp-dir>/abc.script
ABC: + read_blif <abc-temp-dir>/input.blif 
ABC: + read_library /tmp/yosys-abc-4KYimT/stdcells.genlib 
ABC: + strash 
ABC: + dretime 
ABC: + map 
ABC: + write_blif <abc-temp-dir>/output.blif 
ABC: 

4.22.2.2. Re-integrating ABC results.
ABC RESULTS:               AND cells:       55
ABC RESULTS:            ANDNOT cells:      137
ABC RESULTS:               MUX cells:       17
ABC RESULTS:              NAND cells:       23
ABC RESULTS:               NOR cells:       18
ABC RESULTS:               NOT cells:       16
ABC RESULTS:                OR cells:       47
ABC RESULTS:             ORNOT cells:       47
ABC RESULTS:              XNOR cells:       37
ABC RESULTS:               XOR cells:      108
ABC RESULTS:        internal signals:      462
ABC RESULTS:           input signals:       47
ABC RESULTS:          output signals:       35
Removing temp directory.

4.22.3. Extracting gate netlist of module `\rounder' to `<abc-temp-dir>/input.blif'..

4.22.3.1. Executed ABC.
Extracted 115 gates and 136 wires to a netlist network with 19 inputs and 16 outputs.
Running ABC script: <abc-temp-dir>/abc.script
ABC: UC Berkeley, ABC 1.01 (compiled Dec 21 2025 19:49:10)
ABC: abc 01> empty
ABC: abc 01> source <abc-temp-dir>/abc.script
ABC: + read_blif <abc-temp-dir>/input.blif 
ABC: + read_library /tmp/yosys-abc-4KYimT/stdcells.genlib 
ABC: + strash 
ABC: + dretime 
ABC: + map 
ABC: + write_blif <abc-temp-dir>/output.blif 
ABC: 

4.22.3.2. Re-integrating ABC results.
ABC RESULTS:               AND cells:        6
ABC RESULTS:            ANDNOT cells:       24
ABC RESULTS:               MUX cells:       29
ABC RESULTS:              NAND cells:        7
ABC RESULTS:               NOR cells:        1
ABC RESULTS:               NOT cells:        8
ABC RESULTS:                OR cells:       15
ABC RESULTS:             ORNOT cells:        4
ABC RESULTS:              XNOR cells:        5
ABC RESULTS:               XOR cells:       11
ABC RESULTS:        internal signals:      101
ABC RESULTS:           input signals:       19
ABC RESULTS:          output signals:       16
Removing temp directory.
Removing global temp directory.

4.23. Executing OPT pass (performing simple optimizations).

4.23.1. Executing OPT_EXPR pass (perform const folding).
Optimizing module $paramod\myreg\N=s32'00000000000000000000000000000001.
Optimizing module fpmul.
Optimizing module rounder.
<suppressed ~6 debug messages>

4.23.2. Executing OPT_MERGE pass (detect identical cells).
Finding identical cells in module `$paramod\myreg\N=s32'00000000000000000000000000000001'.
Finding identical cells in module `\fpmul'.
Finding identical cells in module `\rounder'.
Removed a total of 0 cells.

4.23.3. Executing OPT_DFF pass (perform DFF optimizations).

4.23.4. Executing OPT_CLEAN pass (remove unused cells and wires).
Finding unused cells or wires in module $paramod\myreg\N=s32'00000000000000000000000000000001..
Finding unused cells or wires in module \fpmul..
Finding unused cells or wires in module \rounder..
Removed 0 unused cells and 256 unused wires.
<suppressed ~7 debug messages>

4.23.5. Finished fast OPT passes.

4.24. Executing HIERARCHY pass (managing design hierarchy).
Attribute `top' found on module `fpmul'. Setting top module to fpmul.

4.24.1. Analyzing design hierarchy..
Top module:  \fpmul
Used module:     $paramod\myreg\N=s32'00000000000000000000000000000001
Used module:     \rounder

4.24.2. Analyzing design hierarchy..
Top module:  \fpmul
Used module:     $paramod\myreg\N=s32'00000000000000000000000000000001
Used module:     \rounder
Removed 0 unused modules.

4.25. Printing statistics.

=== $paramod\myreg\N=s32'00000000000000000000000000000001 ===

        +----------Local Count, excluding submodules.
        | 
        5 wires
        5 wire bits
        5 public wires
        5 public wire bits
        5 ports
        5 port bits
        1 cells
        1   $_DFFE_PP0P_

=== fpmul ===

        +----------Local Count, excluding submodules.
        | 
      484 wires
      575 wire bits
       14 public wires
      105 public wire bits
        7 ports
       52 port bits
      505 cells
      137   $_ANDNOT_
       55   $_AND_
       17   $_MUX_
       23   $_NAND_
       18   $_NOR_
       16   $_NOT_
       47   $_ORNOT_
       47   $_OR_
       37   $_XNOR_
      108   $_XOR_
        2 submodules
        1   $paramod\myreg\N=s32'00000000000000000000000000000001
        1   rounder

=== rounder ===

        +----------Local Count, excluding submodules.
        | 
       99 wires
      137 wire bits
        5 public wires
       43 public wire bits
        4 ports
       35 port bits
      110 cells
       24   $_ANDNOT_
        6   $_AND_
       29   $_MUX_
        7   $_NAND_
        1   $_NOR_
        8   $_NOT_
        4   $_ORNOT_
       15   $_OR_
        5   $_XNOR_
       11   $_XOR_

=== design hierarchy ===

        +----------Count including submodules.
        | 
      616 fpmul
        1 $paramod\myreg\N=s32'00000000000000000000000000000001
      110 rounder

        +----------Count including submodules.
        | 
      588 wires
      717 wire bits
       24 public wires
      153 public wire bits
       16 ports
       92 port bits
        - memories
        - memory bits
        - processes
      616 cells
      161   $_ANDNOT_
       61   $_AND_
        1   $_DFFE_PP0P_
       46   $_MUX_
       30   $_NAND_
       19   $_NOR_
       24   $_NOT_
       51   $_ORNOT_
       62   $_OR_
       42   $_XNOR_
      119   $_XOR_
        2 submodules
        1   $paramod\myreg\N=s32'00000000000000000000000000000001
        1   rounder

4.26. Executing CHECK pass (checking for obvious problems).
Checking module $paramod\myreg\N=s32'00000000000000000000000000000001...
Checking module fpmul...
Checking module rounder...
Found and reported 0 problems.

5. Executing DFFLIBMAP pass (mapping DFF cells to sequential cells from liberty file).
  cell sky130_fd_sc_hd__dfxtp_1 (noninv, pins=3, area=20.02) is a direct match for cell type $_DFF_P_.
  cell sky130_fd_sc_hd__dfrtn_1 (noninv, pins=4, area=25.02) is a direct match for cell type $_DFF_NN0_.
  cell sky130_fd_sc_hd__dfrtp_1 (noninv, pins=4, area=25.02) is a direct match for cell type $_DFF_PN0_.
  cell sky130_fd_sc_hd__dfstp_2 (noninv, pins=4, area=26.28) is a direct match for cell type $_DFF_PN1_.
  cell sky130_fd_sc_hd__edfxtp_1 (noninv, pins=4, area=30.03) is a direct match for cell type $_DFFE_PP_.
  cell sky130_fd_sc_hd__dfbbn_1 (noninv, pins=6, area=32.53) is a direct match for cell type $_DFFSR_NNN_.
  cell sky130_fd_sc_hd__dfbbp_1 (noninv, pins=6, area=32.53) is a direct match for cell type $_DFFSR_PNN_.
  final dff cell mappings:
    unmapped dff cell: $_DFF_N_
    \sky130_fd_sc_hd__dfxtp_1 _DFF_P_ (.CLK( C), .D( D), .Q( Q));
    \sky130_fd_sc_hd__dfrtn_1 _DFF_NN0_ (.CLK_N( C), .D( D), .Q( Q), .RESET_B( R));
    unmapped dff cell: $_DFF_NN1_
    unmapped dff cell: $_DFF_NP0_
    unmapped dff cell: $_DFF_NP1_
    \sky130_fd_sc_hd__dfrtp_1 _DFF_PN0_ (.CLK( C), .D( D), .Q( Q), .RESET_B( R));
    \sky130_fd_sc_hd__dfstp_2 _DFF_PN1_ (.CLK( C), .D( D), .Q( Q), .SET_B( R));
    unmapped dff cell: $_DFF_PP0_
    unmapped dff cell: $_DFF_PP1_
    unmapped dff cell: $_DFFE_NN_
    unmapped dff cell: $_DFFE_NP_
    unmapped dff cell: $_DFFE_PN_
    \sky130_fd_sc_hd__edfxtp_1 _DFFE_PP_ (.CLK( C), .D( D), .DE( E), .Q( Q));
    \sky130_fd_sc_hd__dfbbn_1 _DFFSR_NNN_ (.CLK_N( C), .D( D), .Q( Q), .Q_N(~Q), .RESET_B( R), .SET_B( S));
    unmapped dff cell: $_DFFSR_NNP_
    unmapped dff cell: $_DFFSR_NPN_
    unmapped dff cell: $_DFFSR_NPP_
    \sky130_fd_sc_hd__dfbbp_1 _DFFSR_PNN_ (.CLK( C), .D( D), .Q( Q), .Q_N(~Q), .RESET_B( R), .SET_B( S));
    unmapped dff cell: $_DFFSR_PNP_
    unmapped dff cell: $_DFFSR_PPN_
    unmapped dff cell: $_DFFSR_PPP_

5.1. Executing DFFLEGALIZE pass (convert FFs to types supported by the target).
<suppressed ~24 debug messages>
Mapping DFF cells in module `$paramod\myreg\N=s32'00000000000000000000000000000001':
  mapped 1 $_DFF_PN0_ cells to \sky130_fd_sc_hd__dfrtp_1 cells.
Mapping DFF cells in module `\fpmul':
Mapping DFF cells in module `\rounder':

6. Executing ABC pass (technology mapping using ABC).

6.1. Extracting gate netlist of module `$paramod\myreg\N=s32'00000000000000000000000000000001' to `<abc-temp-dir>/input.blif'..

6.1.1. Executed ABC.
Extracted 2 gates and 6 wires to a netlist network with 4 inputs and 2 outputs.
Running ABC script: <abc-temp-dir>/abc.script
ABC: UC Berkeley, ABC 1.01 (compiled Dec 21 2025 19:49:10)
ABC: abc 01> empty
ABC: abc 01> source <abc-temp-dir>/abc.script
ABC: + read_blif <abc-temp-dir>/input.blif 
ABC: + read_lib -w /foss/pdks/ciel/sky130/versions/d400e26845538beaeb7cc5fdb9bfc06c30ea27cb/sky130A/libs.ref/sky130_fd_sc_hd/lib/sky130_fd_sc_hd__tt_025C_1v80.lib 
ABC: Parsing finished successfully.  Parsing time =     0.11 sec
ABC: Scl_LibertyReadGenlib() skipped cell "sky130_fd_sc_hd__decap_12" without logic function.
ABC: Scl_LibertyReadGenlib() skipped cell "sky130_fd_sc_hd__decap_3" without logic function.
ABC: Scl_LibertyReadGenlib() skipped cell "sky130_fd_sc_hd__decap_4" without logic function.
ABC: Scl_LibertyReadGenlib() skipped cell "sky130_fd_sc_hd__decap_6" without logic function.
ABC: Scl_LibertyReadGenlib() skipped cell "sky130_fd_sc_hd__decap_8" without logic function.
ABC: Scl_LibertyReadGenlib() skipped sequential cell "sky130_fd_sc_hd__dfbbn_1".
ABC: Scl_LibertyReadGenlib() skipped sequential cell "sky130_fd_sc_hd__dfbbn_2".
ABC: Scl_LibertyReadGenlib() skipped sequential cell "sky130_fd_sc_hd__dfbbp_1".
ABC: Scl_LibertyReadGenlib() skipped sequential cell "sky130_fd_sc_hd__dfrbp_1".
ABC: Scl_LibertyReadGenlib() skipped sequential cell "sky130_fd_sc_hd__dfrbp_2".
ABC: Scl_LibertyReadGenlib() skipped sequential cell "sky130_fd_sc_hd__dfrtn_1".
ABC: Scl_LibertyReadGenlib() skipped sequential cell "sky130_fd_sc_hd__dfrtp_1".
ABC: Scl_LibertyReadGenlib() skipped sequential cell "sky130_fd_sc_hd__dfrtp_2".
ABC: Scl_LibertyReadGenlib() skipped sequential cell "sky130_fd_sc_hd__dfrtp_4".
ABC: Scl_LibertyReadGenlib() skipped sequential cell "sky130_fd_sc_hd__dfsbp_1".
ABC: Scl_LibertyReadGenlib() skipped sequential cell "sky130_fd_sc_hd__dfsbp_2".
ABC: Scl_LibertyReadGenlib() skipped sequential cell "sky130_fd_sc_hd__dfstp_1".
ABC: Scl_LibertyReadGenlib() skipped sequential cell "sky130_fd_sc_hd__dfstp_2".
ABC: Scl_LibertyReadGenlib() skipped sequential cell "sky130_fd_sc_hd__dfstp_4".
ABC: Scl_LibertyReadGenlib() skipped sequential cell "sky130_fd_sc_hd__dfxbp_1".
ABC: Scl_LibertyReadGenlib() skipped sequential cell "sky130_fd_sc_hd__dfxbp_2".
ABC: Scl_LibertyReadGenlib() skipped sequential cell "sky130_fd_sc_hd__dfxtp_1".
ABC: Scl_LibertyReadGenlib() skipped sequential cell "sky130_fd_sc_hd__dfxtp_2".
ABC: Scl_LibertyReadGenlib() skipped sequential cell "sky130_fd_sc_hd__dfxtp_4".
ABC: Scl_LibertyReadGenlib() skipped cell "sky130_fd_sc_hd__diode_2" without logic function.
ABC: Scl_LibertyReadGenlib() skipped cell "sky130_fd_sc_hd__dlclkp_1" without logic function.
ABC: Scl_LibertyReadGenlib() skipped cell "sky130_fd_sc_hd__dlclkp_2" without logic function.
ABC: Scl_LibertyReadGenlib() skipped cell "sky130_fd_sc_hd__dlclkp_4" without logic function.
ABC: Scl_LibertyReadGenlib() skipped sequential cell "sky130_fd_sc_hd__dlrbn_1".
ABC: Scl_LibertyReadGenlib() skipped sequential cell "sky130_fd_sc_hd__dlrbn_2".
ABC: Scl_LibertyReadGenlib() skipped sequential cell "sky130_fd_sc_hd__dlrbp_1".
ABC: Scl_LibertyReadGenlib() skipped sequential cell "sky130_fd_sc_hd__dlrbp_2".
ABC: Scl_LibertyReadGenlib() skipped sequential cell "sky130_fd_sc_hd__dlrtn_1".
ABC: Scl_LibertyReadGenlib() skipped sequential cell "sky130_fd_sc_hd__dlrtn_2".
ABC: Scl_LibertyReadGenlib() skipped sequential cell "sky130_fd_sc_hd__dlrtn_4".
ABC: Scl_LibertyReadGenlib() skipped sequential cell "sky130_fd_sc_hd__dlrtp_1".
ABC: Scl_LibertyReadGenlib() skipped sequential cell "sky130_fd_sc_hd__dlrtp_2".
ABC: Scl_LibertyReadGenlib() skipped sequential cell "sky130_fd_sc_hd__dlrtp_4".
ABC: Scl_LibertyReadGenlib() skipped sequential cell "sky130_fd_sc_hd__dlxbn_1".
ABC: Scl_LibertyReadGenlib() skipped sequential cell "sky130_fd_sc_hd__dlxbn_2".
ABC: Scl_LibertyReadGenlib() skipped sequential cell "sky130_fd_sc_hd__dlxbp_1".
ABC: Scl_LibertyReadGenlib() skipped sequential cell "sky130_fd_sc_hd__dlxtn_1".
ABC: Scl_LibertyReadGenlib() skipped sequential cell "sky130_fd_sc_hd__dlxtn_2".
ABC: Scl_LibertyReadGenlib() skipped sequential cell "sky130_fd_sc_hd__dlxtn_4".
ABC: Scl_LibertyReadGenlib() skipped sequential cell "sky130_fd_sc_hd__dlxtp_1".
ABC: Scl_LibertyReadGenlib() skipped three-state cell "sky130_fd_sc_hd__ebufn_1".
ABC: Scl_LibertyReadGenlib() skipped three-state cell "sky130_fd_sc_hd__ebufn_2".
ABC: Scl_LibertyReadGenlib() skipped three-state cell "sky130_fd_sc_hd__ebufn_4".
ABC: Scl_LibertyReadGenlib() skipped three-state cell "sky130_fd_sc_hd__ebufn_8".
ABC: Scl_LibertyReadGenlib() skipped sequential cell "sky130_fd_sc_hd__edfxbp_1".
ABC: Scl_LibertyReadGenlib() skipped sequential cell "sky130_fd_sc_hd__edfxtp_1".
ABC: Scl_LibertyReadGenlib() skipped three-state cell "sky130_fd_sc_hd__einvn_0".
ABC: Scl_LibertyReadGenlib() skipped three-state cell "sky130_fd_sc_hd__einvn_1".
ABC: Scl_LibertyReadGenlib() skipped three-state cell "sky130_fd_sc_hd__einvn_2".
ABC: Scl_LibertyReadGenlib() skipped three-state cell "sky130_fd_sc_hd__einvn_4".
ABC: Scl_LibertyReadGenlib() skipped three-state cell "sky130_fd_sc_hd__einvn_8".
ABC: Scl_LibertyReadGenlib() skipped three-state cell "sky130_fd_sc_hd__einvp_1".
ABC: Scl_LibertyReadGenlib() skipped three-state cell "sky130_fd_sc_hd__einvp_2".
ABC: Scl_LibertyReadGenlib() skipped three-state cell "sky130_fd_sc_hd__einvp_4".
ABC: Scl_LibertyReadGenlib() skipped three-state cell "sky130_fd_sc_hd__einvp_8".
ABC: Scl_LibertyReadGenlib() skipped cell "sky130_fd_sc_hd__lpflow_bleeder_1" without logic function.
ABC: Scl_LibertyReadGenlib() skipped cell "sky130_fd_sc_hd__lpflow_decapkapwr_12" without logic function.
ABC: Scl_LibertyReadGenlib() skipped cell "sky130_fd_sc_hd__lpflow_decapkapwr_3" without logic function.
ABC: Scl_LibertyReadGenlib() skipped cell "sky130_fd_sc_hd__lpflow_decapkapwr_4" without logic function.
ABC: Scl_LibertyReadGenlib() skipped cell "sky130_fd_sc_hd__lpflow_decapkapwr_6" without logic function.
ABC: Scl_LibertyReadGenlib() skipped cell "sky130_fd_sc_hd__lpflow_decapkapwr_8" without logic function.
ABC: Scl_LibertyReadGenlib() skipped sequential cell "sky130_fd_sc_hd__lpflow_inputisolatch_1".
ABC: Scl_LibertyReadGenlib() skipped sequential cell "sky130_fd_sc_hd__sdfbbn_1".
ABC: Scl_LibertyReadGenlib() skipped sequential cell "sky130_fd_sc_hd__sdfbbn_2".
ABC: Scl_LibertyReadGenlib() skipped sequential cell "sky130_fd_sc_hd__sdfbbp_1".
ABC: Scl_LibertyReadGenlib() skipped sequential cell "sky130_fd_sc_hd__sdfrbp_1".
ABC: Scl_LibertyReadGenlib() skipped sequential cell "sky130_fd_sc_hd__sdfrbp_2".
ABC: Scl_LibertyReadGenlib() skipped sequential cell "sky130_fd_sc_hd__sdfrtn_1".
ABC: Scl_LibertyReadGenlib() skipped sequential cell "sky130_fd_sc_hd__sdfrtp_1".
ABC: Scl_LibertyReadGenlib() skipped sequential cell "sky130_fd_sc_hd__sdfrtp_2".
ABC: Scl_LibertyReadGenlib() skipped sequential cell "sky130_fd_sc_hd__sdfrtp_4".
ABC: Scl_LibertyReadGenlib() skipped sequential cell "sky130_fd_sc_hd__sdfsbp_1".
ABC: Scl_LibertyReadGenlib() skipped sequential cell "sky130_fd_sc_hd__sdfsbp_2".
ABC: Scl_LibertyReadGenlib() skipped sequential cell "sky130_fd_sc_hd__sdfstp_1".
ABC: Scl_LibertyReadGenlib() skipped sequential cell "sky130_fd_sc_hd__sdfstp_2".
ABC: Scl_LibertyReadGenlib() skipped sequential cell "sky130_fd_sc_hd__sdfstp_4".
ABC: Scl_LibertyReadGenlib() skipped sequential cell "sky130_fd_sc_hd__sdfxbp_1".
ABC: Scl_LibertyReadGenlib() skipped sequential cell "sky130_fd_sc_hd__sdfxbp_2".
ABC: Scl_LibertyReadGenlib() skipped sequential cell "sky130_fd_sc_hd__sdfxtp_1".
ABC: Scl_LibertyReadGenlib() skipped sequential cell "sky130_fd_sc_hd__sdfxtp_2".
ABC: Scl_LibertyReadGenlib() skipped sequential cell "sky130_fd_sc_hd__sdfxtp_4".
ABC: Scl_LibertyReadGenlib() skipped cell "sky130_fd_sc_hd__sdlclkp_1" without logic function.
ABC: Scl_LibertyReadGenlib() skipped cell "sky130_fd_sc_hd__sdlclkp_2" without logic function.
ABC: Scl_LibertyReadGenlib() skipped cell "sky130_fd_sc_hd__sdlclkp_4" without logic function.
ABC: Scl_LibertyReadGenlib() skipped sequential cell "sky130_fd_sc_hd__sedfxbp_1".
ABC: Scl_LibertyReadGenlib() skipped sequential cell "sky130_fd_sc_hd__sedfxbp_2".
ABC: Scl_LibertyReadGenlib() skipped sequential cell "sky130_fd_sc_hd__sedfxtp_1".
ABC: Scl_LibertyReadGenlib() skipped sequential cell "sky130_fd_sc_hd__sedfxtp_2".
ABC: Scl_LibertyReadGenlib() skipped sequential cell "sky130_fd_sc_hd__sedfxtp_4".
ABC: Library "sky130_fd_sc_hd__tt_025C_1v80" from "/foss/pdks/ciel/sky130/versions/d400e26845538beaeb7cc5fdb9bfc06c30ea27cb/sky130A/libs.ref/sky130_fd_sc_hd/lib/sky130_fd_sc_hd__tt_025C_1v80.lib" has 334 cells (94 skipped: 63 seq; 13 tri-state; 18 no func; 0 dont_use; 0 with 2 outputs; 0 with 3+ outputs).  Time =     0.16 sec
ABC: Memory =   19.85 MB. Time =     0.16 sec
ABC: Warning: Detected 9 multi-output cells (for example, "sky130_fd_sc_hd__fa_1").
ABC: + strash 
ABC: + &get -n 
ABC: + &fraig -x 
ABC: + &put 
ABC: + scorr 
ABC: Warning: The network is combinational (run "fraig" or "fraig_sweep").
ABC: + dc2 
ABC: + dretime 
ABC: + strash 
ABC: + &get -n 
ABC: + &dch -f 
ABC: + &nf 
ABC: + &put 
ABC: + write_blif <abc-temp-dir>/output.blif 
ABC: 

6.1.2. Re-integrating ABC results.
ABC RESULTS:   sky130_fd_sc_hd__clkinv_1 cells:        1
ABC RESULTS:   sky130_fd_sc_hd__mux2_1 cells:        1
ABC RESULTS:        internal signals:        0
ABC RESULTS:           input signals:        4
ABC RESULTS:          output signals:        2
Removing temp directory.

6.2. Extracting gate netlist of module `\fpmul' to `<abc-temp-dir>/input.blif'..

6.2.1. Executed ABC.
Extracted 505 gates and 552 wires to a netlist network with 47 inputs and 35 outputs.
Running ABC script: <abc-temp-dir>/abc.script
ABC: UC Berkeley, ABC 1.01 (compiled Dec 21 2025 19:49:10)
ABC: abc 01> empty
ABC: abc 01> source <abc-temp-dir>/abc.script
ABC: + read_blif <abc-temp-dir>/input.blif 
ABC: + read_lib -w /foss/pdks/ciel/sky130/versions/d400e26845538beaeb7cc5fdb9bfc06c30ea27cb/sky130A/libs.ref/sky130_fd_sc_hd/lib/sky130_fd_sc_hd__tt_025C_1v80.lib 
ABC: Parsing finished successfully.  Parsing time =     0.10 sec
ABC: Scl_LibertyReadGenlib() skipped cell "sky130_fd_sc_hd__decap_12" without logic function.
ABC: Scl_LibertyReadGenlib() skipped cell "sky130_fd_sc_hd__decap_3" without logic function.
ABC: Scl_LibertyReadGenlib() skipped cell "sky130_fd_sc_hd__decap_4" without logic function.
ABC: Scl_LibertyReadGenlib() skipped cell "sky130_fd_sc_hd__decap_6" without logic function.
ABC: Scl_LibertyReadGenlib() skipped cell "sky130_fd_sc_hd__decap_8" without logic function.
ABC: Scl_LibertyReadGenlib() skipped sequential cell "sky130_fd_sc_hd__dfbbn_1".
ABC: Scl_LibertyReadGenlib() skipped sequential cell "sky130_fd_sc_hd__dfbbn_2".
ABC: Scl_LibertyReadGenlib() skipped sequential cell "sky130_fd_sc_hd__dfbbp_1".
ABC: Scl_LibertyReadGenlib() skipped sequential cell "sky130_fd_sc_hd__dfrbp_1".
ABC: Scl_LibertyReadGenlib() skipped sequential cell "sky130_fd_sc_hd__dfrbp_2".
ABC: Scl_LibertyReadGenlib() skipped sequential cell "sky130_fd_sc_hd__dfrtn_1".
ABC: Scl_LibertyReadGenlib() skipped sequential cell "sky130_fd_sc_hd__dfrtp_1".
ABC: Scl_LibertyReadGenlib() skipped sequential cell "sky130_fd_sc_hd__dfrtp_2".
ABC: Scl_LibertyReadGenlib() skipped sequential cell "sky130_fd_sc_hd__dfrtp_4".
ABC: Scl_LibertyReadGenlib() skipped sequential cell "sky130_fd_sc_hd__dfsbp_1".
ABC: Scl_LibertyReadGenlib() skipped sequential cell "sky130_fd_sc_hd__dfsbp_2".
ABC: Scl_LibertyReadGenlib() skipped sequential cell "sky130_fd_sc_hd__dfstp_1".
ABC: Scl_LibertyReadGenlib() skipped sequential cell "sky130_fd_sc_hd__dfstp_2".
ABC: Scl_LibertyReadGenlib() skipped sequential cell "sky130_fd_sc_hd__dfstp_4".
ABC: Scl_LibertyReadGenlib() skipped sequential cell "sky130_fd_sc_hd__dfxbp_1".
ABC: Scl_LibertyReadGenlib() skipped sequential cell "sky130_fd_sc_hd__dfxbp_2".
ABC: Scl_LibertyReadGenlib() skipped sequential cell "sky130_fd_sc_hd__dfxtp_1".
ABC: Scl_LibertyReadGenlib() skipped sequential cell "sky130_fd_sc_hd__dfxtp_2".
ABC: Scl_LibertyReadGenlib() skipped sequential cell "sky130_fd_sc_hd__dfxtp_4".
ABC: Scl_LibertyReadGenlib() skipped cell "sky130_fd_sc_hd__diode_2" without logic function.
ABC: Scl_LibertyReadGenlib() skipped cell "sky130_fd_sc_hd__dlclkp_1" without logic function.
ABC: Scl_LibertyReadGenlib() skipped cell "sky130_fd_sc_hd__dlclkp_2" without logic function.
ABC: Scl_LibertyReadGenlib() skipped cell "sky130_fd_sc_hd__dlclkp_4" without logic function.
ABC: Scl_LibertyReadGenlib() skipped sequential cell "sky130_fd_sc_hd__dlrbn_1".
ABC: Scl_LibertyReadGenlib() skipped sequential cell "sky130_fd_sc_hd__dlrbn_2".
ABC: Scl_LibertyReadGenlib() skipped sequential cell "sky130_fd_sc_hd__dlrbp_1".
ABC: Scl_LibertyReadGenlib() skipped sequential cell "sky130_fd_sc_hd__dlrbp_2".
ABC: Scl_LibertyReadGenlib() skipped sequential cell "sky130_fd_sc_hd__dlrtn_1".
ABC: Scl_LibertyReadGenlib() skipped sequential cell "sky130_fd_sc_hd__dlrtn_2".
ABC: Scl_LibertyReadGenlib() skipped sequential cell "sky130_fd_sc_hd__dlrtn_4".
ABC: Scl_LibertyReadGenlib() skipped sequential cell "sky130_fd_sc_hd__dlrtp_1".
ABC: Scl_LibertyReadGenlib() skipped sequential cell "sky130_fd_sc_hd__dlrtp_2".
ABC: Scl_LibertyReadGenlib() skipped sequential cell "sky130_fd_sc_hd__dlrtp_4".
ABC: Scl_LibertyReadGenlib() skipped sequential cell "sky130_fd_sc_hd__dlxbn_1".
ABC: Scl_LibertyReadGenlib() skipped sequential cell "sky130_fd_sc_hd__dlxbn_2".
ABC: Scl_LibertyReadGenlib() skipped sequential cell "sky130_fd_sc_hd__dlxbp_1".
ABC: Scl_LibertyReadGenlib() skipped sequential cell "sky130_fd_sc_hd__dlxtn_1".
ABC: Scl_LibertyReadGenlib() skipped sequential cell "sky130_fd_sc_hd__dlxtn_2".
ABC: Scl_LibertyReadGenlib() skipped sequential cell "sky130_fd_sc_hd__dlxtn_4".
ABC: Scl_LibertyReadGenlib() skipped sequential cell "sky130_fd_sc_hd__dlxtp_1".
ABC: Scl_LibertyReadGenlib() skipped three-state cell "sky130_fd_sc_hd__ebufn_1".
ABC: Scl_LibertyReadGenlib() skipped three-state cell "sky130_fd_sc_hd__ebufn_2".
ABC: Scl_LibertyReadGenlib() skipped three-state cell "sky130_fd_sc_hd__ebufn_4".
ABC: Scl_LibertyReadGenlib() skipped three-state cell "sky130_fd_sc_hd__ebufn_8".
ABC: Scl_LibertyReadGenlib() skipped sequential cell "sky130_fd_sc_hd__edfxbp_1".
ABC: Scl_LibertyReadGenlib() skipped sequential cell "sky130_fd_sc_hd__edfxtp_1".
ABC: Scl_LibertyReadGenlib() skipped three-state cell "sky130_fd_sc_hd__einvn_0".
ABC: Scl_LibertyReadGenlib() skipped three-state cell "sky130_fd_sc_hd__einvn_1".
ABC: Scl_LibertyReadGenlib() skipped three-state cell "sky130_fd_sc_hd__einvn_2".
ABC: Scl_LibertyReadGenlib() skipped three-state cell "sky130_fd_sc_hd__einvn_4".
ABC: Scl_LibertyReadGenlib() skipped three-state cell "sky130_fd_sc_hd__einvn_8".
ABC: Scl_LibertyReadGenlib() skipped three-state cell "sky130_fd_sc_hd__einvp_1".
ABC: Scl_LibertyReadGenlib() skipped three-state cell "sky130_fd_sc_hd__einvp_2".
ABC: Scl_LibertyReadGenlib() skipped three-state cell "sky130_fd_sc_hd__einvp_4".
ABC: Scl_LibertyReadGenlib() skipped three-state cell "sky130_fd_sc_hd__einvp_8".
ABC: Scl_LibertyReadGenlib() skipped cell "sky130_fd_sc_hd__lpflow_bleeder_1" without logic function.
ABC: Scl_LibertyReadGenlib() skipped cell "sky130_fd_sc_hd__lpflow_decapkapwr_12" without logic function.
ABC: Scl_LibertyReadGenlib() skipped cell "sky130_fd_sc_hd__lpflow_decapkapwr_3" without logic function.
ABC: Scl_LibertyReadGenlib() skipped cell "sky130_fd_sc_hd__lpflow_decapkapwr_4" without logic function.
ABC: Scl_LibertyReadGenlib() skipped cell "sky130_fd_sc_hd__lpflow_decapkapwr_6" without logic function.
ABC: Scl_LibertyReadGenlib() skipped cell "sky130_fd_sc_hd__lpflow_decapkapwr_8" without logic function.
ABC: Scl_LibertyReadGenlib() skipped sequential cell "sky130_fd_sc_hd__lpflow_inputisolatch_1".
ABC: Scl_LibertyReadGenlib() skipped sequential cell "sky130_fd_sc_hd__sdfbbn_1".
ABC: Scl_LibertyReadGenlib() skipped sequential cell "sky130_fd_sc_hd__sdfbbn_2".
ABC: Scl_LibertyReadGenlib() skipped sequential cell "sky130_fd_sc_hd__sdfbbp_1".
ABC: Scl_LibertyReadGenlib() skipped sequential cell "sky130_fd_sc_hd__sdfrbp_1".
ABC: Scl_LibertyReadGenlib() skipped sequential cell "sky130_fd_sc_hd__sdfrbp_2".
ABC: Scl_LibertyReadGenlib() skipped sequential cell "sky130_fd_sc_hd__sdfrtn_1".
ABC: Scl_LibertyReadGenlib() skipped sequential cell "sky130_fd_sc_hd__sdfrtp_1".
ABC: Scl_LibertyReadGenlib() skipped sequential cell "sky130_fd_sc_hd__sdfrtp_2".
ABC: Scl_LibertyReadGenlib() skipped sequential cell "sky130_fd_sc_hd__sdfrtp_4".
ABC: Scl_LibertyReadGenlib() skipped sequential cell "sky130_fd_sc_hd__sdfsbp_1".
ABC: Scl_LibertyReadGenlib() skipped sequential cell "sky130_fd_sc_hd__sdfsbp_2".
ABC: Scl_LibertyReadGenlib() skipped sequential cell "sky130_fd_sc_hd__sdfstp_1".
ABC: Scl_LibertyReadGenlib() skipped sequential cell "sky130_fd_sc_hd__sdfstp_2".
ABC: Scl_LibertyReadGenlib() skipped sequential cell "sky130_fd_sc_hd__sdfstp_4".
ABC: Scl_LibertyReadGenlib() skipped sequential cell "sky130_fd_sc_hd__sdfxbp_1".
ABC: Scl_LibertyReadGenlib() skipped sequential cell "sky130_fd_sc_hd__sdfxbp_2".
ABC: Scl_LibertyReadGenlib() skipped sequential cell "sky130_fd_sc_hd__sdfxtp_1".
ABC: Scl_LibertyReadGenlib() skipped sequential cell "sky130_fd_sc_hd__sdfxtp_2".
ABC: Scl_LibertyReadGenlib() skipped sequential cell "sky130_fd_sc_hd__sdfxtp_4".
ABC: Scl_LibertyReadGenlib() skipped cell "sky130_fd_sc_hd__sdlclkp_1" without logic function.
ABC: Scl_LibertyReadGenlib() skipped cell "sky130_fd_sc_hd__sdlclkp_2" without logic function.
ABC: Scl_LibertyReadGenlib() skipped cell "sky130_fd_sc_hd__sdlclkp_4" without logic function.
ABC: Scl_LibertyReadGenlib() skipped sequential cell "sky130_fd_sc_hd__sedfxbp_1".
ABC: Scl_LibertyReadGenlib() skipped sequential cell "sky130_fd_sc_hd__sedfxbp_2".
ABC: Scl_LibertyReadGenlib() skipped sequential cell "sky130_fd_sc_hd__sedfxtp_1".
ABC: Scl_LibertyReadGenlib() skipped sequential cell "sky130_fd_sc_hd__sedfxtp_2".
ABC: Scl_LibertyReadGenlib() skipped sequential cell "sky130_fd_sc_hd__sedfxtp_4".
ABC: Library "sky130_fd_sc_hd__tt_025C_1v80" from "/foss/pdks/ciel/sky130/versions/d400e26845538beaeb7cc5fdb9bfc06c30ea27cb/sky130A/libs.ref/sky130_fd_sc_hd/lib/sky130_fd_sc_hd__tt_025C_1v80.lib" has 334 cells (94 skipped: 63 seq; 13 tri-state; 18 no func; 0 dont_use; 0 with 2 outputs; 0 with 3+ outputs).  Time =     0.15 sec
ABC: Memory =   19.85 MB. Time =     0.15 sec
ABC: Warning: Detected 9 multi-output cells (for example, "sky130_fd_sc_hd__fa_1").
ABC: + strash 
ABC: + &get -n 
ABC: + &fraig -x 
ABC: + &put 
ABC: + scorr 
ABC: Warning: The network is combinational (run "fraig" or "fraig_sweep").
ABC: + dc2 
ABC: + dretime 
ABC: + strash 
ABC: + &get -n 
ABC: + &dch -f 
ABC: + &nf 
ABC: + &put 
ABC: + write_blif <abc-temp-dir>/output.blif 
ABC: 

6.2.2. Re-integrating ABC results.
ABC RESULTS:          _const1_ cells:        1
ABC RESULTS:   sky130_fd_sc_hd__a2111oi_0 cells:        1
ABC RESULTS:   sky130_fd_sc_hd__a211oi_1 cells:        3
ABC RESULTS:   sky130_fd_sc_hd__a21o_1 cells:        7
ABC RESULTS:   sky130_fd_sc_hd__a21oi_1 cells:       14
ABC RESULTS:   sky130_fd_sc_hd__a22o_1 cells:        2
ABC RESULTS:   sky130_fd_sc_hd__a22oi_1 cells:        4
ABC RESULTS:   sky130_fd_sc_hd__a311o_1 cells:        1
ABC RESULTS:   sky130_fd_sc_hd__a31oi_1 cells:        1
ABC RESULTS:   sky130_fd_sc_hd__and2_0 cells:        6
ABC RESULTS:   sky130_fd_sc_hd__and3_1 cells:       19
ABC RESULTS:   sky130_fd_sc_hd__and4_1 cells:        2
ABC RESULTS:   sky130_fd_sc_hd__clkinv_1 cells:        8
ABC RESULTS:   sky130_fd_sc_hd__lpflow_inputiso1p_1 cells:        1
ABC RESULTS:   sky130_fd_sc_hd__lpflow_isobufsrc_1 cells:        9
ABC RESULTS:   sky130_fd_sc_hd__maj3_1 cells:       26
ABC RESULTS:   sky130_fd_sc_hd__mux2_1 cells:        4
ABC RESULTS:   sky130_fd_sc_hd__mux2i_1 cells:        1
ABC RESULTS:   sky130_fd_sc_hd__nand2_1 cells:       50
ABC RESULTS:   sky130_fd_sc_hd__nand2b_1 cells:        6
ABC RESULTS:   sky130_fd_sc_hd__nand3_1 cells:       12
ABC RESULTS:   sky130_fd_sc_hd__nand4_1 cells:        4
ABC RESULTS:   sky130_fd_sc_hd__nor2_1 cells:       25
ABC RESULTS:   sky130_fd_sc_hd__nor2b_1 cells:        3
ABC RESULTS:   sky130_fd_sc_hd__nor3_1 cells:        7
ABC RESULTS:   sky130_fd_sc_hd__nor4_1 cells:        3
ABC RESULTS:   sky130_fd_sc_hd__nor4b_1 cells:        1
ABC RESULTS:   sky130_fd_sc_hd__o211ai_1 cells:        1
ABC RESULTS:   sky130_fd_sc_hd__o21a_1 cells:        3
ABC RESULTS:   sky130_fd_sc_hd__o21ai_0 cells:       10
ABC RESULTS:   sky130_fd_sc_hd__o21bai_1 cells:        1
ABC RESULTS:   sky130_fd_sc_hd__o22ai_1 cells:        1
ABC RESULTS:   sky130_fd_sc_hd__o31ai_1 cells:        2
ABC RESULTS:   sky130_fd_sc_hd__or4_1 cells:        4
ABC RESULTS:   sky130_fd_sc_hd__xnor2_1 cells:       62
ABC RESULTS:   sky130_fd_sc_hd__xnor3_1 cells:        7
ABC RESULTS:   sky130_fd_sc_hd__xor2_1 cells:       31
ABC RESULTS:   sky130_fd_sc_hd__xor3_1 cells:        2
ABC RESULTS:        internal signals:      470
ABC RESULTS:           input signals:       47
ABC RESULTS:          output signals:       35
Removing temp directory.

6.3. Extracting gate netlist of module `\rounder' to `<abc-temp-dir>/input.blif'..

6.3.1. Executed ABC.
Extracted 110 gates and 129 wires to a netlist network with 19 inputs and 16 outputs.
Running ABC script: <abc-temp-dir>/abc.script
ABC: UC Berkeley, ABC 1.01 (compiled Dec 21 2025 19:49:10)
ABC: abc 01> empty
ABC: abc 01> source <abc-temp-dir>/abc.script
ABC: + read_blif <abc-temp-dir>/input.blif 
ABC: + read_lib -w /foss/pdks/ciel/sky130/versions/d400e26845538beaeb7cc5fdb9bfc06c30ea27cb/sky130A/libs.ref/sky130_fd_sc_hd/lib/sky130_fd_sc_hd__tt_025C_1v80.lib 
ABC: Parsing finished successfully.  Parsing time =     0.10 sec
ABC: Scl_LibertyReadGenlib() skipped cell "sky130_fd_sc_hd__decap_12" without logic function.
ABC: Scl_LibertyReadGenlib() skipped cell "sky130_fd_sc_hd__decap_3" without logic function.
ABC: Scl_LibertyReadGenlib() skipped cell "sky130_fd_sc_hd__decap_4" without logic function.
ABC: Scl_LibertyReadGenlib() skipped cell "sky130_fd_sc_hd__decap_6" without logic function.
ABC: Scl_LibertyReadGenlib() skipped cell "sky130_fd_sc_hd__decap_8" without logic function.
ABC: Scl_LibertyReadGenlib() skipped sequential cell "sky130_fd_sc_hd__dfbbn_1".
ABC: Scl_LibertyReadGenlib() skipped sequential cell "sky130_fd_sc_hd__dfbbn_2".
ABC: Scl_LibertyReadGenlib() skipped sequential cell "sky130_fd_sc_hd__dfbbp_1".
ABC: Scl_LibertyReadGenlib() skipped sequential cell "sky130_fd_sc_hd__dfrbp_1".
ABC: Scl_LibertyReadGenlib() skipped sequential cell "sky130_fd_sc_hd__dfrbp_2".
ABC: Scl_LibertyReadGenlib() skipped sequential cell "sky130_fd_sc_hd__dfrtn_1".
ABC: Scl_LibertyReadGenlib() skipped sequential cell "sky130_fd_sc_hd__dfrtp_1".
ABC: Scl_LibertyReadGenlib() skipped sequential cell "sky130_fd_sc_hd__dfrtp_2".
ABC: Scl_LibertyReadGenlib() skipped sequential cell "sky130_fd_sc_hd__dfrtp_4".
ABC: Scl_LibertyReadGenlib() skipped sequential cell "sky130_fd_sc_hd__dfsbp_1".
ABC: Scl_LibertyReadGenlib() skipped sequential cell "sky130_fd_sc_hd__dfsbp_2".
ABC: Scl_LibertyReadGenlib() skipped sequential cell "sky130_fd_sc_hd__dfstp_1".
ABC: Scl_LibertyReadGenlib() skipped sequential cell "sky130_fd_sc_hd__dfstp_2".
ABC: Scl_LibertyReadGenlib() skipped sequential cell "sky130_fd_sc_hd__dfstp_4".
ABC: Scl_LibertyReadGenlib() skipped sequential cell "sky130_fd_sc_hd__dfxbp_1".
ABC: Scl_LibertyReadGenlib() skipped sequential cell "sky130_fd_sc_hd__dfxbp_2".
ABC: Scl_LibertyReadGenlib() skipped sequential cell "sky130_fd_sc_hd__dfxtp_1".
ABC: Scl_LibertyReadGenlib() skipped sequential cell "sky130_fd_sc_hd__dfxtp_2".
ABC: Scl_LibertyReadGenlib() skipped sequential cell "sky130_fd_sc_hd__dfxtp_4".
ABC: Scl_LibertyReadGenlib() skipped cell "sky130_fd_sc_hd__diode_2" without logic function.
ABC: Scl_LibertyReadGenlib() skipped cell "sky130_fd_sc_hd__dlclkp_1" without logic function.
ABC: Scl_LibertyReadGenlib() skipped cell "sky130_fd_sc_hd__dlclkp_2" without logic function.
ABC: Scl_LibertyReadGenlib() skipped cell "sky130_fd_sc_hd__dlclkp_4" without logic function.
ABC: Scl_LibertyReadGenlib() skipped sequential cell "sky130_fd_sc_hd__dlrbn_1".
ABC: Scl_LibertyReadGenlib() skipped sequential cell "sky130_fd_sc_hd__dlrbn_2".
ABC: Scl_LibertyReadGenlib() skipped sequential cell "sky130_fd_sc_hd__dlrbp_1".
ABC: Scl_LibertyReadGenlib() skipped sequential cell "sky130_fd_sc_hd__dlrbp_2".
ABC: Scl_LibertyReadGenlib() skipped sequential cell "sky130_fd_sc_hd__dlrtn_1".
ABC: Scl_LibertyReadGenlib() skipped sequential cell "sky130_fd_sc_hd__dlrtn_2".
ABC: Scl_LibertyReadGenlib() skipped sequential cell "sky130_fd_sc_hd__dlrtn_4".
ABC: Scl_LibertyReadGenlib() skipped sequential cell "sky130_fd_sc_hd__dlrtp_1".
ABC: Scl_LibertyReadGenlib() skipped sequential cell "sky130_fd_sc_hd__dlrtp_2".
ABC: Scl_LibertyReadGenlib() skipped sequential cell "sky130_fd_sc_hd__dlrtp_4".
ABC: Scl_LibertyReadGenlib() skipped sequential cell "sky130_fd_sc_hd__dlxbn_1".
ABC: Scl_LibertyReadGenlib() skipped sequential cell "sky130_fd_sc_hd__dlxbn_2".
ABC: Scl_LibertyReadGenlib() skipped sequential cell "sky130_fd_sc_hd__dlxbp_1".
ABC: Scl_LibertyReadGenlib() skipped sequential cell "sky130_fd_sc_hd__dlxtn_1".
ABC: Scl_LibertyReadGenlib() skipped sequential cell "sky130_fd_sc_hd__dlxtn_2".
ABC: Scl_LibertyReadGenlib() skipped sequential cell "sky130_fd_sc_hd__dlxtn_4".
ABC: Scl_LibertyReadGenlib() skipped sequential cell "sky130_fd_sc_hd__dlxtp_1".
ABC: Scl_LibertyReadGenlib() skipped three-state cell "sky130_fd_sc_hd__ebufn_1".
ABC: Scl_LibertyReadGenlib() skipped three-state cell "sky130_fd_sc_hd__ebufn_2".
ABC: Scl_LibertyReadGenlib() skipped three-state cell "sky130_fd_sc_hd__ebufn_4".
ABC: Scl_LibertyReadGenlib() skipped three-state cell "sky130_fd_sc_hd__ebufn_8".
ABC: Scl_LibertyReadGenlib() skipped sequential cell "sky130_fd_sc_hd__edfxbp_1".
ABC: Scl_LibertyReadGenlib() skipped sequential cell "sky130_fd_sc_hd__edfxtp_1".
ABC: Scl_LibertyReadGenlib() skipped three-state cell "sky130_fd_sc_hd__einvn_0".
ABC: Scl_LibertyReadGenlib() skipped three-state cell "sky130_fd_sc_hd__einvn_1".
ABC: Scl_LibertyReadGenlib() skipped three-state cell "sky130_fd_sc_hd__einvn_2".
ABC: Scl_LibertyReadGenlib() skipped three-state cell "sky130_fd_sc_hd__einvn_4".
ABC: Scl_LibertyReadGenlib() skipped three-state cell "sky130_fd_sc_hd__einvn_8".
ABC: Scl_LibertyReadGenlib() skipped three-state cell "sky130_fd_sc_hd__einvp_1".
ABC: Scl_LibertyReadGenlib() skipped three-state cell "sky130_fd_sc_hd__einvp_2".
ABC: Scl_LibertyReadGenlib() skipped three-state cell "sky130_fd_sc_hd__einvp_4".
ABC: Scl_LibertyReadGenlib() skipped three-state cell "sky130_fd_sc_hd__einvp_8".
ABC: Scl_LibertyReadGenlib() skipped cell "sky130_fd_sc_hd__lpflow_bleeder_1" without logic function.
ABC: Scl_LibertyReadGenlib() skipped cell "sky130_fd_sc_hd__lpflow_decapkapwr_12" without logic function.
ABC: Scl_LibertyReadGenlib() skipped cell "sky130_fd_sc_hd__lpflow_decapkapwr_3" without logic function.
ABC: Scl_LibertyReadGenlib() skipped cell "sky130_fd_sc_hd__lpflow_decapkapwr_4" without logic function.
ABC: Scl_LibertyReadGenlib() skipped cell "sky130_fd_sc_hd__lpflow_decapkapwr_6" without logic function.
ABC: Scl_LibertyReadGenlib() skipped cell "sky130_fd_sc_hd__lpflow_decapkapwr_8" without logic function.
ABC: Scl_LibertyReadGenlib() skipped sequential cell "sky130_fd_sc_hd__lpflow_inputisolatch_1".
ABC: Scl_LibertyReadGenlib() skipped sequential cell "sky130_fd_sc_hd__sdfbbn_1".
ABC: Scl_LibertyReadGenlib() skipped sequential cell "sky130_fd_sc_hd__sdfbbn_2".
ABC: Scl_LibertyReadGenlib() skipped sequential cell "sky130_fd_sc_hd__sdfbbp_1".
ABC: Scl_LibertyReadGenlib() skipped sequential cell "sky130_fd_sc_hd__sdfrbp_1".
ABC: Scl_LibertyReadGenlib() skipped sequential cell "sky130_fd_sc_hd__sdfrbp_2".
ABC: Scl_LibertyReadGenlib() skipped sequential cell "sky130_fd_sc_hd__sdfrtn_1".
ABC: Scl_LibertyReadGenlib() skipped sequential cell "sky130_fd_sc_hd__sdfrtp_1".
ABC: Scl_LibertyReadGenlib() skipped sequential cell "sky130_fd_sc_hd__sdfrtp_2".
ABC: Scl_LibertyReadGenlib() skipped sequential cell "sky130_fd_sc_hd__sdfrtp_4".
ABC: Scl_LibertyReadGenlib() skipped sequential cell "sky130_fd_sc_hd__sdfsbp_1".
ABC: Scl_LibertyReadGenlib() skipped sequential cell "sky130_fd_sc_hd__sdfsbp_2".
ABC: Scl_LibertyReadGenlib() skipped sequential cell "sky130_fd_sc_hd__sdfstp_1".
ABC: Scl_LibertyReadGenlib() skipped sequential cell "sky130_fd_sc_hd__sdfstp_2".
ABC: Scl_LibertyReadGenlib() skipped sequential cell "sky130_fd_sc_hd__sdfstp_4".
ABC: Scl_LibertyReadGenlib() skipped sequential cell "sky130_fd_sc_hd__sdfxbp_1".
ABC: Scl_LibertyReadGenlib() skipped sequential cell "sky130_fd_sc_hd__sdfxbp_2".
ABC: Scl_LibertyReadGenlib() skipped sequential cell "sky130_fd_sc_hd__sdfxtp_1".
ABC: Scl_LibertyReadGenlib() skipped sequential cell "sky130_fd_sc_hd__sdfxtp_2".
ABC: Scl_LibertyReadGenlib() skipped sequential cell "sky130_fd_sc_hd__sdfxtp_4".
ABC: Scl_LibertyReadGenlib() skipped cell "sky130_fd_sc_hd__sdlclkp_1" without logic function.
ABC: Scl_LibertyReadGenlib() skipped cell "sky130_fd_sc_hd__sdlclkp_2" without logic function.
ABC: Scl_LibertyReadGenlib() skipped cell "sky130_fd_sc_hd__sdlclkp_4" without logic function.
ABC: Scl_LibertyReadGenlib() skipped sequential cell "sky130_fd_sc_hd__sedfxbp_1".
ABC: Scl_LibertyReadGenlib() skipped sequential cell "sky130_fd_sc_hd__sedfxbp_2".
ABC: Scl_LibertyReadGenlib() skipped sequential cell "sky130_fd_sc_hd__sedfxtp_1".
ABC: Scl_LibertyReadGenlib() skipped sequential cell "sky130_fd_sc_hd__sedfxtp_2".
ABC: Scl_LibertyReadGenlib() skipped sequential cell "sky130_fd_sc_hd__sedfxtp_4".
ABC: Library "sky130_fd_sc_hd__tt_025C_1v80" from "/foss/pdks/ciel/sky130/versions/d400e26845538beaeb7cc5fdb9bfc06c30ea27cb/sky130A/libs.ref/sky130_fd_sc_hd/lib/sky130_fd_sc_hd__tt_025C_1v80.lib" has 334 cells (94 skipped: 63 seq; 13 tri-state; 18 no func; 0 dont_use; 0 with 2 outputs; 0 with 3+ outputs).  Time =     0.15 sec
ABC: Memory =   19.85 MB. Time =     0.15 sec
ABC: Warning: Detected 9 multi-output cells (for example, "sky130_fd_sc_hd__fa_1").
ABC: + strash 
ABC: + &get -n 
ABC: + &fraig -x 
ABC: + &put 
ABC: + scorr 
ABC: Warning: The network is combinational (run "fraig" or "fraig_sweep").
ABC: + dc2 
ABC: + dretime 
ABC: + strash 
ABC: + &get -n 
ABC: + &dch -f 
ABC: + &nf 
ABC: + &put 
ABC: + write_blif <abc-temp-dir>/output.blif 
ABC: 

6.3.2. Re-integrating ABC results.
ABC RESULTS:   sky130_fd_sc_hd__a31oi_1 cells:        3
ABC RESULTS:   sky130_fd_sc_hd__and4_1 cells:        1
ABC RESULTS:   sky130_fd_sc_hd__clkinv_1 cells:        3
ABC RESULTS:   sky130_fd_sc_hd__lpflow_isobufsrc_1 cells:        1
ABC RESULTS:   sky130_fd_sc_hd__mux2i_1 cells:        1
ABC RESULTS:   sky130_fd_sc_hd__nand2_1 cells:        5
ABC RESULTS:   sky130_fd_sc_hd__nand3_1 cells:        2
ABC RESULTS:   sky130_fd_sc_hd__nand4_1 cells:        4
ABC RESULTS:   sky130_fd_sc_hd__nor2_1 cells:        2
ABC RESULTS:   sky130_fd_sc_hd__nor2b_1 cells:        1
ABC RESULTS:   sky130_fd_sc_hd__nor3_1 cells:        1
ABC RESULTS:   sky130_fd_sc_hd__o21ai_0 cells:        2
ABC RESULTS:   sky130_fd_sc_hd__xnor2_1 cells:        9
ABC RESULTS:   sky130_fd_sc_hd__xor2_1 cells:        2
ABC RESULTS:        internal signals:       94
ABC RESULTS:           input signals:       19
ABC RESULTS:          output signals:       16
Removing temp directory.
Removing global temp directory.

7. Printing statistics.

=== $paramod\myreg\N=s32'00000000000000000000000000000001 ===

        +----------Local Count, excluding submodules.
        | 
       13 wires
       13 wire bits
        5 public wires
        5 public wire bits
        5 ports
        5 port bits
        3 cells
        1   sky130_fd_sc_hd__clkinv_1
        1   sky130_fd_sc_hd__dfrtp_1
        1   sky130_fd_sc_hd__mux2_1

=== fpmul ===

        +----------Local Count, excluding submodules.
        | 
      876 wires
      967 wire bits
       14 public wires
      105 public wire bits
        7 ports
       52 port bits
      344 cells
        1   sky130_fd_sc_hd__a2111oi_0
        3   sky130_fd_sc_hd__a211oi_1
        7   sky130_fd_sc_hd__a21o_1
       14   sky130_fd_sc_hd__a21oi_1
        2   sky130_fd_sc_hd__a22o_1
        4   sky130_fd_sc_hd__a22oi_1
        1   sky130_fd_sc_hd__a311o_1
        1   sky130_fd_sc_hd__a31oi_1
        6   sky130_fd_sc_hd__and2_0
       19   sky130_fd_sc_hd__and3_1
        2   sky130_fd_sc_hd__and4_1
        8   sky130_fd_sc_hd__clkinv_1
        1   sky130_fd_sc_hd__lpflow_inputiso1p_1
        9   sky130_fd_sc_hd__lpflow_isobufsrc_1
       26   sky130_fd_sc_hd__maj3_1
        4   sky130_fd_sc_hd__mux2_1
        1   sky130_fd_sc_hd__mux2i_1
       50   sky130_fd_sc_hd__nand2_1
        6   sky130_fd_sc_hd__nand2b_1
       12   sky130_fd_sc_hd__nand3_1
        4   sky130_fd_sc_hd__nand4_1
       25   sky130_fd_sc_hd__nor2_1
        3   sky130_fd_sc_hd__nor2b_1
        7   sky130_fd_sc_hd__nor3_1
        3   sky130_fd_sc_hd__nor4_1
        1   sky130_fd_sc_hd__nor4b_1
        1   sky130_fd_sc_hd__o211ai_1
        3   sky130_fd_sc_hd__o21a_1
       10   sky130_fd_sc_hd__o21ai_0
        1   sky130_fd_sc_hd__o21bai_1
        1   sky130_fd_sc_hd__o22ai_1
        2   sky130_fd_sc_hd__o31ai_1
        4   sky130_fd_sc_hd__or4_1
       62   sky130_fd_sc_hd__xnor2_1
        7   sky130_fd_sc_hd__xnor3_1
       31   sky130_fd_sc_hd__xor2_1
        2   sky130_fd_sc_hd__xor3_1
        2 submodules
        1   $paramod\myreg\N=s32'00000000000000000000000000000001
        1   rounder

=== rounder ===

        +----------Local Count, excluding submodules.
        | 
      155 wires
      193 wire bits
        5 public wires
       43 public wire bits
        4 ports
       35 port bits
       37 cells
        3   sky130_fd_sc_hd__a31oi_1
        1   sky130_fd_sc_hd__and4_1
        3   sky130_fd_sc_hd__clkinv_1
        1   sky130_fd_sc_hd__lpflow_isobufsrc_1
        1   sky130_fd_sc_hd__mux2i_1
        5   sky130_fd_sc_hd__nand2_1
        2   sky130_fd_sc_hd__nand3_1
        4   sky130_fd_sc_hd__nand4_1
        2   sky130_fd_sc_hd__nor2_1
        1   sky130_fd_sc_hd__nor2b_1
        1   sky130_fd_sc_hd__nor3_1
        2   sky130_fd_sc_hd__o21ai_0
        9   sky130_fd_sc_hd__xnor2_1
        2   sky130_fd_sc_hd__xor2_1

=== design hierarchy ===

        +----------Count including submodules.
        | 
      384 fpmul
        3 $paramod\myreg\N=s32'00000000000000000000000000000001
       37 rounder

        +----------Count including submodules.
        | 
     1044 wires
     1173 wire bits
       24 public wires
      153 public wire bits
       16 ports
       92 port bits
        - memories
        - memory bits
        - processes
      384 cells
        1   sky130_fd_sc_hd__a2111oi_0
        3   sky130_fd_sc_hd__a211oi_1
        7   sky130_fd_sc_hd__a21o_1
       14   sky130_fd_sc_hd__a21oi_1
        2   sky130_fd_sc_hd__a22o_1
        4   sky130_fd_sc_hd__a22oi_1
        1   sky130_fd_sc_hd__a311o_1
        4   sky130_fd_sc_hd__a31oi_1
        6   sky130_fd_sc_hd__and2_0
       19   sky130_fd_sc_hd__and3_1
        3   sky130_fd_sc_hd__and4_1
       12   sky130_fd_sc_hd__clkinv_1
        1   sky130_fd_sc_hd__dfrtp_1
        1   sky130_fd_sc_hd__lpflow_inputiso1p_1
       10   sky130_fd_sc_hd__lpflow_isobufsrc_1
       26   sky130_fd_sc_hd__maj3_1
        5   sky130_fd_sc_hd__mux2_1
        2   sky130_fd_sc_hd__mux2i_1
       55   sky130_fd_sc_hd__nand2_1
        6   sky130_fd_sc_hd__nand2b_1
       14   sky130_fd_sc_hd__nand3_1
        8   sky130_fd_sc_hd__nand4_1
       27   sky130_fd_sc_hd__nor2_1
        4   sky130_fd_sc_hd__nor2b_1
        8   sky130_fd_sc_hd__nor3_1
        3   sky130_fd_sc_hd__nor4_1
        1   sky130_fd_sc_hd__nor4b_1
        1   sky130_fd_sc_hd__o211ai_1
        3   sky130_fd_sc_hd__o21a_1
       12   sky130_fd_sc_hd__o21ai_0
        1   sky130_fd_sc_hd__o21bai_1
        1   sky130_fd_sc_hd__o22ai_1
        2   sky130_fd_sc_hd__o31ai_1
        4   sky130_fd_sc_hd__or4_1
       71   sky130_fd_sc_hd__xnor2_1
        7   sky130_fd_sc_hd__xnor3_1
       33   sky130_fd_sc_hd__xor2_1
        2   sky130_fd_sc_hd__xor3_1
        2 submodules
        1   $paramod\myreg\N=s32'00000000000000000000000000000001
        1   rounder

8. Executing Verilog backend.

8.1. Executing BMUXMAP pass.

8.2. Executing DEMUXMAP pass.
Dumping module `$paramod\myreg\N=s32'00000000000000000000000000000001'.
Dumping module `\fpmul'.
Dumping module `\rounder'.

End of script. Logfile hash: 0e80d8475f, CPU: user 0.29s system 0.05s, MEM: 62.62 MB peak
Yosys 0.60 (git sha1 5bafeb77d, g++ 13.3.0-6ubuntu2~24.04 -fPIC -O3)
Time spent: 79% 2x abc (1 sec), 5% 1x dfflibmap (0 sec), ...
