
===========================================================================
report_checks -unconstrained
===========================================================================
======================= max_ss_100C_1v60 Corner ===================================

Startpoint: rst (input port clocked by clk)
Endpoint: _3158_ (recovery check against rising-edge clock clk)
Path Group: asynchronous
Path Type: max

Fanout         Cap        Slew       Delay        Time   Description
---------------------------------------------------------------------------------------------
                                  0.000000    0.000000   clock clk (rise edge)
                                  0.000000    0.000000   clock network delay (propagated)
                                  4.000000    4.000000 v input external delay
     1    0.008155    0.039853    0.025866    4.025866 v rst (in)
                                                         rst (net)
                      0.039857    0.000000    4.025866 v input2/A (sky130_fd_sc_hd__clkbuf_16)
   118    0.687394    0.693415    0.609944    4.635809 v input2/X (sky130_fd_sc_hd__clkbuf_16)
                                                         net2 (net)
                      0.706252    0.077942    4.713752 v load_slew5/A (sky130_fd_sc_hd__clkbuf_16)
    68    0.397301    0.412889    0.776123    5.489874 v load_slew5/X (sky130_fd_sc_hd__clkbuf_16)
                                                         net5 (net)
                      0.435954    0.075457    5.565331 v _2973_/A (sky130_fd_sc_hd__inv_2)
     1    0.003551    0.104033    0.172399    5.737730 ^ _2973_/Y (sky130_fd_sc_hd__inv_2)
                                                         _0069_ (net)
                      0.104033    0.000089    5.737819 ^ _3158_/SET_B (sky130_fd_sc_hd__dfstp_1)
                                              5.737819   data arrival time

                                 20.000000   20.000000   clock clk (rise edge)
                                  0.000000   20.000000   clock source latency
     1    0.027657    0.203756    0.141023   20.141024 ^ clk (in)
                                                         clk (net)
                      0.203821    0.000000   20.141024 ^ clkbuf_0_clk/A (sky130_fd_sc_hd__clkbuf_16)
    16    0.122816    0.209261    0.397288   20.538311 ^ clkbuf_0_clk/X (sky130_fd_sc_hd__clkbuf_16)
                                                         clknet_0_clk (net)
                      0.209855    0.008264   20.546576 ^ clkbuf_4_3_0_clk/A (sky130_fd_sc_hd__clkbuf_8)
    11    0.058937    0.175592    0.375803   20.922377 ^ clkbuf_4_3_0_clk/X (sky130_fd_sc_hd__clkbuf_8)
                                                         clknet_4_3_0_clk (net)
                      0.175636    0.002709   20.925087 ^ _3158_/CLK (sky130_fd_sc_hd__dfstp_1)
                                 -0.500000   20.425087   clock uncertainty
                                  0.000000   20.425087   clock reconvergence pessimism
                                  0.295818   20.720903   library recovery time
                                             20.720903   data required time
---------------------------------------------------------------------------------------------
                                             20.720903   data required time
                                             -5.737819   data arrival time
---------------------------------------------------------------------------------------------
                                             14.983084   slack (MET)


Startpoint: _3071_ (rising edge-triggered flip-flop clocked by clk)
Endpoint: _3023_ (rising edge-triggered flip-flop clocked by clk)
Path Group: clk
Path Type: max

Fanout         Cap        Slew       Delay        Time   Description
---------------------------------------------------------------------------------------------
                                  0.000000    0.000000   clock clk (rise edge)
                                  0.000000    0.000000   clock source latency
     1    0.027657    0.203756    0.141024    0.141024 ^ clk (in)
                                                         clk (net)
                      0.203821    0.000000    0.141024 ^ clkbuf_0_clk/A (sky130_fd_sc_hd__clkbuf_16)
    16    0.122816    0.209261    0.397286    0.538310 ^ clkbuf_0_clk/X (sky130_fd_sc_hd__clkbuf_16)
                                                         clknet_0_clk (net)
                      0.209925    0.008816    0.547126 ^ clkbuf_4_14_0_clk/A (sky130_fd_sc_hd__clkbuf_8)
    11    0.070007    0.202649    0.396452    0.943578 ^ clkbuf_4_14_0_clk/X (sky130_fd_sc_hd__clkbuf_8)
                                                         clknet_4_14_0_clk (net)
                      0.202665    0.001989    0.945567 ^ _3071_/CLK (sky130_fd_sc_hd__dfrtp_2)
     8    0.022523    0.160932    0.973728    1.919295 v _3071_/Q (sky130_fd_sc_hd__dfrtp_2)
                                                         my_sum_sub.cm_exp[1] (net)
                      0.160932    0.001924    1.921219 v _2404_/C (sky130_fd_sc_hd__and3_1)
     5    0.017059    0.183722    0.521093    2.442311 v _2404_/X (sky130_fd_sc_hd__and3_1)
                                                         _0703_ (net)
                      0.183727    0.001206    2.443517 v _2408_/A3 (sky130_fd_sc_hd__a32o_2)
     5    0.022347    0.146841    0.612677    3.056195 v _2408_/X (sky130_fd_sc_hd__a32o_2)
                                                         _0707_ (net)
                      0.146848    0.001246    3.057440 v _2425_/B (sky130_fd_sc_hd__or3_1)
     2    0.006116    0.170182    0.872436    3.929876 v _2425_/X (sky130_fd_sc_hd__or3_1)
                                                         _0724_ (net)
                      0.170182    0.000422    3.930298 v _2429_/B (sky130_fd_sc_hd__or4b_4)
     4    0.019555    0.202743    1.145089    5.075387 v _2429_/X (sky130_fd_sc_hd__or4b_4)
                                                         _0728_ (net)
                      0.202866    0.000600    5.075987 v _2445_/A1 (sky130_fd_sc_hd__a21o_4)
     4    0.019982    0.094046    0.464421    5.540407 v _2445_/X (sky130_fd_sc_hd__a21o_4)
                                                         _0744_ (net)
                      0.094062    0.001224    5.541632 v _2449_/A (sky130_fd_sc_hd__nor4_4)
     5    0.021836    0.630940    0.726981    6.268612 ^ _2449_/Y (sky130_fd_sc_hd__nor4_4)
                                                         _0748_ (net)
                      0.630940    0.001593    6.270205 ^ _2453_/B (sky130_fd_sc_hd__xnor2_2)
     4    0.009949    0.161305    0.326473    6.596678 v _2453_/Y (sky130_fd_sc_hd__xnor2_2)
                                                         _0752_ (net)
                      0.161305    0.000496    6.597174 v _2486_/A (sky130_fd_sc_hd__or4_4)
     3    0.007611    0.167093    1.103349    7.700522 v _2486_/X (sky130_fd_sc_hd__or4_4)
                                                         _0785_ (net)
                      0.167093    0.000418    7.700941 v _2492_/A2 (sky130_fd_sc_hd__o2111a_1)
     3    0.013909    0.163165    0.543795    8.244736 v _2492_/X (sky130_fd_sc_hd__o2111a_1)
                                                         _0791_ (net)
                      0.163166    0.000799    8.245535 v _2494_/B (sky130_fd_sc_hd__xor2_2)
     4    0.020432    0.215832    0.368954    8.614489 v _2494_/X (sky130_fd_sc_hd__xor2_2)
                                                         _0793_ (net)
                      0.215832    0.000936    8.615425 v _2503_/A (sky130_fd_sc_hd__or4_4)
     7    0.029830    0.232284    1.241599    9.857024 v _2503_/X (sky130_fd_sc_hd__or4_4)
                                                         _0802_ (net)
                      0.232284    0.001658    9.858682 v _2506_/A1 (sky130_fd_sc_hd__o211ai_4)
     3    0.011184    0.266721    0.393220   10.251902 ^ _2506_/Y (sky130_fd_sc_hd__o211ai_4)
                                                         _0805_ (net)
                      0.266722    0.000676   10.252578 ^ _2519_/B1 (sky130_fd_sc_hd__o211ai_1)
     2    0.005693    0.217554    0.311223   10.563801 v _2519_/Y (sky130_fd_sc_hd__o211ai_1)
                                                         _0818_ (net)
                      0.217554    0.000337   10.564137 v _2523_/A (sky130_fd_sc_hd__or4bb_1)
     2    0.007141    0.221393    1.277936   11.842073 v _2523_/X (sky130_fd_sc_hd__or4bb_1)
                                                         _0822_ (net)
                      0.221393    0.000409   11.842483 v _2542_/D1 (sky130_fd_sc_hd__a2111o_1)
     1    0.008731    0.165070    0.688237   12.530720 v _2542_/X (sky130_fd_sc_hd__a2111o_1)
                                                         _0841_ (net)
                      0.165070    0.000491   12.531211 v _2543_/B (sky130_fd_sc_hd__xor2_2)
     4    0.012979    0.169656    0.341405   12.872616 v _2543_/X (sky130_fd_sc_hd__xor2_2)
                                                         _0842_ (net)
                      0.169657    0.000668   12.873284 v _2551_/B (sky130_fd_sc_hd__or4b_4)
     4    0.018846    0.200719    1.140680   14.013964 v _2551_/X (sky130_fd_sc_hd__or4b_4)
                                                         _0850_ (net)
                      0.200719    0.000597   14.014561 v _2568_/D_N (sky130_fd_sc_hd__nor4b_2)
     6    0.020453    0.141081    0.461918   14.476479 v _2568_/Y (sky130_fd_sc_hd__nor4b_2)
                                                         _0867_ (net)
                      0.141081    0.000603   14.477081 v _2580_/A1 (sky130_fd_sc_hd__a211oi_2)
     5    0.016507    0.562880    0.582245   15.059327 ^ _2580_/Y (sky130_fd_sc_hd__a211oi_2)
                                                         _0879_ (net)
                      0.562882    0.000918   15.060245 ^ _2581_/D_N (sky130_fd_sc_hd__or4b_4)
     7    0.025996    0.224688    1.212143   16.272388 v _2581_/X (sky130_fd_sc_hd__or4b_4)
                                                         _0880_ (net)
                      0.224688    0.001746   16.274134 v _2615_/A1 (sky130_fd_sc_hd__o211a_1)
     2    0.004451    0.086865    0.483325   16.757460 v _2615_/X (sky130_fd_sc_hd__o211a_1)
                                                         _0914_ (net)
                      0.086865    0.000268   16.757729 v _2616_/B (sky130_fd_sc_hd__or2_1)
     1    0.002703    0.095471    0.459778   17.217506 v _2616_/X (sky130_fd_sc_hd__or2_1)
                                                         _0915_ (net)
                      0.095471    0.000156   17.217663 v _2618_/B1 (sky130_fd_sc_hd__a2bb2o_1)
     3    0.009943    0.164330    0.673168   17.890831 v _2618_/X (sky130_fd_sc_hd__a2bb2o_1)
                                                         _0917_ (net)
                      0.164330    0.000336   17.891167 v _2669_/A (sky130_fd_sc_hd__or4_1)
     1    0.003327    0.182905    1.246656   19.137823 v _2669_/X (sky130_fd_sc_hd__or4_1)
                                                         _0959_ (net)
                      0.182905    0.000229   19.138052 v _2671_/D (sky130_fd_sc_hd__or4_4)
     7    0.024453    0.220148    0.992459   20.130510 v _2671_/X (sky130_fd_sc_hd__or4_4)
                                                         _0961_ (net)
                      0.220148    0.001092   20.131603 v _2673_/A2 (sky130_fd_sc_hd__a32o_1)
     1    0.005273    0.092091    0.527296   20.658899 v _2673_/X (sky130_fd_sc_hd__a32o_1)
                                                         _0282_ (net)
                      0.092091    0.000362   20.659262 v _3023_/D (sky130_fd_sc_hd__dfrtp_1)
                                             20.659262   data arrival time

                                 20.000000   20.000000   clock clk (rise edge)
                                  0.000000   20.000000   clock source latency
     1    0.027657    0.203756    0.141023   20.141024 ^ clk (in)
                                                         clk (net)
                      0.203821    0.000000   20.141024 ^ clkbuf_0_clk/A (sky130_fd_sc_hd__clkbuf_16)
    16    0.122816    0.209261    0.397288   20.538311 ^ clkbuf_0_clk/X (sky130_fd_sc_hd__clkbuf_16)
                                                         clknet_0_clk (net)
                      0.209843    0.008171   20.546482 ^ clkbuf_4_10_0_clk/A (sky130_fd_sc_hd__clkbuf_8)
    10    0.052919    0.160939    0.364929   20.911411 ^ clkbuf_4_10_0_clk/X (sky130_fd_sc_hd__clkbuf_8)
                                                         clknet_4_10_0_clk (net)
                      0.160957    0.001821   20.913233 ^ _3023_/CLK (sky130_fd_sc_hd__dfrtp_1)
                                 -0.500000   20.413233   clock uncertainty
                                  0.000000   20.413233   clock reconvergence pessimism
                                 -0.261523   20.151711   library setup time
                                             20.151711   data required time
---------------------------------------------------------------------------------------------
                                             20.151711   data required time
                                            -20.659262   data arrival time
---------------------------------------------------------------------------------------------
                                             -0.507551   slack (VIOLATED)




===========================================================================
report_checks --slack_max -0.01
============================================================================
======================= max_ss_100C_1v60 Corner ===================================

Startpoint: _3071_ (rising edge-triggered flip-flop clocked by clk)
Endpoint: _3023_ (rising edge-triggered flip-flop clocked by clk)
Path Group: clk
Path Type: max

Fanout         Cap        Slew       Delay        Time   Description
---------------------------------------------------------------------------------------------
                                  0.000000    0.000000   clock clk (rise edge)
                                  0.000000    0.000000   clock source latency
     1    0.027657    0.203756    0.141024    0.141024 ^ clk (in)
                                                         clk (net)
                      0.203821    0.000000    0.141024 ^ clkbuf_0_clk/A (sky130_fd_sc_hd__clkbuf_16)
    16    0.122816    0.209261    0.397286    0.538310 ^ clkbuf_0_clk/X (sky130_fd_sc_hd__clkbuf_16)
                                                         clknet_0_clk (net)
                      0.209925    0.008816    0.547126 ^ clkbuf_4_14_0_clk/A (sky130_fd_sc_hd__clkbuf_8)
    11    0.070007    0.202649    0.396452    0.943578 ^ clkbuf_4_14_0_clk/X (sky130_fd_sc_hd__clkbuf_8)
                                                         clknet_4_14_0_clk (net)
                      0.202665    0.001989    0.945567 ^ _3071_/CLK (sky130_fd_sc_hd__dfrtp_2)
     8    0.022523    0.160932    0.973728    1.919295 v _3071_/Q (sky130_fd_sc_hd__dfrtp_2)
                                                         my_sum_sub.cm_exp[1] (net)
                      0.160932    0.001924    1.921219 v _2404_/C (sky130_fd_sc_hd__and3_1)
     5    0.017059    0.183722    0.521093    2.442311 v _2404_/X (sky130_fd_sc_hd__and3_1)
                                                         _0703_ (net)
                      0.183727    0.001206    2.443517 v _2408_/A3 (sky130_fd_sc_hd__a32o_2)
     5    0.022347    0.146841    0.612677    3.056195 v _2408_/X (sky130_fd_sc_hd__a32o_2)
                                                         _0707_ (net)
                      0.146848    0.001246    3.057440 v _2425_/B (sky130_fd_sc_hd__or3_1)
     2    0.006116    0.170182    0.872436    3.929876 v _2425_/X (sky130_fd_sc_hd__or3_1)
                                                         _0724_ (net)
                      0.170182    0.000422    3.930298 v _2429_/B (sky130_fd_sc_hd__or4b_4)
     4    0.019555    0.202743    1.145089    5.075387 v _2429_/X (sky130_fd_sc_hd__or4b_4)
                                                         _0728_ (net)
                      0.202866    0.000600    5.075987 v _2445_/A1 (sky130_fd_sc_hd__a21o_4)
     4    0.019982    0.094046    0.464421    5.540407 v _2445_/X (sky130_fd_sc_hd__a21o_4)
                                                         _0744_ (net)
                      0.094062    0.001224    5.541632 v _2449_/A (sky130_fd_sc_hd__nor4_4)
     5    0.021836    0.630940    0.726981    6.268612 ^ _2449_/Y (sky130_fd_sc_hd__nor4_4)
                                                         _0748_ (net)
                      0.630940    0.001593    6.270205 ^ _2453_/B (sky130_fd_sc_hd__xnor2_2)
     4    0.009949    0.161305    0.326473    6.596678 v _2453_/Y (sky130_fd_sc_hd__xnor2_2)
                                                         _0752_ (net)
                      0.161305    0.000496    6.597174 v _2486_/A (sky130_fd_sc_hd__or4_4)
     3    0.007611    0.167093    1.103349    7.700522 v _2486_/X (sky130_fd_sc_hd__or4_4)
                                                         _0785_ (net)
                      0.167093    0.000418    7.700941 v _2492_/A2 (sky130_fd_sc_hd__o2111a_1)
     3    0.013909    0.163165    0.543795    8.244736 v _2492_/X (sky130_fd_sc_hd__o2111a_1)
                                                         _0791_ (net)
                      0.163166    0.000799    8.245535 v _2494_/B (sky130_fd_sc_hd__xor2_2)
     4    0.020432    0.215832    0.368954    8.614489 v _2494_/X (sky130_fd_sc_hd__xor2_2)
                                                         _0793_ (net)
                      0.215832    0.000936    8.615425 v _2503_/A (sky130_fd_sc_hd__or4_4)
     7    0.029830    0.232284    1.241599    9.857024 v _2503_/X (sky130_fd_sc_hd__or4_4)
                                                         _0802_ (net)
                      0.232284    0.001658    9.858682 v _2506_/A1 (sky130_fd_sc_hd__o211ai_4)
     3    0.011184    0.266721    0.393220   10.251902 ^ _2506_/Y (sky130_fd_sc_hd__o211ai_4)
                                                         _0805_ (net)
                      0.266722    0.000676   10.252578 ^ _2519_/B1 (sky130_fd_sc_hd__o211ai_1)
     2    0.005693    0.217554    0.311223   10.563801 v _2519_/Y (sky130_fd_sc_hd__o211ai_1)
                                                         _0818_ (net)
                      0.217554    0.000337   10.564137 v _2523_/A (sky130_fd_sc_hd__or4bb_1)
     2    0.007141    0.221393    1.277936   11.842073 v _2523_/X (sky130_fd_sc_hd__or4bb_1)
                                                         _0822_ (net)
                      0.221393    0.000409   11.842483 v _2542_/D1 (sky130_fd_sc_hd__a2111o_1)
     1    0.008731    0.165070    0.688237   12.530720 v _2542_/X (sky130_fd_sc_hd__a2111o_1)
                                                         _0841_ (net)
                      0.165070    0.000491   12.531211 v _2543_/B (sky130_fd_sc_hd__xor2_2)
     4    0.012979    0.169656    0.341405   12.872616 v _2543_/X (sky130_fd_sc_hd__xor2_2)
                                                         _0842_ (net)
                      0.169657    0.000668   12.873284 v _2551_/B (sky130_fd_sc_hd__or4b_4)
     4    0.018846    0.200719    1.140680   14.013964 v _2551_/X (sky130_fd_sc_hd__or4b_4)
                                                         _0850_ (net)
                      0.200719    0.000597   14.014561 v _2568_/D_N (sky130_fd_sc_hd__nor4b_2)
     6    0.020453    0.141081    0.461918   14.476479 v _2568_/Y (sky130_fd_sc_hd__nor4b_2)
                                                         _0867_ (net)
                      0.141081    0.000603   14.477081 v _2580_/A1 (sky130_fd_sc_hd__a211oi_2)
     5    0.016507    0.562880    0.582245   15.059327 ^ _2580_/Y (sky130_fd_sc_hd__a211oi_2)
                                                         _0879_ (net)
                      0.562882    0.000918   15.060245 ^ _2581_/D_N (sky130_fd_sc_hd__or4b_4)
     7    0.025996    0.224688    1.212143   16.272388 v _2581_/X (sky130_fd_sc_hd__or4b_4)
                                                         _0880_ (net)
                      0.224688    0.001746   16.274134 v _2615_/A1 (sky130_fd_sc_hd__o211a_1)
     2    0.004451    0.086865    0.483325   16.757460 v _2615_/X (sky130_fd_sc_hd__o211a_1)
                                                         _0914_ (net)
                      0.086865    0.000268   16.757729 v _2616_/B (sky130_fd_sc_hd__or2_1)
     1    0.002703    0.095471    0.459778   17.217506 v _2616_/X (sky130_fd_sc_hd__or2_1)
                                                         _0915_ (net)
                      0.095471    0.000156   17.217663 v _2618_/B1 (sky130_fd_sc_hd__a2bb2o_1)
     3    0.009943    0.164330    0.673168   17.890831 v _2618_/X (sky130_fd_sc_hd__a2bb2o_1)
                                                         _0917_ (net)
                      0.164330    0.000336   17.891167 v _2669_/A (sky130_fd_sc_hd__or4_1)
     1    0.003327    0.182905    1.246656   19.137823 v _2669_/X (sky130_fd_sc_hd__or4_1)
                                                         _0959_ (net)
                      0.182905    0.000229   19.138052 v _2671_/D (sky130_fd_sc_hd__or4_4)
     7    0.024453    0.220148    0.992459   20.130510 v _2671_/X (sky130_fd_sc_hd__or4_4)
                                                         _0961_ (net)
                      0.220148    0.001092   20.131603 v _2673_/A2 (sky130_fd_sc_hd__a32o_1)
     1    0.005273    0.092091    0.527296   20.658899 v _2673_/X (sky130_fd_sc_hd__a32o_1)
                                                         _0282_ (net)
                      0.092091    0.000362   20.659262 v _3023_/D (sky130_fd_sc_hd__dfrtp_1)
                                             20.659262   data arrival time

                                 20.000000   20.000000   clock clk (rise edge)
                                  0.000000   20.000000   clock source latency
     1    0.027657    0.203756    0.141023   20.141024 ^ clk (in)
                                                         clk (net)
                      0.203821    0.000000   20.141024 ^ clkbuf_0_clk/A (sky130_fd_sc_hd__clkbuf_16)
    16    0.122816    0.209261    0.397288   20.538311 ^ clkbuf_0_clk/X (sky130_fd_sc_hd__clkbuf_16)
                                                         clknet_0_clk (net)
                      0.209843    0.008171   20.546482 ^ clkbuf_4_10_0_clk/A (sky130_fd_sc_hd__clkbuf_8)
    10    0.052919    0.160939    0.364929   20.911411 ^ clkbuf_4_10_0_clk/X (sky130_fd_sc_hd__clkbuf_8)
                                                         clknet_4_10_0_clk (net)
                      0.160957    0.001821   20.913233 ^ _3023_/CLK (sky130_fd_sc_hd__dfrtp_1)
                                 -0.500000   20.413233   clock uncertainty
                                  0.000000   20.413233   clock reconvergence pessimism
                                 -0.261523   20.151711   library setup time
                                             20.151711   data required time
---------------------------------------------------------------------------------------------
                                             20.151711   data required time
                                            -20.659262   data arrival time
---------------------------------------------------------------------------------------------
                                             -0.507551   slack (VIOLATED)




===========================================================================
 report_check_types -max_slew -max_cap -max_fanout -violators
============================================================================
======================= max_ss_100C_1v60 Corner ===================================

max slew

Pin                                        Limit        Slew       Slack
------------------------------------------------------------------------
_1543_/Y                                1.494453    1.556364   -0.061911 (VIOLATED)
_2046_/A1                               1.500000    1.556651   -0.056651 (VIOLATED)
_2039_/A1                               1.500000    1.556647   -0.056647 (VIOLATED)
_1999_/A                                1.500000    1.556643   -0.056643 (VIOLATED)
_2025_/A1                               1.500000    1.556642   -0.056642 (VIOLATED)
_2002_/A1                               1.500000    1.556629   -0.056629 (VIOLATED)
_2009_/A1                               1.500000    1.556612   -0.056612 (VIOLATED)
_2100_/A2                               1.500000    1.556537   -0.056537 (VIOLATED)
_2094_/A2                               1.500000    1.556513   -0.056513 (VIOLATED)
_2088_/A2                               1.500000    1.556513   -0.056513 (VIOLATED)
_2076_/A2                               1.500000    1.556502   -0.056502 (VIOLATED)
_2082_/A2                               1.500000    1.556501   -0.056501 (VIOLATED)
_2070_/A2                               1.500000    1.556468   -0.056468 (VIOLATED)
_2064_/A2                               1.500000    1.556465   -0.056465 (VIOLATED)
_1549_/B                                1.500000    1.556436   -0.056436 (VIOLATED)
hold227/A                               1.500000    1.556381   -0.056381 (VIOLATED)

max capacitance

Pin                                        Limit         Cap       Slack
------------------------------------------------------------------------
_1543_/Y                                0.065012    0.070051   -0.005039 (VIOLATED)



===========================================================================
report_parasitic_annotation -report_unannotated
============================================================================
Found 15 unannotated drivers.
 clkload0/Y
 clkload1/Y
 clkload10/Y
 clkload11/Y
 clkload12/Y
 clkload13/Y
 clkload14/Y
 clkload2/Y
 clkload3/Y
 clkload4/Y
 clkload5/Y
 clkload6/Y
 clkload7/Y
 clkload8/Y
 clkload9/Y
Found 0 partially unannotated drivers.

===========================================================================
max slew violation count 16
max fanout violation count 0
max cap violation count 1
============================================================================

===========================================================================
check_setup -verbose -unconstrained_endpoints -multiple_clock -no_clock -no_input_delay -loops -generated_clocks
===========================================================================
