Clock: clk
Sources: clk 
Generated: no
Virtual: yes
Propagated: no
Period: 20.000000

===========================================================================
report_clock_properties
============================================================================
Clock                   Period          Waveform
----------------------------------------------------
clk                  20.000000    0.000000 10.000000

===========================================================================
report_clock_latency
============================================================================
Clock clk
rise -> rise
    min     max
0.000000 0.000000 source latency
0.912068         network latency _3017_/CLK
        0.960943 network latency _3155_/CLK
---------------
0.912068 0.960943 latency
        0.048874 skew

fall -> fall
    min     max
0.000000 0.000000 source latency
0.792417         network latency _3017_/CLK
        0.828626 network latency _3155_/CLK
---------------
0.792417 0.828626 latency
        0.036209 skew



===========================================================================
report_clock_min_period
============================================================================
clk period_min = 20.51 fmax = 48.76
Clock: sclk_virt
Sources: sclk 
Generated: no
Virtual: yes
Propagated: no
Period: 1000.000000

===========================================================================
report_clock_properties
============================================================================
Clock                   Period          Waveform
----------------------------------------------------
sclk_virt           1000.000000    0.000000500.000000

===========================================================================
report_clock_latency
============================================================================
Clock sclk_virt


===========================================================================
report_clock_min_period
============================================================================
sclk_virt period_min = 0.00 fmax = inf
