
===========================================================================
 report_power
============================================================================
======================= max_ss_100C_1v60 Corner ===================================

Group                    Internal    Switching      Leakage        Total
                            Power        Power        Power        Power (Watts)
------------------------------------------------------------------------
Sequential           3.036962e-04 6.146965e-06 3.484911e-06 3.133281e-04  47.9%
Combinational        5.769861e-05 3.845633e-05 8.713427e-06 1.048684e-04  16.0%
Clock                9.097029e-05 1.444062e-04 3.743665e-07 2.357509e-04  36.1%
Macro                0.000000e+00 0.000000e+00 0.000000e+00 0.000000e+00   0.0%
Pad                  0.000000e+00 0.000000e+00 0.000000e+00 0.000000e+00   0.0%
------------------------------------------------------------------------
Total                4.523653e-04 1.890095e-04 1.257275e-05 6.539476e-04 100.0%
                            69.2%        28.9%         1.9%

