┏━━━━━━━━━━━━━━━━━━━━━━┳━━━━━━━━━━┳━━━━━━━━━━┳━━━━━━━━━━┳━━━━━━━━━━┳━━━━━━━━━━━┳━━━━━━━━━━┳━━━━━━━━━━━┳━━━━━━━━━━┳━━━━━━━━━━━┳━━━━━━━━━━┳━━━━━━━━━━━┳━━━━━━━━━━┓
┃                      ┃ Hold     ┃ Reg to   ┃          ┃          ┃ of which  ┃ Setup    ┃           ┃          ┃           ┃ of which ┃           ┃          ┃
┃                      ┃ Worst    ┃ Reg      ┃          ┃ Hold Vio ┃ reg to    ┃ Worst    ┃ Reg to    ┃ Setup    ┃ Setup Vio ┃ reg to   ┃ Max Cap   ┃ Max Slew ┃
┃ Corner/Group         ┃ Slack    ┃ Paths    ┃ Hold TNS ┃ Count    ┃ reg       ┃ Slack    ┃ Reg Paths ┃ TNS      ┃ Count     ┃ reg      ┃ Violatio… ┃ Violati… ┃
┡━━━━━━━━━━━━━━━━━━━━━━╇━━━━━━━━━━╇━━━━━━━━━━╇━━━━━━━━━━╇━━━━━━━━━━╇━━━━━━━━━━━╇━━━━━━━━━━╇━━━━━━━━━━━╇━━━━━━━━━━╇━━━━━━━━━━━╇━━━━━━━━━━╇━━━━━━━━━━━╇━━━━━━━━━━┩
│ Overall              │ -0.2858  │ -0.2858  │ -33.4039 │ 279      │ 279       │ -4.8741  │ -4.8741   │ -57.5471 │ 16        │ 16       │ 1         │ 186      │
│ nom_tt_025C_1v80     │ -0.1548  │ -0.1548  │ -2.2962  │ 99       │ 99        │ 8.3671   │ 8.3671    │ 0.0000   │ 0         │ 0        │ 1         │ 186      │
│ nom_ss_100C_1v60     │ 0.1777   │ 0.1777   │ 0.0000   │ 0        │ 0         │ -4.8741  │ -4.8741   │ -57.5471 │ 16        │ 16       │ 1         │ 186      │
│ nom_ff_n40C_1v95     │ -0.2858  │ -0.2858  │ -33.4039 │ 180      │ 180       │ 13.0276  │ 13.0276   │ 0.0000   │ 0         │ 0        │ 1         │ 186      │
└──────────────────────┴──────────┴──────────┴──────────┴──────────┴───────────┴──────────┴───────────┴──────────┴───────────┴──────────┴───────────┴──────────┘
