
===========================================================================
 report_power
============================================================================
======================= nom_tt_025C_1v80 Corner ===================================

Group                    Internal    Switching      Leakage        Total
                            Power        Power        Power        Power (Watts)
------------------------------------------------------------------------
Sequential           3.967521e-04 1.241014e-05 2.412169e-09 4.091646e-04  55.9%
Combinational        2.684236e-05 2.922980e-05 5.694130e-09 5.607786e-05   7.7%
Clock                1.115188e-04 1.551844e-04 6.420353e-10 2.667039e-04  36.4%
Macro                0.000000e+00 0.000000e+00 0.000000e+00 0.000000e+00   0.0%
Pad                  0.000000e+00 0.000000e+00 0.000000e+00 0.000000e+00   0.0%
------------------------------------------------------------------------
Total                5.351134e-04 1.968243e-04 8.748346e-09 7.319466e-04 100.0%
                            73.1%        26.9%         0.0%
Writing metric power__internal__total: 0.0005351134459488094
Writing metric power__switching__total: 0.00019682434503920376
Writing metric power__leakage__total: 8.748346047582345e-9
Writing metric power__total: 0.0007319465512409806

