
===========================================================================
report_checks -unconstrained
===========================================================================
======================= nom_ff_n40C_1v95 Corner ===================================

Startpoint: rst (input port clocked by clk)
Endpoint: _3158_ (recovery check against rising-edge clock clk)
Path Group: asynchronous
Path Type: max

Fanout         Cap        Slew       Delay        Time   Description
---------------------------------------------------------------------------------------------
                                  0.000000    0.000000   clock clk (rise edge)
                                  0.000000    0.000000   clock network delay (propagated)
                                  4.000000    4.000000 v input external delay
     1    0.008046    0.013163    0.007689    4.007689 v rst (in)
                                                         rst (net)
                      0.013165    0.000000    4.007689 v input2/A (sky130_fd_sc_hd__clkbuf_16)
   118    0.670719    0.300390    0.238568    4.246257 v input2/X (sky130_fd_sc_hd__clkbuf_16)
                                                         net2 (net)
                      0.310434    0.043878    4.290135 v load_slew5/A (sky130_fd_sc_hd__clkbuf_16)
    68    0.386354    0.183543    0.300761    4.590896 v load_slew5/X (sky130_fd_sc_hd__clkbuf_16)
                                                         net5 (net)
                      0.197207    0.038105    4.629001 v _2973_/A (sky130_fd_sc_hd__inv_2)
     1    0.003953    0.045722    0.073561    4.702562 ^ _2973_/Y (sky130_fd_sc_hd__inv_2)
                                                         _0069_ (net)
                      0.045722    0.000047    4.702609 ^ _3158_/SET_B (sky130_fd_sc_hd__dfstp_1)
                                              4.702609   data arrival time

                                 20.000000   20.000000   clock clk (rise edge)
                                  0.000000   20.000000   clock source latency
     1    0.026353    0.092516    0.064354   20.064354 ^ clk (in)
                                                         clk (net)
                      0.092578    0.000000   20.064354 ^ clkbuf_0_clk/A (sky130_fd_sc_hd__clkbuf_16)
    16    0.119290    0.103631    0.155881   20.220236 ^ clkbuf_0_clk/X (sky130_fd_sc_hd__clkbuf_16)
                                                         clknet_0_clk (net)
                      0.103822    0.003620   20.223856 ^ clkbuf_4_3_0_clk/A (sky130_fd_sc_hd__clkbuf_8)
    11    0.059702    0.085570    0.143844   20.367699 ^ clkbuf_4_3_0_clk/X (sky130_fd_sc_hd__clkbuf_8)
                                                         clknet_4_3_0_clk (net)
                      0.085587    0.001203   20.368902 ^ _3158_/CLK (sky130_fd_sc_hd__dfstp_1)
                                 -0.500000   19.868902   clock uncertainty
                                  0.000000   19.868902   clock reconvergence pessimism
                                  0.092942   19.961843   library recovery time
                                             19.961843   data required time
---------------------------------------------------------------------------------------------
                                             19.961843   data required time
                                             -4.702609   data arrival time
---------------------------------------------------------------------------------------------
                                             15.259236   slack (MET)


Startpoint: _3074_ (rising edge-triggered flip-flop clocked by clk)
Endpoint: _3029_ (rising edge-triggered flip-flop clocked by clk)
Path Group: clk
Path Type: max

Fanout         Cap        Slew       Delay        Time   Description
---------------------------------------------------------------------------------------------
                                  0.000000    0.000000   clock clk (rise edge)
                                  0.000000    0.000000   clock source latency
     1    0.026353    0.092516    0.064353    0.064353 ^ clk (in)
                                                         clk (net)
                      0.092578    0.000000    0.064353 ^ clkbuf_0_clk/A (sky130_fd_sc_hd__clkbuf_16)
    16    0.119290    0.103631    0.155881    0.220234 ^ clkbuf_0_clk/X (sky130_fd_sc_hd__clkbuf_16)
                                                         clknet_0_clk (net)
                      0.103872    0.004051    0.224285 ^ clkbuf_4_14_0_clk/A (sky130_fd_sc_hd__clkbuf_8)
    11    0.069833    0.097926    0.152913    0.377198 ^ clkbuf_4_14_0_clk/X (sky130_fd_sc_hd__clkbuf_8)
                                                         clknet_4_14_0_clk (net)
                      0.097946    0.001392    0.378590 ^ _3074_/CLK (sky130_fd_sc_hd__dfrtp_2)
     3    0.008480    0.043688    0.242685    0.621275 ^ _3074_/Q (sky130_fd_sc_hd__dfrtp_2)
                                                         my_sum_sub.cm_exp[4] (net)
                      0.043725    0.000166    0.621441 ^ rebuffer13/A (sky130_fd_sc_hd__dlygate4sd3_1)
     4    0.017035    0.136596    0.449284    1.070726 ^ rebuffer13/X (sky130_fd_sc_hd__dlygate4sd3_1)
                                                         net18 (net)
                      0.136597    0.000629    1.071355 ^ _2414_/A (sky130_fd_sc_hd__and3_1)
     2    0.009464    0.079477    0.138088    1.209443 ^ _2414_/X (sky130_fd_sc_hd__and3_1)
                                                         _0713_ (net)
                      0.079477    0.000264    1.209707 ^ _2421_/A1 (sky130_fd_sc_hd__o221a_4)
     7    0.023148    0.068378    0.139903    1.349610 ^ _2421_/X (sky130_fd_sc_hd__o221a_4)
                                                         _0720_ (net)
                      0.068382    0.000621    1.350231 ^ _2429_/D_N (sky130_fd_sc_hd__or4b_4)
     4    0.018660    0.076937    0.300126    1.650357 v _2429_/X (sky130_fd_sc_hd__or4b_4)
                                                         _0728_ (net)
                      0.076937    0.000258    1.650614 v _2445_/A1 (sky130_fd_sc_hd__a21o_4)
     4    0.019522    0.038888    0.159702    1.810316 v _2445_/X (sky130_fd_sc_hd__a21o_4)
                                                         _0744_ (net)
                      0.038888    0.000462    1.810779 v _2449_/A (sky130_fd_sc_hd__nor4_4)
     5    0.021613    0.275469    0.286854    2.097632 ^ _2449_/Y (sky130_fd_sc_hd__nor4_4)
                                                         _0748_ (net)
                      0.275469    0.000753    2.098385 ^ _2453_/B (sky130_fd_sc_hd__xnor2_2)
     4    0.009971    0.066308    0.058946    2.157331 v _2453_/Y (sky130_fd_sc_hd__xnor2_2)
                                                         _0752_ (net)
                      0.066308    0.000195    2.157525 v _2486_/A (sky130_fd_sc_hd__or4_4)
     3    0.007488    0.062107    0.333171    2.490697 v _2486_/X (sky130_fd_sc_hd__or4_4)
                                                         _0785_ (net)
                      0.062108    0.000156    2.490853 v _2492_/A2 (sky130_fd_sc_hd__o2111a_1)
     3    0.013581    0.063692    0.191751    2.682604 v _2492_/X (sky130_fd_sc_hd__o2111a_1)
                                                         _0791_ (net)
                      0.063693    0.000348    2.682952 v _2494_/B (sky130_fd_sc_hd__xor2_2)
     4    0.019936    0.074246    0.127984    2.810936 v _2494_/X (sky130_fd_sc_hd__xor2_2)
                                                         _0793_ (net)
                      0.074249    0.000363    2.811299 v _2503_/A (sky130_fd_sc_hd__or4_4)
     7    0.028951    0.086258    0.373070    3.184369 v _2503_/X (sky130_fd_sc_hd__or4_4)
                                                         _0802_ (net)
                      0.086259    0.000588    3.184957 v _2534_/B (sky130_fd_sc_hd__nor3b_1)
     2    0.004003    0.130444    0.148881    3.333838 ^ _2534_/Y (sky130_fd_sc_hd__nor3b_1)
                                                         _0833_ (net)
                      0.130444    0.000087    3.333925 ^ _2538_/B1 (sky130_fd_sc_hd__a2bb2o_1)
     5    0.011020    0.087942    0.140705    3.474630 ^ _2538_/X (sky130_fd_sc_hd__a2bb2o_1)
                                                         _0837_ (net)
                      0.087942    0.000204    3.474834 ^ _2539_/A_N (sky130_fd_sc_hd__and2b_1)
     3    0.009773    0.044958    0.135651    3.610484 v _2539_/X (sky130_fd_sc_hd__and2b_1)
                                                         _0838_ (net)
                      0.044959    0.000332    3.610816 v _2540_/A3 (sky130_fd_sc_hd__a31o_1)
     3    0.014565    0.061463    0.177412    3.788229 v _2540_/X (sky130_fd_sc_hd__a31o_1)
                                                         _0839_ (net)
                      0.061464    0.000336    3.788565 v _2561_/C (sky130_fd_sc_hd__or4_1)
     1    0.002415    0.050999    0.262687    4.051252 v _2561_/X (sky130_fd_sc_hd__or4_1)
                                                         _0860_ (net)
                      0.050999    0.000047    4.051299 v _2562_/A2 (sky130_fd_sc_hd__a21bo_2)
     7    0.032087    0.071880    0.191630    4.242929 v _2562_/X (sky130_fd_sc_hd__a21bo_2)
                                                         _0861_ (net)
                      0.071894    0.000974    4.243903 v _2568_/B (sky130_fd_sc_hd__nor4b_2)
     6    0.021349    0.393489    0.370803    4.614706 ^ _2568_/Y (sky130_fd_sc_hd__nor4b_2)
                                                         _0867_ (net)
                      0.393490    0.000430    4.615136 ^ _2575_/A2 (sky130_fd_sc_hd__a21oi_1)
     2    0.005433    0.083512    0.067172    4.682308 v _2575_/Y (sky130_fd_sc_hd__a21oi_1)
                                                         _0874_ (net)
                      0.083532    0.000145    4.682453 v _2581_/A (sky130_fd_sc_hd__or4b_4)
     7    0.025203    0.083039    0.372367    5.054820 v _2581_/X (sky130_fd_sc_hd__or4b_4)
                                                         _0880_ (net)
                      0.083039    0.000776    5.055596 v _2615_/A1 (sky130_fd_sc_hd__o211a_1)
     2    0.004444    0.033408    0.161352    5.216949 v _2615_/X (sky130_fd_sc_hd__o211a_1)
                                                         _0914_ (net)
                      0.033408    0.000111    5.217060 v _2616_/B (sky130_fd_sc_hd__or2_1)
     1    0.002623    0.031591    0.118297    5.335357 v _2616_/X (sky130_fd_sc_hd__or2_1)
                                                         _0915_ (net)
                      0.031591    0.000076    5.335433 v _2618_/B1 (sky130_fd_sc_hd__a2bb2o_1)
     3    0.009954    0.058696    0.194346    5.529779 v _2618_/X (sky130_fd_sc_hd__a2bb2o_1)
                                                         _0917_ (net)
                      0.058696    0.000207    5.529986 v _2644_/B (sky130_fd_sc_hd__and4b_1)
     1    0.008722    0.047885    0.136641    5.666627 v _2644_/X (sky130_fd_sc_hd__and4b_1)
                                                         _0943_ (net)
                      0.047886    0.000264    5.666891 v _2659_/A1 (sky130_fd_sc_hd__a21oi_4)
    16    0.059611    0.321325    0.273075    5.939966 ^ _2659_/Y (sky130_fd_sc_hd__a21oi_4)
                                                         _0958_ (net)
                      0.321351    0.002369    5.942335 ^ _2663_/B2 (sky130_fd_sc_hd__a22o_1)
     1    0.004939    0.047032    0.098114    6.040449 ^ _2663_/X (sky130_fd_sc_hd__a22o_1)
                                                         _0288_ (net)
                      0.047032    0.000186    6.040634 ^ hold157/A (sky130_fd_sc_hd__dlygate4sd3_1)
     1    0.002719    0.036808    0.373689    6.414323 ^ hold157/X (sky130_fd_sc_hd__dlygate4sd3_1)
                                                         net162 (net)
                      0.036808    0.000081    6.414405 ^ _3029_/D (sky130_fd_sc_hd__dfrtp_1)
                                              6.414405   data arrival time

                                 20.000000   20.000000   clock clk (rise edge)
                                  0.000000   20.000000   clock source latency
     1    0.026353    0.092516    0.064354   20.064354 ^ clk (in)
                                                         clk (net)
                      0.092578    0.000000   20.064354 ^ clkbuf_0_clk/A (sky130_fd_sc_hd__clkbuf_16)
    16    0.119290    0.103631    0.155881   20.220236 ^ clkbuf_0_clk/X (sky130_fd_sc_hd__clkbuf_16)
                                                         clknet_0_clk (net)
                      0.103800    0.003411   20.223646 ^ clkbuf_4_11_0_clk/A (sky130_fd_sc_hd__clkbuf_8)
    13    0.058706    0.084364    0.143118   20.366762 ^ clkbuf_4_11_0_clk/X (sky130_fd_sc_hd__clkbuf_8)
                                                         clknet_4_11_0_clk (net)
                      0.084373    0.000956   20.367720 ^ _3029_/CLK (sky130_fd_sc_hd__dfrtp_1)
                                 -0.500000   19.867720   clock uncertainty
                                  0.000000   19.867720   clock reconvergence pessimism
                                 -0.032497   19.835222   library setup time
                                             19.835222   data required time
---------------------------------------------------------------------------------------------
                                             19.835222   data required time
                                             -6.414405   data arrival time
---------------------------------------------------------------------------------------------
                                             13.420816   slack (MET)




===========================================================================
report_checks --slack_max -0.01
============================================================================
======================= nom_ff_n40C_1v95 Corner ===================================

No paths found.


===========================================================================
 report_check_types -max_slew -max_cap -max_fanout -violators
============================================================================
======================= nom_ff_n40C_1v95 Corner ===================================



===========================================================================
report_parasitic_annotation -report_unannotated
============================================================================
Found 15 unannotated drivers.
 clkload0/Y
 clkload1/Y
 clkload10/Y
 clkload11/Y
 clkload12/Y
 clkload13/Y
 clkload14/Y
 clkload2/Y
 clkload3/Y
 clkload4/Y
 clkload5/Y
 clkload6/Y
 clkload7/Y
 clkload8/Y
 clkload9/Y
Found 0 partially unannotated drivers.

===========================================================================
max slew violation count 0
max fanout violation count 0
max cap violation count 0
============================================================================

===========================================================================
check_setup -verbose -unconstrained_endpoints -multiple_clock -no_clock -no_input_delay -loops -generated_clocks
===========================================================================
