Clock: clk
Sources: clk 
Generated: no
Virtual: yes
Propagated: no
Period: 20.000000

===========================================================================
report_clock_properties
============================================================================
Clock                   Period          Waveform
----------------------------------------------------
clk                  20.000000    0.000000 10.000000

===========================================================================
report_clock_latency
============================================================================
Clock clk
rise -> rise
    min     max
0.000000 0.000000 source latency
0.362290         network latency _3017_/CLK
        0.387197 network latency _3155_/CLK
---------------
0.362290 0.387197 latency
        0.024907 skew

fall -> fall
    min     max
0.000000 0.000000 source latency
0.301291         network latency _3017_/CLK
        0.318788 network latency _3155_/CLK
---------------
0.301291 0.318788 latency
        0.017496 skew



===========================================================================
report_clock_min_period
============================================================================
clk period_min = 6.58 fmax = 151.99
Clock: sclk_virt
Sources: sclk 
Generated: no
Virtual: yes
Propagated: no
Period: 1000.000000

===========================================================================
report_clock_properties
============================================================================
Clock                   Period          Waveform
----------------------------------------------------
sclk_virt           1000.000000    0.000000500.000000

===========================================================================
report_clock_latency
============================================================================
Clock sclk_virt


===========================================================================
report_clock_min_period
============================================================================
sclk_virt period_min = 0.00 fmax = inf
