
===========================================================================
 report_power
============================================================================
======================= nom_ff_n40C_1v95 Corner ===================================

Group                    Internal    Switching      Leakage        Total
                            Power        Power        Power        Power (Watts)
------------------------------------------------------------------------
Sequential           4.606353e-04 9.389908e-06 3.785597e-09 4.700290e-04  48.9%
Combinational        8.859970e-05 5.763811e-05 1.700462e-08 1.462548e-04  15.2%
Clock                1.288580e-04 2.151006e-04 9.231874e-09 3.439678e-04  35.8%
Macro                0.000000e+00 0.000000e+00 0.000000e+00 0.000000e+00   0.0%
Pad                  0.000000e+00 0.000000e+00 0.000000e+00 0.000000e+00   0.0%
------------------------------------------------------------------------
Total                6.780929e-04 2.821286e-04 3.002186e-08 9.602515e-04 100.0%
                            70.6%        29.4%         0.0%

