Clock: clk
Sources: clk 
Generated: no
Virtual: yes
Propagated: no
Period: 20.000000

===========================================================================
report_clock_properties
============================================================================
Clock                   Period          Waveform
----------------------------------------------------
clk                  20.000000    0.000000 10.000000

===========================================================================
report_clock_latency
============================================================================
Clock clk
rise -> rise
    min     max
0.000000 0.000000 source latency
0.450994         network latency _3017_/CLK
        0.468272 network latency _3143_/CLK
---------------
0.450994 0.468272 latency
        0.017278 skew

fall -> fall
    min     max
0.000000 0.000000 source latency
0.392338         network latency _3017_/CLK
        0.404623 network latency _3143_/CLK
---------------
0.392338 0.404623 latency
        0.012285 skew



===========================================================================
report_clock_min_period
============================================================================
clk period_min = 9.97 fmax = 100.33
Clock: sclk_virt
Sources: sclk 
Generated: no
Virtual: yes
Propagated: no
Period: 1000.000000

===========================================================================
report_clock_properties
============================================================================
Clock                   Period          Waveform
----------------------------------------------------
sclk_virt           1000.000000    0.000000500.000000

===========================================================================
report_clock_latency
============================================================================
Clock sclk_virt


===========================================================================
report_clock_min_period
============================================================================
sclk_virt period_min = 0.00 fmax = inf
