Clock: clk
Sources: clk 
Generated: no
Virtual: no
Propagated: no
Period: 20.000000

===========================================================================
report_clock_properties
============================================================================
Clock                   Period          Waveform
----------------------------------------------------
clk                  20.000000    0.000000 10.000000

===========================================================================
report_clock_latency
============================================================================
Clock clk
rise -> rise
    min     max
0.000000 0.000000 source latency
1.640598         network latency _2989_/CLK
        1.640598 network latency _2989_/CLK
---------------
1.640598 1.640598 latency
        0.000000 skew

fall -> fall
    min     max
0.000000 0.000000 source latency
0.906884         network latency _2989_/CLK
        0.906884 network latency _2989_/CLK
---------------
0.906884 0.906884 latency
        0.000000 skew



===========================================================================
report_clock_min_period
============================================================================
clk period_min = 24.87 fmax = 40.20
Clock: sclk_virt
Sources: sclk 
Generated: no
Virtual: no
Propagated: no
Period: 1000.000000

===========================================================================
report_clock_properties
============================================================================
Clock                   Period          Waveform
----------------------------------------------------
sclk_virt           1000.000000    0.000000500.000000

===========================================================================
report_clock_latency
============================================================================
Clock sclk_virt


===========================================================================
report_clock_min_period
============================================================================
sclk_virt period_min = 0.00 fmax = inf
