
===========================================================================
 report_power
============================================================================
======================= nom_ss_100C_1v60 Corner ===================================

Group                    Internal    Switching      Leakage        Total
                            Power        Power        Power        Power (Watts)
------------------------------------------------------------------------
Sequential           3.248109e-04 8.965639e-06 3.522580e-06 3.372992e-04  87.9%
Combinational        2.605268e-05 1.290740e-05 7.640746e-06 4.660084e-05  12.1%
Clock                0.000000e+00 0.000000e+00 0.000000e+00 0.000000e+00   0.0%
Macro                0.000000e+00 0.000000e+00 0.000000e+00 0.000000e+00   0.0%
Pad                  0.000000e+00 0.000000e+00 0.000000e+00 0.000000e+00   0.0%
------------------------------------------------------------------------
Total                3.508636e-04 2.187304e-05 1.116337e-05 3.839000e-04 100.0%
                            91.4%         5.7%         2.9%

