Clock: clk
Sources: clk 
Generated: no
Virtual: yes
Propagated: no
Period: 20.000000

===========================================================================
report_clock_properties
============================================================================
Clock                   Period          Waveform
----------------------------------------------------
clk                  20.000000    0.000000 10.000000

===========================================================================
report_clock_latency
============================================================================
Clock clk
rise -> rise
    min     max
0.000000 0.000000 source latency
0.463315         network latency _3017_/CLK
        0.484437 network latency _3152_/CLK
---------------
0.463315 0.484437 latency
        0.021122 skew

fall -> fall
    min     max
0.000000 0.000000 source latency
0.401277         network latency _3017_/CLK
        0.416657 network latency _3152_/CLK
---------------
0.401277 0.416657 latency
        0.015380 skew



===========================================================================
report_clock_min_period
============================================================================
clk period_min = 10.21 fmax = 97.95
Clock: sclk_virt
Sources: sclk 
Generated: no
Virtual: yes
Propagated: no
Period: 1000.000000

===========================================================================
report_clock_properties
============================================================================
Clock                   Period          Waveform
----------------------------------------------------
sclk_virt           1000.000000    0.000000500.000000

===========================================================================
report_clock_latency
============================================================================
Clock sclk_virt


===========================================================================
report_clock_min_period
============================================================================
sclk_virt period_min = 0.00 fmax = inf
