
===========================================================================
 report_power
============================================================================
======================= nom_tt_025C_1v80 Corner ===================================

Group                    Internal    Switching      Leakage        Total
                            Power        Power        Power        Power (Watts)
------------------------------------------------------------------------
Sequential           3.963523e-04 7.454967e-06 2.412169e-09 4.038097e-04  50.3%
Combinational        7.368237e-05 4.767732e-05 7.751175e-09 1.213674e-04  15.1%
Clock                1.117138e-04 1.651836e-04 6.420549e-10 2.768981e-04  34.5%
Macro                0.000000e+00 0.000000e+00 0.000000e+00 0.000000e+00   0.0%
Pad                  0.000000e+00 0.000000e+00 0.000000e+00 0.000000e+00   0.0%
------------------------------------------------------------------------
Total                5.817486e-04 2.203160e-04 1.080540e-08 8.020754e-04 100.0%
                            72.5%        27.5%         0.0%
Writing metric power__internal__total: 0.0005817486089654267
Writing metric power__switching__total: 0.00022031595290172845
Writing metric power__leakage__total: 1.0805403682923043e-8
Writing metric power__total: 0.0008020753739401698

