                                                                       Cells by Function                                                                        
┏━━━━━━━━━━━━━━━━━━━━━━━━━━━━━━━━━━━━━━━━━━━━━━━━━━━━━━━━━━━━━━━━━━━━━━━━━━━━━━━━━━━━━━━━━━━━━━━━━━━━━━━━━━━━━━━━━━━━━━━━━━━━━━━━━┳━━━━━━━━━━━━━━━━━━━━━━━━━━━━┓
┃ Cell Function                                                                                                                   ┃ Count                      ┃
┡━━━━━━━━━━━━━━━━━━━━━━━━━━━━━━━━━━━━━━━━━━━━━━━━━━━━━━━━━━━━━━━━━━━━━━━━━━━━━━━━━━━━━━━━━━━━━━━━━━━━━━━━━━━━━━━━━━━━━━━━━━━━━━━━━╇━━━━━━━━━━━━━━━━━━━━━━━━━━━━┩
│ sky130_fd_sc_hd__a2111o                                                                                                         │ 2                          │
│ sky130_fd_sc_hd__a211o                                                                                                          │ 9                          │
│ sky130_fd_sc_hd__a211oi                                                                                                         │ 3                          │
│ sky130_fd_sc_hd__a21bo                                                                                                          │ 12                         │
│ sky130_fd_sc_hd__a21boi                                                                                                         │ 1                          │
│ sky130_fd_sc_hd__a21o                                                                                                           │ 49                         │
│ sky130_fd_sc_hd__a21oi                                                                                                          │ 50                         │
│ sky130_fd_sc_hd__a221o                                                                                                          │ 36                         │
│ sky130_fd_sc_hd__a221oi                                                                                                         │ 1                          │
│ sky130_fd_sc_hd__a22o                                                                                                           │ 46                         │
│ sky130_fd_sc_hd__a22oi                                                                                                          │ 6                          │
│ sky130_fd_sc_hd__a2bb2o                                                                                                         │ 10                         │
│ sky130_fd_sc_hd__a31o                                                                                                           │ 37                         │
│ sky130_fd_sc_hd__a31oi                                                                                                          │ 5                          │
│ sky130_fd_sc_hd__a32o                                                                                                           │ 11                         │
│ sky130_fd_sc_hd__a41o                                                                                                           │ 1                          │
│ sky130_fd_sc_hd__a41oi                                                                                                          │ 1                          │
│ sky130_fd_sc_hd__and2                                                                                                           │ 57                         │
│ sky130_fd_sc_hd__and2b                                                                                                          │ 51                         │
│ sky130_fd_sc_hd__and3                                                                                                           │ 51                         │
│ sky130_fd_sc_hd__and3b                                                                                                          │ 7                          │
│ sky130_fd_sc_hd__and4                                                                                                           │ 18                         │
│ sky130_fd_sc_hd__and4b                                                                                                          │ 3                          │
│ sky130_fd_sc_hd__and4bb                                                                                                         │ 5                          │
│ sky130_fd_sc_hd__buf                                                                                                            │ 8                          │
│ sky130_fd_sc_hd__clkbuf                                                                                                         │ 21                         │
│ sky130_fd_sc_hd__clkinv                                                                                                         │ 4                          │
│ sky130_fd_sc_hd__decap                                                                                                          │ 2136                       │
│ sky130_fd_sc_hd__dfrtp                                                                                                          │ 181                        │
│ sky130_fd_sc_hd__dfstp                                                                                                          │ 4                          │
│ sky130_fd_sc_hd__diode                                                                                                          │ 6                          │
│ sky130_fd_sc_hd__dlygate4sd1                                                                                                    │ 11                         │
│ sky130_fd_sc_hd__dlygate4sd3                                                                                                    │ 294                        │
│ sky130_fd_sc_hd__dlymetal6s2s                                                                                                   │ 1                          │
│ sky130_fd_sc_hd__fill                                                                                                           │ 883                        │
│ sky130_fd_sc_hd__inv                                                                                                            │ 257                        │
│ sky130_fd_sc_hd__mux2                                                                                                           │ 107                        │
│ sky130_fd_sc_hd__mux4                                                                                                           │ 1                          │
│ sky130_fd_sc_hd__nand2                                                                                                          │ 85                         │
│ sky130_fd_sc_hd__nand2b                                                                                                         │ 27                         │
│ sky130_fd_sc_hd__nand3                                                                                                          │ 5                          │
│ sky130_fd_sc_hd__nand3b                                                                                                         │ 2                          │
│ sky130_fd_sc_hd__nand4                                                                                                          │ 4                          │
│ sky130_fd_sc_hd__nor2                                                                                                           │ 105                        │
│ sky130_fd_sc_hd__nor3                                                                                                           │ 9                          │
│ sky130_fd_sc_hd__nor3b                                                                                                          │ 3                          │
│ sky130_fd_sc_hd__nor4                                                                                                           │ 2                          │
│ sky130_fd_sc_hd__nor4b                                                                                                          │ 3                          │
│ sky130_fd_sc_hd__o2111a                                                                                                         │ 2                          │
│ sky130_fd_sc_hd__o2111ai                                                                                                        │ 1                          │
│ sky130_fd_sc_hd__o211a                                                                                                          │ 18                         │
│ sky130_fd_sc_hd__o211ai                                                                                                         │ 2                          │
│ sky130_fd_sc_hd__o21a                                                                                                           │ 44                         │
│ sky130_fd_sc_hd__o21ai                                                                                                          │ 27                         │
│ sky130_fd_sc_hd__o21ba                                                                                                          │ 11                         │
│ sky130_fd_sc_hd__o21bai                                                                                                         │ 5                          │
│ sky130_fd_sc_hd__o221a                                                                                                          │ 9                          │
│ sky130_fd_sc_hd__o22a                                                                                                           │ 26                         │
│ sky130_fd_sc_hd__o22ai                                                                                                          │ 3                          │
│ sky130_fd_sc_hd__o2bb2a                                                                                                         │ 7                          │
│ sky130_fd_sc_hd__o311a                                                                                                          │ 4                          │
│ sky130_fd_sc_hd__o311ai                                                                                                         │ 1                          │
│ sky130_fd_sc_hd__o31a                                                                                                           │ 11                         │
│ sky130_fd_sc_hd__o31ai                                                                                                          │ 4                          │
│ sky130_fd_sc_hd__o32a                                                                                                           │ 1                          │
│ sky130_fd_sc_hd__o32ai                                                                                                          │ 1                          │
│ sky130_fd_sc_hd__o41a                                                                                                           │ 1                          │
│ sky130_fd_sc_hd__or2                                                                                                            │ 58                         │
│ sky130_fd_sc_hd__or3                                                                                                            │ 23                         │
│ sky130_fd_sc_hd__or3b                                                                                                           │ 16                         │
│ sky130_fd_sc_hd__or4                                                                                                            │ 27                         │
│ sky130_fd_sc_hd__or4b                                                                                                           │ 9                          │
│ sky130_fd_sc_hd__or4bb                                                                                                          │ 1                          │
│ sky130_fd_sc_hd__tapvpwrvgnd                                                                                                    │ 422                        │
│ sky130_fd_sc_hd__xnor2                                                                                                          │ 76                         │
│ sky130_fd_sc_hd__xor2                                                                                                           │ 36                         │
└─────────────────────────────────────────────────────────────────────────────────────────────────────────────────────────────────┴────────────────────────────┘
