[WARNING ORD-0039] .openroad ignored with -python
                                Cells by Master                                 
┏━━━━━━━━━━━━━━━━━━━━━━━━━━━━━━━━━━━━━━━━━━━━━━━━━━━━━━━━━━━━━━━━┳━━━━━━━━━━━━━┓
┃ Cell                                                           ┃ Count       ┃
┡━━━━━━━━━━━━━━━━━━━━━━━━━━━━━━━━━━━━━━━━━━━━━━━━━━━━━━━━━━━━━━━━╇━━━━━━━━━━━━━┩
│ sky130_fd_sc_hd__a2111o_1                                      │ 1           │
│ sky130_fd_sc_hd__a2111o_2                                      │ 1           │
│ sky130_fd_sc_hd__a211o_1                                       │ 9           │
│ sky130_fd_sc_hd__a211oi_1                                      │ 1           │
│ sky130_fd_sc_hd__a211oi_2                                      │ 2           │
│ sky130_fd_sc_hd__a21bo_1                                       │ 11          │
│ sky130_fd_sc_hd__a21bo_2                                       │ 1           │
│ sky130_fd_sc_hd__a21boi_1                                      │ 1           │
│ sky130_fd_sc_hd__a21o_1                                        │ 48          │
│ sky130_fd_sc_hd__a21o_4                                        │ 1           │
│ sky130_fd_sc_hd__a21oi_1                                       │ 47          │
│ sky130_fd_sc_hd__a21oi_2                                       │ 1           │
│ sky130_fd_sc_hd__a21oi_4                                       │ 2           │
│ sky130_fd_sc_hd__a221o_1                                       │ 36          │
│ sky130_fd_sc_hd__a221oi_2                                      │ 1           │
│ sky130_fd_sc_hd__a22o_1                                        │ 46          │
│ sky130_fd_sc_hd__a22oi_1                                       │ 6           │
│ sky130_fd_sc_hd__a2bb2o_1                                      │ 10          │
│ sky130_fd_sc_hd__a31o_1                                        │ 37          │
│ sky130_fd_sc_hd__a31oi_1                                       │ 4           │
│ sky130_fd_sc_hd__a31oi_2                                       │ 1           │
│ sky130_fd_sc_hd__a32o_1                                        │ 10          │
│ sky130_fd_sc_hd__a32o_2                                        │ 1           │
│ sky130_fd_sc_hd__a41o_1                                        │ 1           │
│ sky130_fd_sc_hd__a41oi_1                                       │ 1           │
│ sky130_fd_sc_hd__and2_1                                        │ 53          │
│ sky130_fd_sc_hd__and2_2                                        │ 2           │
│ sky130_fd_sc_hd__and2_4                                        │ 2           │
│ sky130_fd_sc_hd__and2b_1                                       │ 49          │
│ sky130_fd_sc_hd__and2b_2                                       │ 1           │
│ sky130_fd_sc_hd__and2b_4                                       │ 1           │
│ sky130_fd_sc_hd__and3_1                                        │ 51          │
│ sky130_fd_sc_hd__and3b_1                                       │ 6           │
│ sky130_fd_sc_hd__and3b_2                                       │ 1           │
│ sky130_fd_sc_hd__and4_1                                        │ 16          │
│ sky130_fd_sc_hd__and4_2                                        │ 2           │
│ sky130_fd_sc_hd__and4b_1                                       │ 3           │
│ sky130_fd_sc_hd__and4bb_1                                      │ 5           │
│ sky130_fd_sc_hd__buf_1                                         │ 4           │
│ sky130_fd_sc_hd__buf_2                                         │ 3           │
│ sky130_fd_sc_hd__buf_8                                         │ 1           │
│ sky130_fd_sc_hd__clkbuf_1                                      │ 2           │
│ sky130_fd_sc_hd__clkbuf_16                                     │ 3           │
│ sky130_fd_sc_hd__clkbuf_8                                      │ 16          │
│ sky130_fd_sc_hd__clkinv_4                                      │ 1           │
│ sky130_fd_sc_hd__clkinv_8                                      │ 3           │
│ sky130_fd_sc_hd__decap_3                                       │ 2136        │
│ sky130_fd_sc_hd__dfrtp_1                                       │ 126         │
│ sky130_fd_sc_hd__dfrtp_2                                       │ 23          │
│ sky130_fd_sc_hd__dfrtp_4                                       │ 32          │
│ sky130_fd_sc_hd__dfstp_1                                       │ 3           │
│ sky130_fd_sc_hd__dfstp_4                                       │ 1           │
│ sky130_fd_sc_hd__diode_2                                       │ 6           │
│ sky130_fd_sc_hd__dlygate4sd1_1                                 │ 11          │
│ sky130_fd_sc_hd__dlygate4sd3_1                                 │ 294         │
│ sky130_fd_sc_hd__dlymetal6s2s_1                                │ 1           │
│ sky130_fd_sc_hd__fill_1                                        │ 466         │
│ sky130_fd_sc_hd__fill_2                                        │ 417         │
│ sky130_fd_sc_hd__inv_12                                        │ 7           │
│ sky130_fd_sc_hd__inv_16                                        │ 2           │
│ sky130_fd_sc_hd__inv_2                                         │ 244         │
│ sky130_fd_sc_hd__inv_6                                         │ 3           │
│ sky130_fd_sc_hd__inv_8                                         │ 1           │
│ sky130_fd_sc_hd__mux2_1                                        │ 106         │
│ sky130_fd_sc_hd__mux2_2                                        │ 1           │
│ sky130_fd_sc_hd__mux4_1                                        │ 1           │
│ sky130_fd_sc_hd__nand2_1                                       │ 78          │
│ sky130_fd_sc_hd__nand2_2                                       │ 6           │
│ sky130_fd_sc_hd__nand2_4                                       │ 1           │
│ sky130_fd_sc_hd__nand2b_1                                      │ 24          │
│ sky130_fd_sc_hd__nand2b_2                                      │ 3           │
│ sky130_fd_sc_hd__nand3_1                                       │ 5           │
│ sky130_fd_sc_hd__nand3b_1                                      │ 2           │
│ sky130_fd_sc_hd__nand4_1                                       │ 4           │
│ sky130_fd_sc_hd__nor2_1                                        │ 96          │
│ sky130_fd_sc_hd__nor2_2                                        │ 5           │
│ sky130_fd_sc_hd__nor2_4                                        │ 2           │
│ sky130_fd_sc_hd__nor2_8                                        │ 2           │
│ sky130_fd_sc_hd__nor3_1                                        │ 8           │
│ sky130_fd_sc_hd__nor3_4                                        │ 1           │
│ sky130_fd_sc_hd__nor3b_1                                       │ 3           │
│ sky130_fd_sc_hd__nor4_1                                        │ 1           │
│ sky130_fd_sc_hd__nor4_4                                        │ 1           │
│ sky130_fd_sc_hd__nor4b_2                                       │ 2           │
│ sky130_fd_sc_hd__nor4b_4                                       │ 1           │
│ sky130_fd_sc_hd__o2111a_1                                      │ 2           │
│ sky130_fd_sc_hd__o2111ai_1                                     │ 1           │
│ sky130_fd_sc_hd__o211a_1                                       │ 17          │
│ sky130_fd_sc_hd__o211a_2                                       │ 1           │
│ sky130_fd_sc_hd__o211ai_1                                      │ 1           │
│ sky130_fd_sc_hd__o211ai_4                                      │ 1           │
│ sky130_fd_sc_hd__o21a_1                                        │ 44          │
│ sky130_fd_sc_hd__o21ai_1                                       │ 25          │
│ sky130_fd_sc_hd__o21ai_2                                       │ 2           │
│ sky130_fd_sc_hd__o21ba_1                                       │ 11          │
│ sky130_fd_sc_hd__o21bai_1                                      │ 4           │
│ sky130_fd_sc_hd__o21bai_4                                      │ 1           │
│ sky130_fd_sc_hd__o221a_1                                       │ 6           │
│ sky130_fd_sc_hd__o221a_2                                       │ 2           │
│ sky130_fd_sc_hd__o221a_4                                       │ 1           │
│ sky130_fd_sc_hd__o22a_1                                        │ 26          │
│ sky130_fd_sc_hd__o22ai_1                                       │ 2           │
│ sky130_fd_sc_hd__o22ai_2                                       │ 1           │
│ sky130_fd_sc_hd__o2bb2a_1                                      │ 6           │
│ sky130_fd_sc_hd__o2bb2a_2                                      │ 1           │
│ sky130_fd_sc_hd__o311a_1                                       │ 3           │
│ sky130_fd_sc_hd__o311a_4                                       │ 1           │
│ sky130_fd_sc_hd__o311ai_1                                      │ 1           │
│ sky130_fd_sc_hd__o31a_1                                        │ 11          │
│ sky130_fd_sc_hd__o31ai_1                                       │ 3           │
│ sky130_fd_sc_hd__o31ai_4                                       │ 1           │
│ sky130_fd_sc_hd__o32a_1                                        │ 1           │
│ sky130_fd_sc_hd__o32ai_1                                       │ 1           │
│ sky130_fd_sc_hd__o41a_1                                        │ 1           │
│ sky130_fd_sc_hd__or2_1                                         │ 45          │
│ sky130_fd_sc_hd__or2_2                                         │ 10          │
│ sky130_fd_sc_hd__or2_4                                         │ 3           │
│ sky130_fd_sc_hd__or3_1                                         │ 20          │
│ sky130_fd_sc_hd__or3_2                                         │ 2           │
│ sky130_fd_sc_hd__or3_4                                         │ 1           │
│ sky130_fd_sc_hd__or3b_1                                        │ 13          │
│ sky130_fd_sc_hd__or3b_2                                        │ 1           │
│ sky130_fd_sc_hd__or3b_4                                        │ 2           │
│ sky130_fd_sc_hd__or4_1                                         │ 19          │
│ sky130_fd_sc_hd__or4_2                                         │ 2           │
│ sky130_fd_sc_hd__or4_4                                         │ 6           │
│ sky130_fd_sc_hd__or4b_1                                        │ 3           │
│ sky130_fd_sc_hd__or4b_2                                        │ 1           │
│ sky130_fd_sc_hd__or4b_4                                        │ 5           │
│ sky130_fd_sc_hd__or4bb_1                                       │ 1           │
│ sky130_fd_sc_hd__tapvpwrvgnd_1                                 │ 422         │
│ sky130_fd_sc_hd__xnor2_1                                       │ 67          │
│ sky130_fd_sc_hd__xnor2_2                                       │ 5           │
│ sky130_fd_sc_hd__xnor2_4                                       │ 4           │
│ sky130_fd_sc_hd__xor2_1                                        │ 29          │
│ sky130_fd_sc_hd__xor2_2                                        │ 5           │
│ sky130_fd_sc_hd__xor2_4                                        │ 2           │
└────────────────────────────────────────────────────────────────┴─────────────┘
                               Cells by Function                                
┏━━━━━━━━━━━━━━━━━━━━━━━━━━━━━━━━━━━━━━━━━━━━━━━━━━━━━━━━━━━━━━━┳━━━━━━━━━━━━━━┓
┃ Cell Function                                                 ┃ Count        ┃
┡━━━━━━━━━━━━━━━━━━━━━━━━━━━━━━━━━━━━━━━━━━━━━━━━━━━━━━━━━━━━━━━╇━━━━━━━━━━━━━━┩
│ sky130_fd_sc_hd__a2111o                                       │ 2            │
│ sky130_fd_sc_hd__a211o                                        │ 9            │
│ sky130_fd_sc_hd__a211oi                                       │ 3            │
│ sky130_fd_sc_hd__a21bo                                        │ 12           │
│ sky130_fd_sc_hd__a21boi                                       │ 1            │
│ sky130_fd_sc_hd__a21o                                         │ 49           │
│ sky130_fd_sc_hd__a21oi                                        │ 50           │
│ sky130_fd_sc_hd__a221o                                        │ 36           │
│ sky130_fd_sc_hd__a221oi                                       │ 1            │
│ sky130_fd_sc_hd__a22o                                         │ 46           │
│ sky130_fd_sc_hd__a22oi                                        │ 6            │
│ sky130_fd_sc_hd__a2bb2o                                       │ 10           │
│ sky130_fd_sc_hd__a31o                                         │ 37           │
│ sky130_fd_sc_hd__a31oi                                        │ 5            │
│ sky130_fd_sc_hd__a32o                                         │ 11           │
│ sky130_fd_sc_hd__a41o                                         │ 1            │
│ sky130_fd_sc_hd__a41oi                                        │ 1            │
│ sky130_fd_sc_hd__and2                                         │ 57           │
│ sky130_fd_sc_hd__and2b                                        │ 51           │
│ sky130_fd_sc_hd__and3                                         │ 51           │
│ sky130_fd_sc_hd__and3b                                        │ 7            │
│ sky130_fd_sc_hd__and4                                         │ 18           │
│ sky130_fd_sc_hd__and4b                                        │ 3            │
│ sky130_fd_sc_hd__and4bb                                       │ 5            │
│ sky130_fd_sc_hd__buf                                          │ 8            │
│ sky130_fd_sc_hd__clkbuf                                       │ 21           │
│ sky130_fd_sc_hd__clkinv                                       │ 4            │
│ sky130_fd_sc_hd__decap                                        │ 2136         │
│ sky130_fd_sc_hd__dfrtp                                        │ 181          │
│ sky130_fd_sc_hd__dfstp                                        │ 4            │
│ sky130_fd_sc_hd__diode                                        │ 6            │
│ sky130_fd_sc_hd__dlygate4sd1                                  │ 11           │
│ sky130_fd_sc_hd__dlygate4sd3                                  │ 294          │
│ sky130_fd_sc_hd__dlymetal6s2s                                 │ 1            │
│ sky130_fd_sc_hd__fill                                         │ 883          │
│ sky130_fd_sc_hd__inv                                          │ 257          │
│ sky130_fd_sc_hd__mux2                                         │ 107          │
│ sky130_fd_sc_hd__mux4                                         │ 1            │
│ sky130_fd_sc_hd__nand2                                        │ 85           │
│ sky130_fd_sc_hd__nand2b                                       │ 27           │
│ sky130_fd_sc_hd__nand3                                        │ 5            │
│ sky130_fd_sc_hd__nand3b                                       │ 2            │
│ sky130_fd_sc_hd__nand4                                        │ 4            │
│ sky130_fd_sc_hd__nor2                                         │ 105          │
│ sky130_fd_sc_hd__nor3                                         │ 9            │
│ sky130_fd_sc_hd__nor3b                                        │ 3            │
│ sky130_fd_sc_hd__nor4                                         │ 2            │
│ sky130_fd_sc_hd__nor4b                                        │ 3            │
│ sky130_fd_sc_hd__o2111a                                       │ 2            │
│ sky130_fd_sc_hd__o2111ai                                      │ 1            │
│ sky130_fd_sc_hd__o211a                                        │ 18           │
│ sky130_fd_sc_hd__o211ai                                       │ 2            │
│ sky130_fd_sc_hd__o21a                                         │ 44           │
│ sky130_fd_sc_hd__o21ai                                        │ 27           │
│ sky130_fd_sc_hd__o21ba                                        │ 11           │
│ sky130_fd_sc_hd__o21bai                                       │ 5            │
│ sky130_fd_sc_hd__o221a                                        │ 9            │
│ sky130_fd_sc_hd__o22a                                         │ 26           │
│ sky130_fd_sc_hd__o22ai                                        │ 3            │
│ sky130_fd_sc_hd__o2bb2a                                       │ 7            │
│ sky130_fd_sc_hd__o311a                                        │ 4            │
│ sky130_fd_sc_hd__o311ai                                       │ 1            │
│ sky130_fd_sc_hd__o31a                                         │ 11           │
│ sky130_fd_sc_hd__o31ai                                        │ 4            │
│ sky130_fd_sc_hd__o32a                                         │ 1            │
│ sky130_fd_sc_hd__o32ai                                        │ 1            │
│ sky130_fd_sc_hd__o41a                                         │ 1            │
│ sky130_fd_sc_hd__or2                                          │ 58           │
│ sky130_fd_sc_hd__or3                                          │ 23           │
│ sky130_fd_sc_hd__or3b                                         │ 16           │
│ sky130_fd_sc_hd__or4                                          │ 27           │
│ sky130_fd_sc_hd__or4b                                         │ 9            │
│ sky130_fd_sc_hd__or4bb                                        │ 1            │
│ sky130_fd_sc_hd__tapvpwrvgnd                                  │ 422          │
│ sky130_fd_sc_hd__xnor2                                        │ 76           │
│ sky130_fd_sc_hd__xor2                                         │ 36           │
└───────────────────────────────────────────────────────────────┴──────────────┘
                                  Cells by SCL                                  
┏━━━━━━━━━━━━━━━━━━━━━━━━━━━━━━━━━━━━━━━━━━━━━━━━━━━━━━━┳━━━━━━━━━━━━━━━━━━━━━━┓
┃ SCL                                                   ┃ Count                ┃
┡━━━━━━━━━━━━━━━━━━━━━━━━━━━━━━━━━━━━━━━━━━━━━━━━━━━━━━━╇━━━━━━━━━━━━━━━━━━━━━━┩
│ sky130_fd_sc_hd                                       │ 5477                 │
└───────────────────────────────────────────────────────┴──────────────────────┘
                             Buffers by Cell Master                             
┏━━━━━━━━━━━━━━━━━━━━━━━━━━━━━━━━━━━━━━━━━━━━━━━━━━━━━━━━━━━━━━━━┳━━━━━━━━━━━━━┓
┃ Buffer                                                         ┃ Count       ┃
┡━━━━━━━━━━━━━━━━━━━━━━━━━━━━━━━━━━━━━━━━━━━━━━━━━━━━━━━━━━━━━━━━╇━━━━━━━━━━━━━┩
│ sky130_fd_sc_hd__buf_1                                         │ 4           │
│ sky130_fd_sc_hd__buf_2                                         │ 3           │
│ sky130_fd_sc_hd__buf_8                                         │ 1           │
│ sky130_fd_sc_hd__clkbuf_1                                      │ 2           │
│ sky130_fd_sc_hd__clkbuf_16                                     │ 3           │
│ sky130_fd_sc_hd__clkbuf_8                                      │ 16          │
│ sky130_fd_sc_hd__dlygate4sd1_1                                 │ 11          │
│ sky130_fd_sc_hd__dlygate4sd3_1                                 │ 294         │
│ sky130_fd_sc_hd__dlymetal6s2s_1                                │ 1           │
└────────────────────────────────────────────────────────────────┴─────────────┘
