
===========================================================================
report_checks -unconstrained
===========================================================================
======================= max_ff_n40C_1v95 Corner ===================================

Startpoint: rst (input port clocked by clk)
Endpoint: _3083_ (recovery check against rising-edge clock clk)
Path Group: asynchronous
Path Type: max

Fanout         Cap        Slew       Delay        Time   Description
---------------------------------------------------------------------------------------------
                                  0.000000    0.000000   clock clk (rise edge)
                                  0.000000    0.000000   clock network delay (propagated)
                                  4.000000    4.000000 v input external delay
     1    0.008147    0.013357    0.007868    4.007868 v rst (in)
                                                         rst (net)
                      0.013371    0.000000    4.007868 v input2/A (sky130_fd_sc_hd__clkbuf_16)
   118    0.685631    0.292006    0.193362    4.201230 v input2/X (sky130_fd_sc_hd__clkbuf_16)
                                                         net2 (net)
                      0.329340    0.076469    4.277699 v load_slew5/A (sky130_fd_sc_hd__clkbuf_16)
    68    0.396281    0.179559    0.282328    4.560028 v load_slew5/X (sky130_fd_sc_hd__clkbuf_16)
                                                         net5 (net)
                      0.275202    0.107034    4.667062 v _2898_/A (sky130_fd_sc_hd__inv_2)
     1    0.004261    0.056934    0.091494    4.758556 ^ _2898_/Y (sky130_fd_sc_hd__inv_2)
                                                         _0179_ (net)
                      0.056934    0.000225    4.758780 ^ _3083_/RESET_B (sky130_fd_sc_hd__dfrtp_4)
                                              4.758780   data arrival time

                                 20.000000   20.000000   clock clk (rise edge)
                                  0.000000   20.000000   clock source latency
     1    0.027726    0.097508    0.068011   20.068012 ^ clk (in)
                                                         clk (net)
                      0.097648    0.000000   20.068012 ^ clkbuf_0_clk/A (sky130_fd_sc_hd__clkbuf_16)
    16    0.123440    0.106891    0.156508   20.224520 ^ clkbuf_0_clk/X (sky130_fd_sc_hd__clkbuf_16)
                                                         clknet_0_clk (net)
                      0.107516    0.006604   20.231125 ^ clkbuf_4_5_0_clk/A (sky130_fd_sc_hd__clkbuf_8)
    10    0.065462    0.093069    0.148740   20.379864 ^ clkbuf_4_5_0_clk/X (sky130_fd_sc_hd__clkbuf_8)
                                                         clknet_4_5_0_clk (net)
                      0.093298    0.003734   20.383598 ^ _3083_/CLK (sky130_fd_sc_hd__dfrtp_4)
                                 -0.500000   19.883598   clock uncertainty
                                  0.000000   19.883598   clock reconvergence pessimism
                                  0.132583   20.016182   library recovery time
                                             20.016182   data required time
---------------------------------------------------------------------------------------------
                                             20.016182   data required time
                                             -4.758780   data arrival time
---------------------------------------------------------------------------------------------
                                             15.257401   slack (MET)


Startpoint: _3074_ (rising edge-triggered flip-flop clocked by clk)
Endpoint: _3029_ (rising edge-triggered flip-flop clocked by clk)
Path Group: clk
Path Type: max

Fanout         Cap        Slew       Delay        Time   Description
---------------------------------------------------------------------------------------------
                                  0.000000    0.000000   clock clk (rise edge)
                                  0.000000    0.000000   clock source latency
     1    0.027726    0.097508    0.068012    0.068012 ^ clk (in)
                                                         clk (net)
                      0.097648    0.000000    0.068012 ^ clkbuf_0_clk/A (sky130_fd_sc_hd__clkbuf_16)
    16    0.123440    0.106891    0.156506    0.224518 ^ clkbuf_0_clk/X (sky130_fd_sc_hd__clkbuf_16)
                                                         clknet_0_clk (net)
                      0.108029    0.008811    0.233329 ^ clkbuf_4_14_0_clk/A (sky130_fd_sc_hd__clkbuf_8)
    11    0.072025    0.101070    0.155032    0.388361 ^ clkbuf_4_14_0_clk/X (sky130_fd_sc_hd__clkbuf_8)
                                                         clknet_4_14_0_clk (net)
                      0.101232    0.002816    0.391178 ^ _3074_/CLK (sky130_fd_sc_hd__dfrtp_2)
     3    0.008863    0.044890    0.244555    0.635732 ^ _3074_/Q (sky130_fd_sc_hd__dfrtp_2)
                                                         my_sum_sub.cm_exp[4] (net)
                      0.044931    0.000406    0.636138 ^ rebuffer13/A (sky130_fd_sc_hd__dlygate4sd3_1)
     4    0.017521    0.140198    0.451540    1.087678 ^ rebuffer13/X (sky130_fd_sc_hd__dlygate4sd3_1)
                                                         net18 (net)
                      0.140210    0.001426    1.089104 ^ _2414_/A (sky130_fd_sc_hd__and3_1)
     2    0.009629    0.080588    0.139122    1.228225 ^ _2414_/X (sky130_fd_sc_hd__and3_1)
                                                         _0713_ (net)
                      0.080591    0.000625    1.228851 ^ _2421_/A1 (sky130_fd_sc_hd__o221a_4)
     7    0.024390    0.071075    0.141768    1.370619 ^ _2421_/X (sky130_fd_sc_hd__o221a_4)
                                                         _0720_ (net)
                      0.071109    0.001429    1.372048 ^ _2429_/D_N (sky130_fd_sc_hd__or4b_4)
     4    0.019387    0.077903    0.301495    1.673543 v _2429_/X (sky130_fd_sc_hd__or4b_4)
                                                         _0728_ (net)
                      0.077903    0.000595    1.674138 v _2445_/A1 (sky130_fd_sc_hd__a21o_4)
     4    0.019931    0.039209    0.160139    1.834277 v _2445_/X (sky130_fd_sc_hd__a21o_4)
                                                         _0744_ (net)
                      0.039228    0.001218    1.835495 v _2449_/A (sky130_fd_sc_hd__nor4_4)
     5    0.022174    0.280038    0.290179    2.125674 ^ _2449_/Y (sky130_fd_sc_hd__nor4_4)
                                                         _0748_ (net)
                      0.280043    0.001605    2.127280 ^ _2453_/B (sky130_fd_sc_hd__xnor2_2)
     4    0.010318    0.067812    0.060009    2.187289 v _2453_/Y (sky130_fd_sc_hd__xnor2_2)
                                                         _0752_ (net)
                      0.067819    0.000510    2.187799 v _2486_/A (sky130_fd_sc_hd__or4_4)
     3    0.007703    0.062385    0.334071    2.521869 v _2486_/X (sky130_fd_sc_hd__or4_4)
                                                         _0785_ (net)
                      0.062386    0.000421    2.522290 v _2492_/A2 (sky130_fd_sc_hd__o2111a_1)
     3    0.013900    0.064759    0.192517    2.714808 v _2492_/X (sky130_fd_sc_hd__o2111a_1)
                                                         _0791_ (net)
                      0.064768    0.000792    2.715600 v _2494_/B (sky130_fd_sc_hd__xor2_2)
     4    0.020392    0.075825    0.128577    2.844177 v _2494_/X (sky130_fd_sc_hd__xor2_2)
                                                         _0793_ (net)
                      0.075843    0.000932    2.845109 v _2503_/A (sky130_fd_sc_hd__or4_4)
     7    0.029618    0.086910    0.374221    3.219330 v _2503_/X (sky130_fd_sc_hd__or4_4)
                                                         _0802_ (net)
                      0.086957    0.001257    3.220587 v _2534_/B (sky130_fd_sc_hd__nor3b_1)
     2    0.004081    0.131886    0.150230    3.370818 ^ _2534_/Y (sky130_fd_sc_hd__nor3b_1)
                                                         _0833_ (net)
                      0.131886    0.000231    3.371048 ^ _2538_/B1 (sky130_fd_sc_hd__a2bb2o_1)
     5    0.011232    0.089485    0.141760    3.512809 ^ _2538_/X (sky130_fd_sc_hd__a2bb2o_1)
                                                         _0837_ (net)
                      0.089486    0.000490    3.513299 ^ _2539_/A_N (sky130_fd_sc_hd__and2b_1)
     3    0.010146    0.045647    0.136762    3.650061 v _2539_/X (sky130_fd_sc_hd__and2b_1)
                                                         _0838_ (net)
                      0.045661    0.000756    3.650816 v _2540_/A3 (sky130_fd_sc_hd__a31o_1)
     3    0.014843    0.062262    0.178076    3.828892 v _2540_/X (sky130_fd_sc_hd__a31o_1)
                                                         _0839_ (net)
                      0.062274    0.000866    3.829757 v _2561_/C (sky130_fd_sc_hd__or4_1)
     1    0.002419    0.051023    0.262943    4.092701 v _2561_/X (sky130_fd_sc_hd__or4_1)
                                                         _0860_ (net)
                      0.051023    0.000113    4.092814 v _2562_/A2 (sky130_fd_sc_hd__a21bo_2)
     7    0.033001    0.073853    0.192169    4.284983 v _2562_/X (sky130_fd_sc_hd__a21bo_2)
                                                         _0861_ (net)
                      0.073927    0.002105    4.287087 v _2568_/B (sky130_fd_sc_hd__nor4b_2)
     6    0.021765    0.399592    0.375597    4.662684 ^ _2568_/Y (sky130_fd_sc_hd__nor4b_2)
                                                         _0867_ (net)
                      0.399596    0.001042    4.663726 ^ _2575_/A2 (sky130_fd_sc_hd__a21oi_1)
     2    0.005495    0.084548    0.067387    4.731112 v _2575_/Y (sky130_fd_sc_hd__a21oi_1)
                                                         _0874_ (net)
                      0.084551    0.000369    4.731482 v _2581_/A (sky130_fd_sc_hd__or4b_4)
     7    0.026131    0.083975    0.373594    5.105076 v _2581_/X (sky130_fd_sc_hd__or4b_4)
                                                         _0880_ (net)
                      0.084002    0.001753    5.106829 v _2615_/A1 (sky130_fd_sc_hd__o211a_1)
     2    0.004558    0.033704    0.162016    5.268845 v _2615_/X (sky130_fd_sc_hd__o211a_1)
                                                         _0914_ (net)
                      0.033725    0.000278    5.269123 v _2616_/B (sky130_fd_sc_hd__or2_1)
     1    0.002824    0.032310    0.119415    5.388537 v _2616_/X (sky130_fd_sc_hd__or2_1)
                                                         _0915_ (net)
                      0.032310    0.000166    5.388703 v _2618_/B1 (sky130_fd_sc_hd__a2bb2o_1)
     3    0.010202    0.059372    0.195486    5.584190 v _2618_/X (sky130_fd_sc_hd__a2bb2o_1)
                                                         _0917_ (net)
                      0.059375    0.000462    5.584652 v _2644_/B (sky130_fd_sc_hd__and4b_1)
     1    0.008764    0.048209    0.136775    5.721427 v _2644_/X (sky130_fd_sc_hd__and4b_1)
                                                         _0943_ (net)
                      0.048219    0.000681    5.722108 v _2659_/A1 (sky130_fd_sc_hd__a21oi_4)
    16    0.061625    0.329863    0.278237    6.000344 ^ _2659_/Y (sky130_fd_sc_hd__a21oi_4)
                                                         _0958_ (net)
                      0.329990    0.005273    6.005617 ^ _2663_/B2 (sky130_fd_sc_hd__a22o_1)
     1    0.005225    0.048919    0.099285    6.104903 ^ _2663_/X (sky130_fd_sc_hd__a22o_1)
                                                         _0288_ (net)
                      0.048921    0.000352    6.105254 ^ hold157/A (sky130_fd_sc_hd__dlygate4sd3_1)
     1    0.002803    0.037310    0.374596    6.479850 ^ hold157/X (sky130_fd_sc_hd__dlygate4sd3_1)
                                                         net162 (net)
                      0.037310    0.000195    6.480045 ^ _3029_/D (sky130_fd_sc_hd__dfrtp_1)
                                              6.480045   data arrival time

                                 20.000000   20.000000   clock clk (rise edge)
                                  0.000000   20.000000   clock source latency
     1    0.027726    0.097508    0.068011   20.068012 ^ clk (in)
                                                         clk (net)
                      0.097648    0.000000   20.068012 ^ clkbuf_0_clk/A (sky130_fd_sc_hd__clkbuf_16)
    16    0.123440    0.106891    0.156508   20.224520 ^ clkbuf_0_clk/X (sky130_fd_sc_hd__clkbuf_16)
                                                         clknet_0_clk (net)
                      0.107846    0.008091   20.232611 ^ clkbuf_4_11_0_clk/A (sky130_fd_sc_hd__clkbuf_8)
    13    0.060092    0.086421    0.144482   20.377092 ^ clkbuf_4_11_0_clk/X (sky130_fd_sc_hd__clkbuf_8)
                                                         clknet_4_11_0_clk (net)
                      0.086573    0.002515   20.379608 ^ _3029_/CLK (sky130_fd_sc_hd__dfrtp_1)
                                 -0.500000   19.879608   clock uncertainty
                                  0.000000   19.879608   clock reconvergence pessimism
                                 -0.032467   19.847141   library setup time
                                             19.847141   data required time
---------------------------------------------------------------------------------------------
                                             19.847141   data required time
                                             -6.480045   data arrival time
---------------------------------------------------------------------------------------------
                                             13.367096   slack (MET)




===========================================================================
report_checks --slack_max -0.01
============================================================================
======================= max_ff_n40C_1v95 Corner ===================================

No paths found.


===========================================================================
 report_check_types -max_slew -max_cap -max_fanout -violators
============================================================================
======================= max_ff_n40C_1v95 Corner ===================================



===========================================================================
report_parasitic_annotation -report_unannotated
============================================================================
Found 15 unannotated drivers.
 clkload0/Y
 clkload1/Y
 clkload10/Y
 clkload11/Y
 clkload12/Y
 clkload13/Y
 clkload14/Y
 clkload2/Y
 clkload3/Y
 clkload4/Y
 clkload5/Y
 clkload6/Y
 clkload7/Y
 clkload8/Y
 clkload9/Y
Found 0 partially unannotated drivers.

===========================================================================
max slew violation count 0
max fanout violation count 0
max cap violation count 0
============================================================================

===========================================================================
check_setup -verbose -unconstrained_endpoints -multiple_clock -no_clock -no_input_delay -loops -generated_clocks
===========================================================================
