Clock: clk
Sources: clk 
Generated: no
Virtual: yes
Propagated: no
Period: 20.000000

===========================================================================
report_clock_properties
============================================================================
Clock                   Period          Waveform
----------------------------------------------------
clk                  20.000000    0.000000 10.000000

===========================================================================
report_clock_latency
============================================================================
Clock clk
rise -> rise
    min     max
0.000000 0.000000 source latency
0.373444         network latency _3017_/CLK
        0.402667 network latency _3155_/CLK
---------------
0.373444 0.402667 latency
        0.029223 skew

fall -> fall
    min     max
0.000000 0.000000 source latency
0.309645         network latency _3017_/CLK
        0.330488 network latency _3155_/CLK
---------------
0.309645 0.330488 latency
        0.020843 skew



===========================================================================
report_clock_min_period
============================================================================
clk period_min = 6.63 fmax = 150.76
Clock: sclk_virt
Sources: sclk 
Generated: no
Virtual: yes
Propagated: no
Period: 1000.000000

===========================================================================
report_clock_properties
============================================================================
Clock                   Period          Waveform
----------------------------------------------------
sclk_virt           1000.000000    0.000000500.000000

===========================================================================
report_clock_latency
============================================================================
Clock sclk_virt


===========================================================================
report_clock_min_period
============================================================================
sclk_virt period_min = 0.00 fmax = inf
