
===========================================================================
report_checks -unconstrained
===========================================================================
======================= nom_tt_025C_1v80 Corner ===================================

Startpoint: rst (input port clocked by clk)
Endpoint: _3158_ (recovery check against rising-edge clock clk)
Path Group: asynchronous
Path Type: max

Fanout         Cap        Slew       Delay        Time   Description
---------------------------------------------------------------------------------------------
                                  0.000000    0.000000   clock clk (rise edge)
                                  0.000000    0.000000   clock network delay (propagated)
                                  4.000000    4.000000 v input external delay
   185    0.925532    2.008490    1.507821    5.507821 v rst (in)
                                                         rst (net)
                      2.009317    0.000000    5.507821 v _2973_/A (sky130_fd_sc_hd__inv_2)
     1    0.003442    0.226442    0.317202    5.825023 ^ _2973_/Y (sky130_fd_sc_hd__inv_2)
                                                         _0069_ (net)
                      0.226442    0.000000    5.825024 ^ _3158_/SET_B (sky130_fd_sc_hd__dfstp_2)
                                              5.825024   data arrival time

                                 20.000000   20.000000   clock clk (rise edge)
                                  0.000000   20.000000   clock source latency
   185    0.484103    2.154896    1.484311   21.484312 ^ clk (in)
                                                         clk (net)
                      2.154999    0.000000   21.484312 ^ _3158_/CLK (sky130_fd_sc_hd__dfstp_2)
                                 -0.500000   20.984312   clock uncertainty
                                  0.000000   20.984312   clock reconvergence pessimism
                                  0.425353   21.409664   library recovery time
                                             21.409664   data required time
---------------------------------------------------------------------------------------------
                                             21.409664   data required time
                                             -5.825024   data arrival time
---------------------------------------------------------------------------------------------
                                             15.584640   slack (MET)


Startpoint: _3068_ (rising edge-triggered flip-flop clocked by clk)
Endpoint: _3022_ (rising edge-triggered flip-flop clocked by clk)
Path Group: clk
Path Type: max

Fanout         Cap        Slew       Delay        Time   Description
---------------------------------------------------------------------------------------------
                                  0.000000    0.000000   clock clk (rise edge)
                                  0.000000    0.000000   clock source latency
   185    0.484103    2.154896    1.494598    1.494598 ^ clk (in)
                                                         clk (net)
                      2.155243    0.000000    1.494598 ^ _3068_/CLK (sky130_fd_sc_hd__dfrtp_2)
    22    0.065631    0.174692    0.820940    2.315538 v _3068_/Q (sky130_fd_sc_hd__dfrtp_2)
                                                         my_sum_sub.cm_mant[8] (net)
                      0.174692    0.000501    2.316039 v _2402_/A3 (sky130_fd_sc_hd__a31o_2)
     1    0.002478    0.036441    0.287657    2.603696 v _2402_/X (sky130_fd_sc_hd__a31o_2)
                                                         _0701_ (net)
                      0.036441    0.000003    2.603698 v _2408_/B2 (sky130_fd_sc_hd__a32o_2)
     5    0.020691    0.079548    0.275879    2.879577 v _2408_/X (sky130_fd_sc_hd__a32o_2)
                                                         _0707_ (net)
                      0.079548    0.000124    2.879701 v _2425_/B (sky130_fd_sc_hd__or3_2)
     2    0.003229    0.078326    0.453700    3.333401 v _2425_/X (sky130_fd_sc_hd__or3_2)
                                                         _0724_ (net)
                      0.078326    0.000003    3.333404 v _2429_/B (sky130_fd_sc_hd__or4b_2)
     4    0.015661    0.147099    0.716151    4.049554 v _2429_/X (sky130_fd_sc_hd__or4b_2)
                                                         _0728_ (net)
                      0.147099    0.000053    4.049608 v _2445_/A1 (sky130_fd_sc_hd__a21o_2)
     4    0.014376    0.060726    0.258322    4.307930 v _2445_/X (sky130_fd_sc_hd__a21o_2)
                                                         _0744_ (net)
                      0.060726    0.000035    4.307965 v _2449_/D (sky130_fd_sc_hd__nor4_2)
     5    0.020879    0.562730    0.413916    4.721880 ^ _2449_/Y (sky130_fd_sc_hd__nor4_2)
                                                         _0748_ (net)
                      0.562730    0.000194    4.722075 ^ _2453_/A (sky130_fd_sc_hd__xnor2_2)
     4    0.014048    0.133439    0.186842    4.908916 v _2453_/Y (sky130_fd_sc_hd__xnor2_2)
                                                         _0752_ (net)
                      0.133439    0.000031    4.908947 v _2486_/A (sky130_fd_sc_hd__or4_2)
     3    0.006336    0.116273    0.705719    5.614666 v _2486_/X (sky130_fd_sc_hd__or4_2)
                                                         _0785_ (net)
                      0.116273    0.000016    5.614682 v _2492_/A2 (sky130_fd_sc_hd__o2111a_2)
     3    0.011464    0.061396    0.300397    5.915079 v _2492_/X (sky130_fd_sc_hd__o2111a_2)
                                                         _0791_ (net)
                      0.061396    0.000039    5.915118 v _2494_/B (sky130_fd_sc_hd__xor2_2)
     4    0.016400    0.101380    0.177135    6.092253 v _2494_/X (sky130_fd_sc_hd__xor2_2)
                                                         _0793_ (net)
                      0.101380    0.000059    6.092312 v _2503_/C (sky130_fd_sc_hd__or4_2)
     7    0.026479    0.177746    0.742477    6.834789 v _2503_/X (sky130_fd_sc_hd__or4_2)
                                                         _0802_ (net)
                      0.177746    0.000085    6.834874 v _2506_/A1 (sky130_fd_sc_hd__o211ai_2)
     3    0.012052    0.209949    0.269280    7.104155 ^ _2506_/Y (sky130_fd_sc_hd__o211ai_2)
                                                         _0805_ (net)
                      0.209949    0.000027    7.104181 ^ _2519_/B1 (sky130_fd_sc_hd__o211ai_2)
     2    0.003649    0.074154    0.119303    7.223484 v _2519_/Y (sky130_fd_sc_hd__o211ai_2)
                                                         _0818_ (net)
                      0.074154    0.000008    7.223493 v _2523_/A (sky130_fd_sc_hd__or4bb_2)
     2    0.005519    0.107021    0.648765    7.872258 v _2523_/X (sky130_fd_sc_hd__or4bb_2)
                                                         _0822_ (net)
                      0.107021    0.000022    7.872280 v _2542_/C1 (sky130_fd_sc_hd__a2111o_2)
     1    0.008359    0.080810    0.440480    8.312759 v _2542_/X (sky130_fd_sc_hd__a2111o_2)
                                                         _0841_ (net)
                      0.080810    0.000026    8.312785 v _2543_/B (sky130_fd_sc_hd__xor2_2)
     4    0.010630    0.072748    0.170845    8.483630 v _2543_/X (sky130_fd_sc_hd__xor2_2)
                                                         _0842_ (net)
                      0.072748    0.000049    8.483679 v _2551_/B (sky130_fd_sc_hd__or4b_2)
     4    0.013712    0.145736    0.705732    9.189410 v _2551_/X (sky130_fd_sc_hd__or4b_2)
                                                         _0850_ (net)
                      0.145736    0.000010    9.189420 v _2568_/D_N (sky130_fd_sc_hd__nor4b_2)
     6    0.025724    0.083863    0.251192    9.440612 v _2568_/Y (sky130_fd_sc_hd__nor4b_2)
                                                         _0867_ (net)
                      0.083863    0.000042    9.440654 v _2580_/A2 (sky130_fd_sc_hd__a211oi_2)
     5    0.014656    0.316272    0.353128    9.793782 ^ _2580_/Y (sky130_fd_sc_hd__a211oi_2)
                                                         _0879_ (net)
                      0.316272    0.000083    9.793865 ^ _2581_/D_N (sky130_fd_sc_hd__or4b_2)
     7    0.026135    0.179789    0.741650   10.535516 v _2581_/X (sky130_fd_sc_hd__or4b_2)
                                                         _0880_ (net)
                      0.179789    0.000104   10.535620 v _2615_/A1 (sky130_fd_sc_hd__o211a_2)
     2    0.006410    0.049431    0.319377   10.854997 v _2615_/X (sky130_fd_sc_hd__o211a_2)
                                                         _0914_ (net)
                      0.049431    0.000027   10.855023 v _2616_/B (sky130_fd_sc_hd__or2_2)
     1    0.002070    0.051809    0.263151   11.118175 v _2616_/X (sky130_fd_sc_hd__or2_2)
                                                         _0915_ (net)
                      0.051809    0.000004   11.118178 v _2618_/B1 (sky130_fd_sc_hd__a2bb2o_2)
     3    0.008036    0.056866    0.275723   11.393901 v _2618_/X (sky130_fd_sc_hd__a2bb2o_2)
                                                         _0917_ (net)
                      0.056866    0.000028   11.393929 v _2669_/A (sky130_fd_sc_hd__or4_2)
     1    0.001884    0.093656    0.645092   12.039021 v _2669_/X (sky130_fd_sc_hd__or4_2)
                                                         _0959_ (net)
                      0.093656    0.000004   12.039026 v _2671_/C (sky130_fd_sc_hd__or4_2)
     7    0.020617    0.159667    0.715613   12.754640 v _2671_/X (sky130_fd_sc_hd__or4_2)
                                                         _0961_ (net)
                      0.159667    0.000163   12.754803 v _2676_/A2 (sky130_fd_sc_hd__a32o_2)
     1    0.002213    0.038312    0.300637   13.055440 v _2676_/X (sky130_fd_sc_hd__a32o_2)
                                                         _0281_ (net)
                      0.038312    0.000003   13.055443 v _3022_/D (sky130_fd_sc_hd__dfrtp_2)
                                             13.055443   data arrival time

                                 20.000000   20.000000   clock clk (rise edge)
                                  0.000000   20.000000   clock source latency
   185    0.484103    2.154896    1.492001   21.492002 ^ clk (in)
                                                         clk (net)
                      2.155168    0.000000   21.492002 ^ _3022_/CLK (sky130_fd_sc_hd__dfrtp_2)
                                 -0.500000   20.992002   clock uncertainty
                                  0.000000   20.992002   clock reconvergence pessimism
                                  0.133279   21.125282   library setup time
                                             21.125282   data required time
---------------------------------------------------------------------------------------------
                                             21.125282   data required time
                                            -13.055443   data arrival time
---------------------------------------------------------------------------------------------
                                              8.069839   slack (MET)




===========================================================================
report_checks --slack_max -0.01
============================================================================
======================= nom_tt_025C_1v80 Corner ===================================

No paths found.


===========================================================================
 report_check_types -max_slew -max_cap -max_fanout -violators
============================================================================
======================= nom_tt_025C_1v80 Corner ===================================

max slew

Pin                                        Limit        Slew       Slack
------------------------------------------------------------------------
rst                                     1.497817    4.412786   -2.914970 (VIOLATED)
_2910_/A                                1.500000    4.413379   -2.913379 (VIOLATED)
_2911_/A                                1.500000    4.413380   -2.913380 (VIOLATED)
_2912_/A                                1.500000    4.413381   -2.913381 (VIOLATED)
_2927_/A                                1.500000    4.413379   -2.913379 (VIOLATED)
_2899_/A                                1.500000    4.413374   -2.913374 (VIOLATED)
_2915_/A                                1.500000    4.413375   -2.913375 (VIOLATED)
_2926_/A                                1.500000    4.413375   -2.913375 (VIOLATED)
_2946_/A                                1.500000    4.413377   -2.913377 (VIOLATED)
_2897_/A                                1.500000    4.413371   -2.913371 (VIOLATED)
_2947_/A                                1.500000    4.413372   -2.913372 (VIOLATED)
_2895_/A                                1.500000    4.413368   -2.913368 (VIOLATED)
_2896_/A                                1.500000    4.413370   -2.913370 (VIOLATED)
_2898_/A                                1.500000    4.413372   -2.913372 (VIOLATED)
_2900_/A                                1.500000    4.413370   -2.913370 (VIOLATED)
_2943_/A                                1.500000    4.413364   -2.913364 (VIOLATED)
_2944_/A                                1.500000    4.413367   -2.913367 (VIOLATED)
_2945_/A                                1.500000    4.413368   -2.913368 (VIOLATED)
_2948_/A                                1.500000    4.413366   -2.913366 (VIOLATED)
_2894_/A                                1.500000    4.413358   -2.913358 (VIOLATED)
_2942_/A                                1.500000    4.413359   -2.913359 (VIOLATED)
_2949_/A                                1.500000    4.413362   -2.913361 (VIOLATED)
_2901_/A                                1.500000    4.413352   -2.913352 (VIOLATED)
_2902_/A                                1.500000    4.413337   -2.913337 (VIOLATED)
_2903_/A                                1.500000    4.413325   -2.913326 (VIOLATED)
_2872_/A                                1.500000    4.413322   -2.913322 (VIOLATED)
_2905_/A                                1.500000    4.413322   -2.913322 (VIOLATED)
_2950_/A                                1.500000    4.413324   -2.913324 (VIOLATED)
_2951_/A                                1.500000    4.413325   -2.913325 (VIOLATED)
_2917_/A                                1.500000    4.413311   -2.913311 (VIOLATED)
_2918_/A                                1.500000    4.413312   -2.913312 (VIOLATED)
_2934_/A                                1.500000    4.413312   -2.913312 (VIOLATED)
_2919_/A                                1.500000    4.413309   -2.913309 (VIOLATED)
_2920_/A                                1.500000    4.413310   -2.913309 (VIOLATED)
_2935_/A                                1.500000    4.413310   -2.913310 (VIOLATED)
_2922_/A                                1.500000    4.413305   -2.913305 (VIOLATED)
_2870_/A                                1.500000    4.413301   -2.913301 (VIOLATED)
_2871_/A                                1.500000    4.413301   -2.913301 (VIOLATED)
_2923_/A                                1.500000    4.413304   -2.913304 (VIOLATED)
_2861_/A                                1.500000    4.413298   -2.913298 (VIOLATED)
_2862_/A                                1.500000    4.413300   -2.913300 (VIOLATED)
_2863_/A                                1.500000    4.413301   -2.913301 (VIOLATED)
_2869_/A                                1.500000    4.413298   -2.913298 (VIOLATED)
_2906_/A                                1.500000    4.413298   -2.913298 (VIOLATED)
_2924_/A                                1.500000    4.413300   -2.913300 (VIOLATED)
_2925_/A                                1.500000    4.413299   -2.913299 (VIOLATED)
_2860_/A                                1.500000    4.413294   -2.913294 (VIOLATED)
_2904_/A                                1.500000    4.413295   -2.913295 (VIOLATED)
_2909_/A                                1.500000    4.413293   -2.913293 (VIOLATED)
_2952_/A                                1.500000    4.413295   -2.913295 (VIOLATED)
_2953_/A                                1.500000    4.413294   -2.913294 (VIOLATED)
_2859_/A                                1.500000    4.413290   -2.913290 (VIOLATED)
_2867_/A                                1.500000    4.413290   -2.913290 (VIOLATED)
_2868_/A                                1.500000    4.413291   -2.913290 (VIOLATED)
_2954_/A                                1.500000    4.413287   -2.913287 (VIOLATED)
_2858_/A                                1.500000    4.413282   -2.913282 (VIOLATED)
_2866_/A                                1.500000    4.413283   -2.913283 (VIOLATED)
_2955_/A                                1.500000    4.413284   -2.913285 (VIOLATED)
_2907_/A                                1.500000    4.413281   -2.913281 (VIOLATED)
_2857_/A                                1.500000    4.413275   -2.913275 (VIOLATED)
_2865_/A                                1.500000    4.413276   -2.913276 (VIOLATED)
_2880_/A                                1.500000    4.413278   -2.913278 (VIOLATED)
_2881_/A                                1.500000    4.413279   -2.913279 (VIOLATED)
_2882_/A                                1.500000    4.413280   -2.913280 (VIOLATED)
_2878_/A                                1.500000    4.413274   -2.913274 (VIOLATED)
_2879_/A                                1.500000    4.413276   -2.913276 (VIOLATED)
_2956_/A                                1.500000    4.413273   -2.913274 (VIOLATED)
_2856_/A                                1.500000    4.413269   -2.913269 (VIOLATED)
_2876_/A                                1.500000    4.413268   -2.913268 (VIOLATED)
_2877_/A                                1.500000    4.413270   -2.913270 (VIOLATED)
_2874_/A                                1.500000    4.413262   -2.913262 (VIOLATED)
_2875_/A                                1.500000    4.413264   -2.913264 (VIOLATED)
_2908_/A                                1.500000    4.413260   -2.913261 (VIOLATED)
_2848_/A                                1.500000    4.413257   -2.913257 (VIOLATED)
_2864_/A                                1.500000    4.413258   -2.913258 (VIOLATED)
_2974_/A                                1.500000    4.413257   -2.913257 (VIOLATED)
_2849_/A                                1.500000    4.413251   -2.913251 (VIOLATED)
_2883_/A                                1.500000    4.413254   -2.913254 (VIOLATED)
_2886_/A                                1.500000    4.413249   -2.913249 (VIOLATED)
_2884_/A                                1.500000    4.413241   -2.913241 (VIOLATED)
_2885_/A                                1.500000    4.413243   -2.913243 (VIOLATED)
_2976_/A                                1.500000    4.413241   -2.913242 (VIOLATED)
_2975_/A                                1.500000    4.413239   -2.913238 (VIOLATED)
_2850_/A                                1.500000    4.413234   -2.913234 (VIOLATED)
_2889_/A                                1.500000    4.413235   -2.913235 (VIOLATED)
_2851_/A                                1.500000    4.413232   -2.913232 (VIOLATED)
_2973_/A                                1.500000    4.413233   -2.913233 (VIOLATED)
_2852_/A                                1.500000    4.413225   -2.913225 (VIOLATED)
_2890_/A                                1.500000    4.413225   -2.913225 (VIOLATED)
_2828_/A                                1.500000    4.413213   -2.913213 (VIOLATED)
_2854_/A                                1.500000    4.413213   -2.913213 (VIOLATED)
_2873_/A                                1.500000    4.413212   -2.913212 (VIOLATED)
_2892_/A                                1.500000    4.413214   -2.913214 (VIOLATED)
_2887_/A                                1.500000    4.413211   -2.913211 (VIOLATED)
_2888_/A                                1.500000    4.413210   -2.913210 (VIOLATED)
_2853_/A                                1.500000    4.413206   -2.913206 (VIOLATED)
_2891_/A                                1.500000    4.413205   -2.913205 (VIOLATED)
_2845_/A                                1.500000    4.413198   -2.913198 (VIOLATED)
_2844_/A                                1.500000    4.413194   -2.913194 (VIOLATED)
_2829_/A                                1.500000    4.413186   -2.913186 (VIOLATED)
_2957_/A                                1.500000    4.413182   -2.913182 (VIOLATED)
_2968_/A                                1.500000    4.413181   -2.913181 (VIOLATED)
_2971_/A                                1.500000    4.413180   -2.913180 (VIOLATED)
_2977_/A                                1.500000    4.413181   -2.913181 (VIOLATED)
_2978_/A                                1.500000    4.413180   -2.913180 (VIOLATED)
_2986_/A                                1.500000    4.413181   -2.913182 (VIOLATED)
_2987_/A                                1.500000    4.413180   -2.913180 (VIOLATED)
_2811_/A                                1.500000    4.413177   -2.913177 (VIOLATED)
_2830_/A                                1.500000    4.413177   -2.913177 (VIOLATED)
_2831_/A                                1.500000    4.413179   -2.913179 (VIOLATED)
_2847_/A                                1.500000    4.413176   -2.913176 (VIOLATED)
_2893_/A                                1.500000    4.413178   -2.913178 (VIOLATED)
_2810_/A                                1.500000    4.413172   -2.913172 (VIOLATED)
_2840_/A                                1.500000    4.413164   -2.913164 (VIOLATED)
_2841_/A                                1.500000    4.413163   -2.913163 (VIOLATED)
_2825_/A                                1.500000    4.413149   -2.913150 (VIOLATED)
_2913_/A                                1.500000    4.413141   -2.913141 (VIOLATED)
_2928_/A                                1.500000    4.413141   -2.913141 (VIOLATED)
_2929_/A                                1.500000    4.413140   -2.913140 (VIOLATED)
_2832_/A                                1.500000    4.413136   -2.913136 (VIOLATED)
_2839_/A                                1.500000    4.413138   -2.913138 (VIOLATED)
_2914_/A                                1.500000    4.413139   -2.913139 (VIOLATED)
_2842_/A                                1.500000    4.413136   -2.913135 (VIOLATED)
_2930_/A                                1.500000    4.413137   -2.913138 (VIOLATED)
_2933_/A                                1.500000    4.413136   -2.913135 (VIOLATED)
_2936_/A                                1.500000    4.413133   -2.913133 (VIOLATED)
_2937_/A                                1.500000    4.413129   -2.913129 (VIOLATED)
_2984_/A                                1.500000    4.413126   -2.913126 (VIOLATED)
_2985_/A                                1.500000    4.413123   -2.913123 (VIOLATED)
_2921_/A                                1.500000    4.413120   -2.913120 (VIOLATED)
_2822_/A                                1.500000    4.413116   -2.913117 (VIOLATED)
_2938_/A                                1.500000    4.413119   -2.913119 (VIOLATED)
_2939_/A                                1.500000    4.413118   -2.913119 (VIOLATED)
_2941_/A                                1.500000    4.413121   -2.913121 (VIOLATED)
_2940_/A                                1.500000    4.413116   -2.913117 (VIOLATED)
_2966_/A                                1.500000    4.413111   -2.913111 (VIOLATED)
_2964_/A                                1.500000    4.413108   -2.913108 (VIOLATED)
_2836_/A                                1.500000    4.413105   -2.913105 (VIOLATED)
_2835_/A                                1.500000    4.413101   -2.913101 (VIOLATED)
_2965_/A                                1.500000    4.413099   -2.913099 (VIOLATED)
_2967_/A                                1.500000    4.413097   -2.913097 (VIOLATED)
_2972_/A                                1.500000    4.413090   -2.913090 (VIOLATED)
_2820_/A                                1.500000    4.413085   -2.913086 (VIOLATED)
_2981_/A                                1.500000    4.413087   -2.913087 (VIOLATED)
_2833_/A                                1.500000    4.413081   -2.913081 (VIOLATED)
_2838_/A                                1.500000    4.413079   -2.913079 (VIOLATED)
_2970_/A                                1.500000    4.413076   -2.913076 (VIOLATED)
_2983_/A                                1.500000    4.413077   -2.913077 (VIOLATED)
_2826_/A                                1.500000    4.413065   -2.913065 (VIOLATED)
_2827_/A                                1.500000    4.413066   -2.913067 (VIOLATED)
_2843_/A                                1.500000    4.413068   -2.913068 (VIOLATED)
_2846_/A                                1.500000    4.413068   -2.913068 (VIOLATED)
_2855_/A                                1.500000    4.413069   -2.913069 (VIOLATED)
_2808_/A                                1.500000    4.413062   -2.913062 (VIOLATED)
_2809_/A                                1.500000    4.413063   -2.913063 (VIOLATED)
_2817_/A                                1.500000    4.413062   -2.913062 (VIOLATED)
_2834_/A                                1.500000    4.413062   -2.913062 (VIOLATED)
_2837_/A                                1.500000    4.413062   -2.913062 (VIOLATED)
_2969_/A                                1.500000    4.413064   -2.913064 (VIOLATED)
_2816_/A                                1.500000    4.413058   -2.913058 (VIOLATED)
_2979_/A                                1.500000    4.413055   -2.913055 (VIOLATED)
_1507_/A                                1.500000    4.413049   -2.913049 (VIOLATED)
_2916_/A                                1.500000    4.413050   -2.913050 (VIOLATED)
_2931_/A                                1.500000    4.413052   -2.913052 (VIOLATED)
_2932_/A                                1.500000    4.413051   -2.913051 (VIOLATED)
_2963_/A                                1.500000    4.413052   -2.913052 (VIOLATED)
_2980_/A                                1.500000    4.413048   -2.913048 (VIOLATED)
_2982_/A                                1.500000    4.413047   -2.913047 (VIOLATED)
_2958_/A                                1.500000    4.413043   -2.913043 (VIOLATED)
_2961_/A                                1.500000    4.413044   -2.913044 (VIOLATED)
_2988_/A                                1.500000    4.413045   -2.913046 (VIOLATED)
_2823_/A                                1.500000    4.413039   -2.913038 (VIOLATED)
_2960_/A                                1.500000    4.413041   -2.913041 (VIOLATED)
_2959_/A                                1.500000    4.413036   -2.913036 (VIOLATED)
_2814_/A                                1.500000    4.413033   -2.913033 (VIOLATED)
_2815_/A                                1.500000    4.413033   -2.913034 (VIOLATED)
_2962_/A                                1.500000    4.413034   -2.913034 (VIOLATED)
_2812_/A                                1.500000    4.413027   -2.913028 (VIOLATED)
_2813_/A                                1.500000    4.413024   -2.913024 (VIOLATED)
_2824_/A                                1.500000    4.413022   -2.913022 (VIOLATED)
_2805_/A                                1.500000    4.413004   -2.913004 (VIOLATED)
_2821_/A                                1.500000    4.412997   -2.912997 (VIOLATED)
_2807_/A                                1.500000    4.412976   -2.912977 (VIOLATED)
_2819_/A                                1.500000    4.412958   -2.912958 (VIOLATED)
_2818_/A                                1.500000    4.412944   -2.912944 (VIOLATED)
_2806_/A                                1.500000    4.412929   -2.912929 (VIOLATED)
clk                                     1.497817    2.154896   -0.657078 (VIOLATED)
_3046_/CLK                              1.500000    2.155265   -0.655265 (VIOLATED)
_3047_/CLK                              1.500000    2.155265   -0.655265 (VIOLATED)
_3045_/CLK                              1.500000    2.155264   -0.655265 (VIOLATED)
_3053_/CLK                              1.500000    2.155264   -0.655264 (VIOLATED)
_3054_/CLK                              1.500000    2.155264   -0.655265 (VIOLATED)
_3044_/CLK                              1.500000    2.155263   -0.655263 (VIOLATED)
_3052_/CLK                              1.500000    2.155264   -0.655264 (VIOLATED)
_3043_/CLK                              1.500000    2.155260   -0.655260 (VIOLATED)
_3051_/CLK                              1.500000    2.155261   -0.655261 (VIOLATED)
_3050_/CLK                              1.500000    2.155258   -0.655258 (VIOLATED)
_3042_/CLK                              1.500000    2.155257   -0.655257 (VIOLATED)
_3041_/CLK                              1.500000    2.155254   -0.655254 (VIOLATED)
_3059_/CLK                              1.500000    2.155251   -0.655251 (VIOLATED)
_3033_/CLK                              1.500000    2.155248   -0.655249 (VIOLATED)
_3062_/CLK                              1.500000    2.155248   -0.655248 (VIOLATED)
_3063_/CLK                              1.500000    2.155248   -0.655248 (VIOLATED)
_3061_/CLK                              1.500000    2.155247   -0.655247 (VIOLATED)
_3034_/CLK                              1.500000    2.155246   -0.655246 (VIOLATED)
_3060_/CLK                              1.500000    2.155246   -0.655246 (VIOLATED)
_3049_/CLK                              1.500000    2.155245   -0.655245 (VIOLATED)
_3159_/CLK                              1.500000    2.155245   -0.655245 (VIOLATED)
_3068_/CLK                              1.500000    2.155243   -0.655243 (VIOLATED)
_3069_/CLK                              1.500000    2.155241   -0.655241 (VIOLATED)
_3071_/CLK                              1.500000    2.155241   -0.655241 (VIOLATED)
_3070_/CLK                              1.500000    2.155239   -0.655239 (VIOLATED)
_3161_/CLK                              1.500000    2.155238   -0.655238 (VIOLATED)
_3035_/CLK                              1.500000    2.155237   -0.655237 (VIOLATED)
_3036_/CLK                              1.500000    2.155236   -0.655236 (VIOLATED)
_3074_/CLK                              1.500000    2.155235   -0.655235 (VIOLATED)
_3037_/CLK                              1.500000    2.155232   -0.655233 (VIOLATED)
_3075_/CLK                              1.500000    2.155231   -0.655231 (VIOLATED)
_3039_/CLK                              1.500000    2.155226   -0.655227 (VIOLATED)
_3077_/CLK                              1.500000    2.155226   -0.655226 (VIOLATED)
_3058_/CLK                              1.500000    2.155225   -0.655225 (VIOLATED)
_3072_/CLK                              1.500000    2.155225   -0.655225 (VIOLATED)
_3073_/CLK                              1.500000    2.155224   -0.655224 (VIOLATED)
_3038_/CLK                              1.500000    2.155223   -0.655223 (VIOLATED)
_3076_/CLK                              1.500000    2.155222   -0.655222 (VIOLATED)
_3030_/CLK                              1.500000    2.155218   -0.655218 (VIOLATED)
_3029_/CLK                              1.500000    2.155216   -0.655216 (VIOLATED)
_3032_/CLK                              1.500000    2.155207   -0.655207 (VIOLATED)
_3026_/CLK                              1.500000    2.155196   -0.655196 (VIOLATED)
_3025_/CLK                              1.500000    2.155183   -0.655183 (VIOLATED)
_2991_/CLK                              1.500000    2.155177   -0.655177 (VIOLATED)
_3003_/CLK                              1.500000    2.155176   -0.655176 (VIOLATED)
_3004_/CLK                              1.500000    2.155176   -0.655176 (VIOLATED)
_2992_/CLK                              1.500000    2.155175   -0.655175 (VIOLATED)
_3017_/CLK                              1.500000    2.155175   -0.655175 (VIOLATED)
_3024_/CLK                              1.500000    2.155175   -0.655175 (VIOLATED)
_3027_/CLK                              1.500000    2.155175   -0.655175 (VIOLATED)
_3002_/CLK                              1.500000    2.155173   -0.655173 (VIOLATED)
_2989_/CLK                              1.500000    2.155171   -0.655172 (VIOLATED)
_2990_/CLK                              1.500000    2.155172   -0.655172 (VIOLATED)
_3005_/CLK                              1.500000    2.155172   -0.655172 (VIOLATED)
_2993_/CLK                              1.500000    2.155170   -0.655171 (VIOLATED)
_3001_/CLK                              1.500000    2.155171   -0.655171 (VIOLATED)
_2994_/CLK                              1.500000    2.155170   -0.655170 (VIOLATED)
_3018_/CLK                              1.500000    2.155171   -0.655171 (VIOLATED)
_3023_/CLK                              1.500000    2.155171   -0.655171 (VIOLATED)
_3021_/CLK                              1.500000    2.155170   -0.655170 (VIOLATED)
_3020_/CLK                              1.500000    2.155169   -0.655169 (VIOLATED)
_3019_/CLK                              1.500000    2.155168   -0.655168 (VIOLATED)
_3022_/CLK                              1.500000    2.155168   -0.655168 (VIOLATED)
_3011_/CLK                              1.500000    2.155167   -0.655167 (VIOLATED)
_3028_/CLK                              1.500000    2.155165   -0.655165 (VIOLATED)
_3012_/CLK                              1.500000    2.155164   -0.655164 (VIOLATED)
_3007_/CLK                              1.500000    2.155161   -0.655161 (VIOLATED)
_3010_/CLK                              1.500000    2.155161   -0.655161 (VIOLATED)
_3031_/CLK                              1.500000    2.155161   -0.655161 (VIOLATED)
_3014_/CLK                              1.500000    2.155160   -0.655160 (VIOLATED)
_3013_/CLK                              1.500000    2.155158   -0.655158 (VIOLATED)
_3160_/CLK                              1.500000    2.155147   -0.655147 (VIOLATED)
_3093_/CLK                              1.500000    2.155129   -0.655130 (VIOLATED)
_3040_/CLK                              1.500000    2.155124   -0.655124 (VIOLATED)
_3092_/CLK                              1.500000    2.155109   -0.655109 (VIOLATED)
_3091_/CLK                              1.500000    2.155090   -0.655090 (VIOLATED)
_3057_/CLK                              1.500000    2.155064   -0.655064 (VIOLATED)
_3087_/CLK                              1.500000    2.155045   -0.655045 (VIOLATED)
_3086_/CLK                              1.500000    2.155027   -0.655027 (VIOLATED)
_3134_/CLK                              1.500000    2.155011   -0.655011 (VIOLATED)
_2997_/CLK                              1.500000    2.155005   -0.655005 (VIOLATED)
_3006_/CLK                              1.500000    2.155005   -0.655005 (VIOLATED)
_2998_/CLK                              1.500000    2.155004   -0.655004 (VIOLATED)
_3009_/CLK                              1.500000    2.155005   -0.655005 (VIOLATED)
_3008_/CLK                              1.500000    2.155003   -0.655003 (VIOLATED)
_3173_/CLK                              1.500000    2.155003   -0.655003 (VIOLATED)
_2999_/CLK                              1.500000    2.155002   -0.655002 (VIOLATED)
_3000_/CLK                              1.500000    2.155002   -0.655002 (VIOLATED)
_3147_/CLK                              1.500000    2.155002   -0.655002 (VIOLATED)
_3164_/CLK                              1.500000    2.155002   -0.655002 (VIOLATED)
_2995_/CLK                              1.500000    2.155001   -0.655001 (VIOLATED)
_2996_/CLK                              1.500000    2.155001   -0.655001 (VIOLATED)
_3015_/CLK                              1.500000    2.155000   -0.655001 (VIOLATED)
_3016_/CLK                              1.500000    2.155000   -0.655000 (VIOLATED)
_3078_/CLK                              1.500000    2.155000   -0.655000 (VIOLATED)
_3133_/CLK                              1.500000    2.155000   -0.655000 (VIOLATED)
_3154_/CLK                              1.500000    2.155000   -0.655001 (VIOLATED)
_3163_/CLK                              1.500000    2.155000   -0.655000 (VIOLATED)
_3156_/CLK                              1.500000    2.154999   -0.654999 (VIOLATED)
_3172_/CLK                              1.500000    2.155000   -0.655000 (VIOLATED)
_3158_/CLK                              1.500000    2.154999   -0.654999 (VIOLATED)
_3162_/CLK                              1.500000    2.154999   -0.654999 (VIOLATED)
_3171_/CLK                              1.500000    2.154999   -0.654999 (VIOLATED)
_3142_/CLK                              1.500000    2.154997   -0.654997 (VIOLATED)
_3153_/CLK                              1.500000    2.154997   -0.654997 (VIOLATED)
_3143_/CLK                              1.500000    2.154995   -0.654995 (VIOLATED)
_3144_/CLK                              1.500000    2.154995   -0.654995 (VIOLATED)
_3145_/CLK                              1.500000    2.154995   -0.654995 (VIOLATED)
_3146_/CLK                              1.500000    2.154995   -0.654995 (VIOLATED)
_3157_/CLK                              1.500000    2.154995   -0.654995 (VIOLATED)
_3155_/CLK                              1.500000    2.154994   -0.654994 (VIOLATED)
_3094_/CLK                              1.500000    2.154993   -0.654993 (VIOLATED)
_3167_/CLK                              1.500000    2.154994   -0.654994 (VIOLATED)
_3168_/CLK                              1.500000    2.154994   -0.654994 (VIOLATED)
_3152_/CLK                              1.500000    2.154993   -0.654993 (VIOLATED)
_3150_/CLK                              1.500000    2.154993   -0.654993 (VIOLATED)
_3165_/CLK                              1.500000    2.154993   -0.654993 (VIOLATED)
_3166_/CLK                              1.500000    2.154992   -0.654992 (VIOLATED)
_3101_/CLK                              1.500000    2.154992   -0.654992 (VIOLATED)
_3109_/CLK                              1.500000    2.154991   -0.654991 (VIOLATED)
_3110_/CLK                              1.500000    2.154991   -0.654991 (VIOLATED)
_3117_/CLK                              1.500000    2.154990   -0.654990 (VIOLATED)
_3108_/CLK                              1.500000    2.154989   -0.654989 (VIOLATED)
_3149_/CLK                              1.500000    2.154989   -0.654989 (VIOLATED)
_3151_/CLK                              1.500000    2.154989   -0.654989 (VIOLATED)
_3139_/CLK                              1.500000    2.154989   -0.654989 (VIOLATED)
_3140_/CLK                              1.500000    2.154989   -0.654989 (VIOLATED)
_3141_/CLK                              1.500000    2.154989   -0.654989 (VIOLATED)
_3116_/CLK                              1.500000    2.154988   -0.654988 (VIOLATED)
_3089_/CLK                              1.500000    2.154987   -0.654987 (VIOLATED)
_3137_/CLK                              1.500000    2.154988   -0.654988 (VIOLATED)
_3138_/CLK                              1.500000    2.154988   -0.654988 (VIOLATED)
_3132_/CLK                              1.500000    2.154987   -0.654987 (VIOLATED)
_3148_/CLK                              1.500000    2.154986   -0.654986 (VIOLATED)
_3105_/CLK                              1.500000    2.154985   -0.654985 (VIOLATED)
_3107_/CLK                              1.500000    2.154985   -0.654985 (VIOLATED)
_3104_/CLK                              1.500000    2.154984   -0.654984 (VIOLATED)
_3090_/CLK                              1.500000    2.154983   -0.654983 (VIOLATED)
_3088_/CLK                              1.500000    2.154983   -0.654983 (VIOLATED)
_3135_/CLK                              1.500000    2.154983   -0.654983 (VIOLATED)
_3136_/CLK                              1.500000    2.154983   -0.654983 (VIOLATED)
_3126_/CLK                              1.500000    2.154981   -0.654981 (VIOLATED)
_3102_/CLK                              1.500000    2.154979   -0.654979 (VIOLATED)
_3170_/CLK                              1.500000    2.154979   -0.654979 (VIOLATED)
_3084_/CLK                              1.500000    2.154977   -0.654977 (VIOLATED)
_3103_/CLK                              1.500000    2.154975   -0.654975 (VIOLATED)
_3169_/CLK                              1.500000    2.154975   -0.654975 (VIOLATED)
_3122_/CLK                              1.500000    2.154971   -0.654971 (VIOLATED)
_3111_/CLK                              1.500000    2.154970   -0.654970 (VIOLATED)
_3123_/CLK                              1.500000    2.154968   -0.654968 (VIOLATED)
_3124_/CLK                              1.500000    2.154969   -0.654969 (VIOLATED)
_3125_/CLK                              1.500000    2.154969   -0.654969 (VIOLATED)
_3106_/CLK                              1.500000    2.154968   -0.654968 (VIOLATED)
_3121_/CLK                              1.500000    2.154965   -0.654965 (VIOLATED)
_3100_/CLK                              1.500000    2.154963   -0.654963 (VIOLATED)
_3118_/CLK                              1.500000    2.154960   -0.654960 (VIOLATED)
_3119_/CLK                              1.500000    2.154958   -0.654959 (VIOLATED)
_3120_/CLK                              1.500000    2.154958   -0.654959 (VIOLATED)
_3115_/CLK                              1.500000    2.154954   -0.654954 (VIOLATED)
_3099_/CLK                              1.500000    2.154944   -0.654944 (VIOLATED)
_3114_/CLK                              1.500000    2.154929   -0.654929 (VIOLATED)
_3064_/CLK                              1.500000    2.154927   -0.654927 (VIOLATED)
_3065_/CLK                              1.500000    2.154927   -0.654927 (VIOLATED)
_3066_/CLK                              1.500000    2.154927   -0.654927 (VIOLATED)
_3067_/CLK                              1.500000    2.154926   -0.654926 (VIOLATED)
_3048_/CLK                              1.500000    2.154924   -0.654924 (VIOLATED)
_3055_/CLK                              1.500000    2.154925   -0.654925 (VIOLATED)
_3056_/CLK                              1.500000    2.154925   -0.654925 (VIOLATED)
_3079_/CLK                              1.500000    2.154918   -0.654918 (VIOLATED)
_3113_/CLK                              1.500000    2.154918   -0.654918 (VIOLATED)
_3080_/CLK                              1.500000    2.154917   -0.654917 (VIOLATED)
_3081_/CLK                              1.500000    2.154918   -0.654918 (VIOLATED)
_3127_/CLK                              1.500000    2.154918   -0.654918 (VIOLATED)
_3128_/CLK                              1.500000    2.154918   -0.654918 (VIOLATED)
_3085_/CLK                              1.500000    2.154917   -0.654917 (VIOLATED)
_3082_/CLK                              1.500000    2.154916   -0.654916 (VIOLATED)
_3129_/CLK                              1.500000    2.154916   -0.654916 (VIOLATED)
_3130_/CLK                              1.500000    2.154916   -0.654916 (VIOLATED)
_3083_/CLK                              1.500000    2.154915   -0.654915 (VIOLATED)
_3095_/CLK                              1.500000    2.154913   -0.654913 (VIOLATED)
_3096_/CLK                              1.500000    2.154913   -0.654913 (VIOLATED)
_3131_/CLK                              1.500000    2.154913   -0.654913 (VIOLATED)
_3097_/CLK                              1.500000    2.154912   -0.654912 (VIOLATED)
_3112_/CLK                              1.500000    2.154912   -0.654912 (VIOLATED)
_3098_/CLK                              1.500000    2.154908   -0.654909 (VIOLATED)

max capacitance

Pin                                        Limit         Cap       Slack
------------------------------------------------------------------------
rst                                     0.331431    0.993242   -0.661811 (VIOLATED)
clk                                     0.331431    0.484103   -0.152672 (VIOLATED)



===========================================================================
report_parasitic_annotation -report_unannotated
============================================================================
Found 0 unannotated drivers.
Found 0 partially unannotated drivers.

===========================================================================
max slew violation count 372
Writing metric design__max_slew_violation__count__corner:nom_tt_025C_1v80: 372
max fanout violation count 0
Writing metric design__max_fanout_violation__count__corner:nom_tt_025C_1v80: 0
max cap violation count 2
Writing metric design__max_cap_violation__count__corner:nom_tt_025C_1v80: 2
============================================================================

===========================================================================
check_setup -verbose -unconstrained_endpoints -multiple_clock -no_clock -no_input_delay -loops -generated_clocks
===========================================================================
