Clock: clk
Sources: clk 
Generated: no
Virtual: yes
Propagated: no
Period: 20.000000

===========================================================================
report_clock_properties
============================================================================
Clock                   Period          Waveform
----------------------------------------------------
clk                  20.000000    0.000000 10.000000

===========================================================================
report_clock_latency
============================================================================
Clock clk
rise -> rise
    min     max
0.000000 0.000000 source latency
1.476300         network latency _3098_/CLK
        1.495303 network latency _3047_/CLK
---------------
1.476300 1.495303 latency
        0.019003 skew

fall -> fall
    min     max
0.000000 0.000000 source latency
0.732143         network latency _3098_/CLK
        0.749997 network latency _3047_/CLK
---------------
0.732143 0.749997 latency
        0.017854 skew



===========================================================================
report_clock_min_period
============================================================================
clk period_min = 11.93 fmax = 83.82
Clock: sclk_virt
Sources: sclk 
Generated: no
Virtual: yes
Propagated: no
Period: 1000.000000

===========================================================================
report_clock_properties
============================================================================
Clock                   Period          Waveform
----------------------------------------------------
sclk_virt           1000.000000    0.000000500.000000

===========================================================================
report_clock_latency
============================================================================
Clock sclk_virt


===========================================================================
report_clock_min_period
============================================================================
sclk_virt period_min = 0.00 fmax = inf
