Clock: clk
Sources: clk 
Generated: no
Virtual: no
Propagated: no
Period: 20.000000

===========================================================================
report_clock_properties
============================================================================
Clock                   Period          Waveform
----------------------------------------------------
clk                  20.000000    0.000000 10.000000

===========================================================================
report_clock_latency
============================================================================
Clock clk
rise -> rise
    min     max
0.000000 0.000000 source latency
0.843478         network latency _2989_/CLK
        0.843478 network latency _2989_/CLK
---------------
0.843478 0.843478 latency
        0.000000 skew

fall -> fall
    min     max
0.000000 0.000000 source latency
0.369808         network latency _2989_/CLK
        0.369808 network latency _2989_/CLK
---------------
0.369808 0.369808 latency
        0.000000 skew



===========================================================================
report_clock_min_period
============================================================================
clk period_min = 6.97 fmax = 143.42
Clock: sclk_virt
Sources: sclk 
Generated: no
Virtual: no
Propagated: no
Period: 1000.000000

===========================================================================
report_clock_properties
============================================================================
Clock                   Period          Waveform
----------------------------------------------------
sclk_virt           1000.000000    0.000000500.000000

===========================================================================
report_clock_latency
============================================================================
Clock sclk_virt


===========================================================================
report_clock_min_period
============================================================================
sclk_virt period_min = 0.00 fmax = inf
