
===========================================================================
report_checks -unconstrained
===========================================================================
======================= min_ff_n40C_1v95 Corner ===================================

Startpoint: rst (input port clocked by clk)
Endpoint: _3158_ (recovery check against rising-edge clock clk)
Path Group: asynchronous
Path Type: max

Fanout         Cap        Slew       Delay        Time   Description
---------------------------------------------------------------------------------------------
                                  0.000000    0.000000   clock clk (rise edge)
                                  0.000000    0.000000   clock network delay (propagated)
                                  4.000000    4.000000 v input external delay
     1    0.007957    0.013003    0.007558    4.007558 v rst (in)
                                                         rst (net)
                      0.013003    0.000000    4.007558 v input2/A (sky130_fd_sc_hd__clkbuf_16)
   118    0.655066    0.295647    0.255321    4.262879 v input2/X (sky130_fd_sc_hd__clkbuf_16)
                                                         net2 (net)
                      0.299952    0.029544    4.292423 v load_slew5/A (sky130_fd_sc_hd__clkbuf_16)
    68    0.376459    0.180378    0.306620    4.599043 v load_slew5/X (sky130_fd_sc_hd__clkbuf_16)
                                                         net5 (net)
                      0.186065    0.025295    4.624339 v _2973_/A (sky130_fd_sc_hd__inv_2)
     1    0.003918    0.044214    0.071099    4.695437 ^ _2973_/Y (sky130_fd_sc_hd__inv_2)
                                                         _0069_ (net)
                      0.044214    0.000016    4.695453 ^ _3158_/SET_B (sky130_fd_sc_hd__dfstp_1)
                                              4.695453   data arrival time

                                 20.000000   20.000000   clock clk (rise edge)
                                  0.000000   20.000000   clock source latency
     1    0.025009    0.088386    0.060862   20.060862 ^ clk (in)
                                                         clk (net)
                      0.088410    0.000000   20.060862 ^ clkbuf_0_clk/A (sky130_fd_sc_hd__clkbuf_16)
    16    0.113672    0.098898    0.152999   20.213861 ^ clkbuf_0_clk/X (sky130_fd_sc_hd__clkbuf_16)
                                                         clknet_0_clk (net)
                      0.098966    0.001414   20.215275 ^ clkbuf_4_3_0_clk/A (sky130_fd_sc_hd__clkbuf_8)
    11    0.058337    0.084044    0.141764   20.357038 ^ clkbuf_4_3_0_clk/X (sky130_fd_sc_hd__clkbuf_8)
                                                         clknet_4_3_0_clk (net)
                      0.084045    0.000494   20.357533 ^ _3158_/CLK (sky130_fd_sc_hd__dfstp_1)
                                 -0.500000   19.857533   clock uncertainty
                                  0.000000   19.857533   clock reconvergence pessimism
                                  0.092710   19.950243   library recovery time
                                             19.950243   data required time
---------------------------------------------------------------------------------------------
                                             19.950243   data required time
                                             -4.695453   data arrival time
---------------------------------------------------------------------------------------------
                                             15.254790   slack (MET)


Startpoint: _3074_ (rising edge-triggered flip-flop clocked by clk)
Endpoint: _3029_ (rising edge-triggered flip-flop clocked by clk)
Path Group: clk
Path Type: max

Fanout         Cap        Slew       Delay        Time   Description
---------------------------------------------------------------------------------------------
                                  0.000000    0.000000   clock clk (rise edge)
                                  0.000000    0.000000   clock source latency
     1    0.025009    0.088386    0.060861    0.060861 ^ clk (in)
                                                         clk (net)
                      0.088410    0.000000    0.060861 ^ clkbuf_0_clk/A (sky130_fd_sc_hd__clkbuf_16)
    16    0.113672    0.098898    0.153000    0.213861 ^ clkbuf_0_clk/X (sky130_fd_sc_hd__clkbuf_16)
                                                         clknet_0_clk (net)
                      0.098997    0.001993    0.215854 ^ clkbuf_4_14_0_clk/A (sky130_fd_sc_hd__clkbuf_8)
    11    0.067437    0.095171    0.149912    0.365766 ^ clkbuf_4_14_0_clk/X (sky130_fd_sc_hd__clkbuf_8)
                                                         clknet_4_14_0_clk (net)
                      0.095173    0.000642    0.366408 ^ _3074_/CLK (sky130_fd_sc_hd__dfrtp_2)
     3    0.008147    0.042616    0.241037    0.607445 ^ _3074_/Q (sky130_fd_sc_hd__dfrtp_2)
                                                         my_sum_sub.cm_exp[4] (net)
                      0.042616    0.000060    0.607506 ^ rebuffer13/A (sky130_fd_sc_hd__dlygate4sd3_1)
     4    0.016591    0.133352    0.446967    1.054472 ^ rebuffer13/X (sky130_fd_sc_hd__dlygate4sd3_1)
                                                         net18 (net)
                      0.133352    0.000326    1.054798 ^ _2414_/A (sky130_fd_sc_hd__and3_1)
     2    0.009278    0.078269    0.136873    1.191671 ^ _2414_/X (sky130_fd_sc_hd__and3_1)
                                                         _0713_ (net)
                      0.078269    0.000107    1.191778 ^ _2421_/A1 (sky130_fd_sc_hd__o221a_4)
     7    0.022076    0.066090    0.138082    1.329860 ^ _2421_/X (sky130_fd_sc_hd__o221a_4)
                                                         _0720_ (net)
                      0.066090    0.000293    1.330152 ^ _2429_/D_N (sky130_fd_sc_hd__or4b_4)
     4    0.018065    0.075290    0.298695    1.628848 v _2429_/X (sky130_fd_sc_hd__or4b_4)
                                                         _0728_ (net)
                      0.075290    0.000073    1.628921 v _2445_/A1 (sky130_fd_sc_hd__a21o_4)
     4    0.019140    0.038365    0.158755    1.787676 v _2445_/X (sky130_fd_sc_hd__a21o_4)
                                                         _0744_ (net)
                      0.038365    0.000155    1.787830 v _2449_/A (sky130_fd_sc_hd__nor4_4)
     5    0.021076    0.271089    0.283421    2.071251 ^ _2449_/Y (sky130_fd_sc_hd__nor4_4)
                                                         _0748_ (net)
                      0.271089    0.000377    2.071629 ^ _2453_/B (sky130_fd_sc_hd__xnor2_2)
     4    0.009681    0.065038    0.057999    2.129627 v _2453_/Y (sky130_fd_sc_hd__xnor2_2)
                                                         _0752_ (net)
                      0.065038    0.000063    2.129690 v _2486_/A (sky130_fd_sc_hd__or4_4)
     3    0.007291    0.061864    0.332362    2.462053 v _2486_/X (sky130_fd_sc_hd__or4_4)
                                                         _0785_ (net)
                      0.061864    0.000050    2.462102 v _2492_/A2 (sky130_fd_sc_hd__o2111a_1)
     3    0.013316    0.062860    0.190999    2.653101 v _2492_/X (sky130_fd_sc_hd__o2111a_1)
                                                         _0791_ (net)
                      0.062860    0.000169    2.653270 v _2494_/B (sky130_fd_sc_hd__xor2_2)
     4    0.019378    0.072656    0.126971    2.780241 v _2494_/X (sky130_fd_sc_hd__xor2_2)
                                                         _0793_ (net)
                      0.072657    0.000122    2.780363 v _2503_/A (sky130_fd_sc_hd__or4_4)
     7    0.028181    0.085546    0.371622    3.151984 v _2503_/X (sky130_fd_sc_hd__or4_4)
                                                         _0802_ (net)
                      0.085546    0.000257    3.152242 v _2534_/B (sky130_fd_sc_hd__nor3b_1)
     2    0.003935    0.133333    0.147667    3.299908 ^ _2534_/Y (sky130_fd_sc_hd__nor3b_1)
                                                         _0833_ (net)
                      0.133333    0.000026    3.299935 ^ _2538_/B1 (sky130_fd_sc_hd__a2bb2o_1)
     5    0.010762    0.086110    0.139780    3.439714 ^ _2538_/X (sky130_fd_sc_hd__a2bb2o_1)
                                                         _0837_ (net)
                      0.086110    0.000074    3.439788 ^ _2539_/A_N (sky130_fd_sc_hd__and2b_1)
     3    0.009456    0.044251    0.134533    3.574322 v _2539_/X (sky130_fd_sc_hd__and2b_1)
                                                         _0838_ (net)
                      0.044251    0.000165    3.574486 v _2540_/A3 (sky130_fd_sc_hd__a31o_1)
     3    0.014284    0.060577    0.176549    3.751036 v _2540_/X (sky130_fd_sc_hd__a31o_1)
                                                         _0839_ (net)
                      0.060577    0.000131    3.751167 v _2561_/C (sky130_fd_sc_hd__or4_1)
     1    0.002401    0.051984    0.262331    4.013497 v _2561_/X (sky130_fd_sc_hd__or4_1)
                                                         _0860_ (net)
                      0.051984    0.000010    4.013507 v _2562_/A2 (sky130_fd_sc_hd__a21bo_2)
     7    0.031356    0.070453    0.191278    4.204785 v _2562_/X (sky130_fd_sc_hd__a21bo_2)
                                                         _0861_ (net)
                      0.070455    0.000441    4.205226 v _2568_/B (sky130_fd_sc_hd__nor4b_2)
     6    0.020784    0.385255    0.364417    4.569643 ^ _2568_/Y (sky130_fd_sc_hd__nor4b_2)
                                                         _0867_ (net)
                      0.385255    0.000167    4.569810 ^ _2575_/A2 (sky130_fd_sc_hd__a21oi_1)
     2    0.005343    0.082156    0.066751    4.636560 v _2575_/Y (sky130_fd_sc_hd__a21oi_1)
                                                         _0874_ (net)
                      0.082156    0.000053    4.636614 v _2581_/A (sky130_fd_sc_hd__or4b_4)
     7    0.024246    0.082144    0.370738    5.007352 v _2581_/X (sky130_fd_sc_hd__or4b_4)
                                                         _0880_ (net)
                      0.082144    0.000381    5.007733 v _2615_/A1 (sky130_fd_sc_hd__o211a_1)
     2    0.004369    0.033213    0.160810    5.168543 v _2615_/X (sky130_fd_sc_hd__o211a_1)
                                                         _0914_ (net)
                      0.033213    0.000042    5.168584 v _2616_/B (sky130_fd_sc_hd__or2_1)
     1    0.002494    0.031144    0.117582    5.286167 v _2616_/X (sky130_fd_sc_hd__or2_1)
                                                         _0915_ (net)
                      0.031144    0.000026    5.286193 v _2618_/B1 (sky130_fd_sc_hd__a2bb2o_1)
     3    0.009679    0.058094    0.193105    5.479298 v _2618_/X (sky130_fd_sc_hd__a2bb2o_1)
                                                         _0917_ (net)
                      0.058094    0.000088    5.479386 v _2644_/B (sky130_fd_sc_hd__and4b_1)
     1    0.008674    0.047644    0.136352    5.615739 v _2644_/X (sky130_fd_sc_hd__and4b_1)
                                                         _0943_ (net)
                      0.047644    0.000083    5.615822 v _2659_/A1 (sky130_fd_sc_hd__a21oi_4)
    16    0.057510    0.311380    0.266513    5.882335 ^ _2659_/Y (sky130_fd_sc_hd__a21oi_4)
                                                         _0958_ (net)
                      0.311387    0.001269    5.883604 ^ _2663_/B2 (sky130_fd_sc_hd__a22o_1)
     1    0.004627    0.044924    0.096833    5.980437 ^ _2663_/X (sky130_fd_sc_hd__a22o_1)
                                                         _0288_ (net)
                      0.044924    0.000085    5.980522 ^ hold157/A (sky130_fd_sc_hd__dlygate4sd3_1)
     1    0.002658    0.036457    0.372871    6.353393 ^ hold157/X (sky130_fd_sc_hd__dlygate4sd3_1)
                                                         net162 (net)
                      0.036457    0.000027    6.353420 ^ _3029_/D (sky130_fd_sc_hd__dfrtp_1)
                                              6.353420   data arrival time

                                 20.000000   20.000000   clock clk (rise edge)
                                  0.000000   20.000000   clock source latency
     1    0.025009    0.088386    0.060862   20.060862 ^ clk (in)
                                                         clk (net)
                      0.088410    0.000000   20.060862 ^ clkbuf_0_clk/A (sky130_fd_sc_hd__clkbuf_16)
    16    0.113672    0.098898    0.152999   20.213861 ^ clkbuf_0_clk/X (sky130_fd_sc_hd__clkbuf_16)
                                                         clknet_0_clk (net)
                      0.098912    0.001235   20.215096 ^ clkbuf_4_11_0_clk/A (sky130_fd_sc_hd__clkbuf_8)
    13    0.057302    0.082753    0.140929   20.356026 ^ clkbuf_4_11_0_clk/X (sky130_fd_sc_hd__clkbuf_8)
                                                         clknet_4_11_0_clk (net)
                      0.082753    0.000306   20.356331 ^ _3029_/CLK (sky130_fd_sc_hd__dfrtp_1)
                                 -0.500000   19.856331   clock uncertainty
                                  0.000000   19.856331   clock reconvergence pessimism
                                 -0.032521   19.823809   library setup time
                                             19.823809   data required time
---------------------------------------------------------------------------------------------
                                             19.823809   data required time
                                             -6.353420   data arrival time
---------------------------------------------------------------------------------------------
                                             13.470389   slack (MET)




===========================================================================
report_checks --slack_max -0.01
============================================================================
======================= min_ff_n40C_1v95 Corner ===================================

No paths found.


===========================================================================
 report_check_types -max_slew -max_cap -max_fanout -violators
============================================================================
======================= min_ff_n40C_1v95 Corner ===================================



===========================================================================
report_parasitic_annotation -report_unannotated
============================================================================
Found 15 unannotated drivers.
 clkload0/Y
 clkload1/Y
 clkload10/Y
 clkload11/Y
 clkload12/Y
 clkload13/Y
 clkload14/Y
 clkload2/Y
 clkload3/Y
 clkload4/Y
 clkload5/Y
 clkload6/Y
 clkload7/Y
 clkload8/Y
 clkload9/Y
Found 0 partially unannotated drivers.

===========================================================================
max slew violation count 0
max fanout violation count 0
max cap violation count 0
============================================================================

===========================================================================
check_setup -verbose -unconstrained_endpoints -multiple_clock -no_clock -no_input_delay -loops -generated_clocks
===========================================================================
