Clock: clk
Sources: clk 
Generated: no
Virtual: yes
Propagated: no
Period: 20.000000

===========================================================================
report_clock_properties
============================================================================
Clock                   Period          Waveform
----------------------------------------------------
clk                  20.000000    0.000000 10.000000

===========================================================================
report_clock_latency
============================================================================
Clock clk
rise -> rise
    min     max
0.000000 0.000000 source latency
0.351449         network latency _3017_/CLK
        0.373658 network latency _3155_/CLK
---------------
0.351449 0.373658 latency
        0.022209 skew

fall -> fall
    min     max
0.000000 0.000000 source latency
0.293497         network latency _3017_/CLK
        0.308993 network latency _3155_/CLK
---------------
0.293497 0.308993 latency
        0.015496 skew



===========================================================================
report_clock_min_period
============================================================================
clk period_min = 6.53 fmax = 153.15
Clock: sclk_virt
Sources: sclk 
Generated: no
Virtual: yes
Propagated: no
Period: 1000.000000

===========================================================================
report_clock_properties
============================================================================
Clock                   Period          Waveform
----------------------------------------------------
sclk_virt           1000.000000    0.000000500.000000

===========================================================================
report_clock_latency
============================================================================
Clock sclk_virt


===========================================================================
report_clock_min_period
============================================================================
sclk_virt period_min = 0.00 fmax = inf
