
===========================================================================
 report_power
============================================================================
======================= min_ff_n40C_1v95 Corner ===================================

Group                    Internal    Switching      Leakage        Total
                            Power        Power        Power        Power (Watts)
------------------------------------------------------------------------
Sequential           4.605185e-04 9.093613e-06 3.785597e-09 4.696159e-04  49.4%
Combinational        8.815929e-05 5.599987e-05 1.700462e-08 1.441762e-04  15.2%
Clock                1.287252e-04 2.088001e-04 9.231874e-09 3.375346e-04  35.5%
Macro                0.000000e+00 0.000000e+00 0.000000e+00 0.000000e+00   0.0%
Pad                  0.000000e+00 0.000000e+00 0.000000e+00 0.000000e+00   0.0%
------------------------------------------------------------------------
Total                6.774032e-04 2.738936e-04 3.002186e-08 9.513269e-04 100.0%
                            71.2%        28.8%         0.0%

