Reading timing models for corner nom_tt_025C_1v80…
Reading timing library for the 'nom_tt_025C_1v80' corner at '/foss/pdks/ciel/sky130/versions/d400e26845538beaeb7cc5fdb9bfc06c30ea27cb/sky130A/libs.ref/sky130_fd_sc_hd/lib/sky130_fd_sc_hd__tt_025C_1v80.lib'…
Reading timing models for corner nom_ff_n40C_1v95…
Reading timing library for the 'nom_ff_n40C_1v95' corner at '/foss/pdks/ciel/sky130/versions/d400e26845538beaeb7cc5fdb9bfc06c30ea27cb/sky130A/libs.ref/sky130_fd_sc_hd/lib/sky130_fd_sc_hd__ff_n40C_1v95.lib'…
Reading timing models for corner nom_ss_100C_1v60…
Reading timing library for the 'nom_ss_100C_1v60' corner at '/foss/pdks/ciel/sky130/versions/d400e26845538beaeb7cc5fdb9bfc06c30ea27cb/sky130A/libs.ref/sky130_fd_sc_hd/lib/sky130_fd_sc_hd__ss_100C_1v60.lib'…
Reading OpenROAD database at '/foss/designs/chip_top/runs/RUN_2026-06-06_06-39-23/33-openroad-detailedplacement/chip_top.odb'…
Reading design constraints file at '/foss/designs/chip_top/constraints.sdc'…
[WARNING STA-0441] set_input_delay relative to a clock defined on the same port/pin not allowed.
[INFO] No information on clock propagation in input SDC file-- propagating all clocks.
[INFO] Setting RC values…
[INFO] Configuring cts characterization…
[INFO] Performing clock tree synthesis…
[INFO] Looking for the following net(s): clk
[INFO] Running Clock Tree Synthesis…
[INFO CTS-0050] Root buffer is sky130_fd_sc_hd__clkbuf_16.
[INFO CTS-0051] Sink buffer is sky130_fd_sc_hd__clkbuf_8.
[INFO CTS-0052] The following clock buffers will be used for CTS:
                    sky130_fd_sc_hd__clkbuf_2
                    sky130_fd_sc_hd__clkbuf_4
                    sky130_fd_sc_hd__clkbuf_8
[INFO CTS-0049] Characterization buffer is sky130_fd_sc_hd__clkbuf_8.
[INFO CTS-0007] Net "clk" found for clock "clk".
[INFO CTS-0010]  Clock net "clk" has 185 sinks.
[INFO CTS-0007] Net "sclk" found for clock "sclk_virt".
[WARNING CTS-0041] Net "sclk" has 1 sinks. Skipping...
[INFO CTS-0008] TritonCTS found 1 clock nets.
[INFO CTS-0097] Characterization used 3 buffer(s) types.
[INFO CTS-0200] 0 placement blockages have been identified.
[INFO CTS-0201] 0 placed hard macros will be treated like blockages.
[INFO CTS-0027] Generating H-Tree topology for net clk.
[INFO CTS-0028]  Total number of sinks: 185.
[INFO CTS-0029]  Sinks will be clustered in groups of up to 25 and with maximum cluster diameter of 50.0 um.
[INFO CTS-0030]  Number of static layers: 0.
[INFO CTS-0020]  Wire segment unit: 13600  dbu (13 um).
[INFO CTS-0023]  Original sink region: [(7165, 15020), (166785, 164500)].
[INFO CTS-0024]  Normalized sink region: [(0.526838, 1.10441), (12.2636, 12.0956)].
[INFO CTS-0025]     Width:  11.7368.
[INFO CTS-0026]     Height: 10.9912.
 Level 1
    Direction: Horizontal
    Sinks per sub-region: 93
    Sub-region size: 5.8684 X 10.9912
[INFO CTS-0034]     Segment length (rounded): 2.
 Level 2
    Direction: Vertical
    Sinks per sub-region: 47
    Sub-region size: 5.8684 X 5.4956
[INFO CTS-0034]     Segment length (rounded): 2.
 Level 3
    Direction: Horizontal
    Sinks per sub-region: 24
    Sub-region size: 2.9342 X 5.4956
[INFO CTS-0034]     Segment length (rounded): 1.
 Level 4
    Direction: Vertical
    Sinks per sub-region: 12
    Sub-region size: 2.9342 X 2.7478
[INFO CTS-0034]     Segment length (rounded): 1.
[INFO CTS-0032]  Stop criterion found. Max number of sinks is 15.
[INFO CTS-0035]  Number of sinks covered: 185.
[INFO CTS-0018]     Created 17 clock buffers.
[INFO CTS-0012]     Minimum number of buffers in the clock path: 2.
[INFO CTS-0013]     Maximum number of buffers in the clock path: 2.
[INFO CTS-0015]     Created 17 clock nets.
[INFO CTS-0016]     Fanout distribution for the current clock = 6:1, 7:1, 8:1, 9:3, 10:3, 11:1, 12:2, 15:1, 16:1, 17:1, 24:1..
[INFO CTS-0017]     Max level of the clock tree: 4.
[INFO CTS-0098] Clock net "clk"
[INFO CTS-0099]  Sinks 200
[INFO CTS-0100]  Leaf buffers 0
[INFO CTS-0101]  Average sink wire length 233.95 um
[INFO CTS-0102]  Path depth 2 - 2
[INFO CTS-0207]  Leaf load cells 15
[INFO] Repairing long wires on clock nets…
[INFO RSZ-0058] Using max wire length 6335um.
Setting global connections for newly added cells…
[INFO] Setting global connections...
Updating metrics…
Cell type report:                       Count       Area
  Fill cell                               126     472.95
  Tap cell                                422     528.01
  Clock buffer                             17     245.24
  Timing Repair Buffer                      5      72.57
  Inverter                                246     933.40
  Clock inverter                           15     231.47
  Sequential cell                         185    4787.09
  Multi-Input combinational cell         1249    9791.89
  Total                                  2265   17062.61
Writing OpenROAD database to '/foss/designs/chip_top/runs/RUN_2026-06-06_06-39-23/34-openroad-cts/chip_top.odb'…
Writing netlist to '/foss/designs/chip_top/runs/RUN_2026-06-06_06-39-23/34-openroad-cts/chip_top.nl.v'…
Writing powered netlist to '/foss/designs/chip_top/runs/RUN_2026-06-06_06-39-23/34-openroad-cts/chip_top.pnl.v'…
Writing layout to '/foss/designs/chip_top/runs/RUN_2026-06-06_06-39-23/34-openroad-cts/chip_top.def'…
Writing timing constraints to '/foss/designs/chip_top/runs/RUN_2026-06-06_06-39-23/34-openroad-cts/chip_top.sdc'…
[INFO] Legalizing…
Placement Analysis
---------------------------------
total displacement        326.3 u
average displacement        0.1 u
max displacement            9.8 u
original HPWL           30611.8 u
legalized HPWL          31732.2 u
delta HPWL                    4 %

[INFO DPL-0020] Mirrored 631 instances
[INFO DPL-0021] HPWL before           31732.2 u
[INFO DPL-0022] HPWL after            30805.3 u
[INFO DPL-0023] HPWL delta               -2.9 %
Setting global connections for newly added cells…
[INFO] Setting global connections...
Updating metrics…
Cell type report:                       Count       Area
  Fill cell                               126     472.95
  Tap cell                                422     528.01
  Clock buffer                             17     245.24
  Timing Repair Buffer                      5      72.57
  Inverter                                246     933.40
  Clock inverter                           15     231.47
  Sequential cell                         185    4787.09
  Multi-Input combinational cell         1249    9791.89
  Total                                  2265   17062.61
Writing OpenROAD database to '/foss/designs/chip_top/runs/RUN_2026-06-06_06-39-23/34-openroad-cts/chip_top.odb'…
Writing netlist to '/foss/designs/chip_top/runs/RUN_2026-06-06_06-39-23/34-openroad-cts/chip_top.nl.v'…
Writing powered netlist to '/foss/designs/chip_top/runs/RUN_2026-06-06_06-39-23/34-openroad-cts/chip_top.pnl.v'…
Writing layout to '/foss/designs/chip_top/runs/RUN_2026-06-06_06-39-23/34-openroad-cts/chip_top.def'…
Writing timing constraints to '/foss/designs/chip_top/runs/RUN_2026-06-06_06-39-23/34-openroad-cts/chip_top.sdc'…
%OL_CREATE_REPORT cts.rpt
[INFO CTS-0003] Total number of Clock Roots: 1.
[INFO CTS-0004] Total number of Buffers Inserted: 17.
[INFO CTS-0005] Total number of Clock Subnets: 17.
[INFO CTS-0006] Total number of Sinks: 185.
%OL_END_REPORT
