┏━━━━━━━━━━━━━━━━━━━━━━┳━━━━━━━━━━┳━━━━━━━━━━┳━━━━━━━━━━┳━━━━━━━━━━┳━━━━━━━━━━━┳━━━━━━━━━━┳━━━━━━━━━━━┳━━━━━━━━━━┳━━━━━━━━━━━┳━━━━━━━━━━┳━━━━━━━━━━━┳━━━━━━━━━━┓
┃                      ┃ Hold     ┃ Reg to   ┃          ┃          ┃ of which  ┃ Setup    ┃           ┃          ┃           ┃ of which ┃           ┃          ┃
┃                      ┃ Worst    ┃ Reg      ┃          ┃ Hold Vio ┃ reg to    ┃ Worst    ┃ Reg to    ┃ Setup    ┃ Setup Vio ┃ reg to   ┃ Max Cap   ┃ Max Slew ┃
┃ Corner/Group         ┃ Slack    ┃ Paths    ┃ Hold TNS ┃ Count    ┃ reg       ┃ Slack    ┃ Reg Paths ┃ TNS      ┃ Count     ┃ reg      ┃ Violatio… ┃ Violati… ┃
┡━━━━━━━━━━━━━━━━━━━━━━╇━━━━━━━━━━╇━━━━━━━━━━╇━━━━━━━━━━╇━━━━━━━━━━╇━━━━━━━━━━━╇━━━━━━━━━━╇━━━━━━━━━━━╇━━━━━━━━━━╇━━━━━━━━━━━╇━━━━━━━━━━╇━━━━━━━━━━━╇━━━━━━━━━━┩
│ Overall              │ 0.1141   │ 0.1141   │ 0.0000   │ 0        │ 0         │ -0.5076  │ -0.5076   │ -4.5309  │ 34        │ 34       │ 1         │ 16       │
│ nom_tt_025C_1v80     │ 0.4443   │ 0.4443   │ 0.0000   │ 0        │ 0         │ 9.7258   │ 9.7258    │ 0.0000   │ 0         │ 0        │ 0         │ 0        │
│ nom_ss_100C_1v60     │ 1.3628   │ 1.3628   │ 0.0000   │ 0        │ 0         │ -0.3784  │ -0.3784   │ -2.9737  │ 12        │ 12       │ 1         │ 0        │
│ nom_ff_n40C_1v95     │ 0.1180   │ 0.1180   │ 0.0000   │ 0        │ 0         │ 13.4208  │ 13.4208   │ 0.0000   │ 0         │ 0        │ 0         │ 0        │
│ min_tt_025C_1v80     │ 0.4408   │ 0.4408   │ 0.0000   │ 0        │ 0         │ 9.7900   │ 9.7900    │ 0.0000   │ 0         │ 0        │ 0         │ 0        │
│ min_ss_100C_1v60     │ 1.3577   │ 1.3577   │ 0.0000   │ 0        │ 0         │ -0.2656  │ -0.2656   │ -1.6902  │ 10        │ 10       │ 0         │ 0        │
│ min_ff_n40C_1v95     │ 0.1141   │ 0.1141   │ 0.0000   │ 0        │ 0         │ 13.4704  │ 13.4704   │ 0.0000   │ 0         │ 0        │ 0         │ 0        │
│ max_tt_025C_1v80     │ 0.4489   │ 0.4489   │ 0.0000   │ 0        │ 0         │ 9.6543   │ 9.6543    │ 0.0000   │ 0         │ 0        │ 0         │ 0        │
│ max_ss_100C_1v60     │ 1.3706   │ 1.3706   │ 0.0000   │ 0        │ 0         │ -0.5076  │ -0.5076   │ -4.5309  │ 12        │ 12       │ 1         │ 16       │
│ max_ff_n40C_1v95     │ 0.1224   │ 0.1224   │ 0.0000   │ 0        │ 0         │ 13.3671  │ 13.3671   │ 0.0000   │ 0         │ 0        │ 0         │ 0        │
└──────────────────────┴──────────┴──────────┴──────────┴──────────┴───────────┴──────────┴───────────┴──────────┴───────────┴──────────┴───────────┴──────────┘
