
===========================================================================
report_checks -unconstrained
===========================================================================
======================= nom_tt_025C_1v80 Corner ===================================

Startpoint: rst (input port clocked by clk)
Endpoint: _3158_ (recovery check against rising-edge clock clk)
Path Group: asynchronous
Path Type: max

Fanout         Cap        Slew       Delay        Time   Description
---------------------------------------------------------------------------------------------
                                  0.000000    0.000000   clock clk (rise edge)
                                  0.000000    0.000000   clock network delay (propagated)
                                  4.000000    4.000000 v input external delay
     1    0.007946    0.020025    0.012888    4.012888 v rst (in)
                                                         rst (net)
                      0.020027    0.000000    4.012888 v input2/A (sky130_fd_sc_hd__clkbuf_16)
   118    0.669566    0.408634    0.358719    4.371607 v input2/X (sky130_fd_sc_hd__clkbuf_16)
                                                         net2 (net)
                      0.415711    0.044312    4.415919 v load_slew5/A (sky130_fd_sc_hd__clkbuf_16)
    68    0.385742    0.248679    0.441474    4.857392 v load_slew5/X (sky130_fd_sc_hd__clkbuf_16)
                                                         net5 (net)
                      0.258406    0.038700    4.896092 v _2973_/A (sky130_fd_sc_hd__inv_2)
     1    0.003868    0.064909    0.104158    5.000250 ^ _2973_/Y (sky130_fd_sc_hd__inv_2)
                                                         _0069_ (net)
                      0.064909    0.000045    5.000296 ^ _3158_/SET_B (sky130_fd_sc_hd__dfstp_1)
                                              5.000296   data arrival time

                                 20.000000   20.000000   clock clk (rise edge)
                                  0.000000   20.000000   clock source latency
     1    0.026284    0.123439    0.085976   20.085976 ^ clk (in)
                                                         clk (net)
                      0.123485    0.000000   20.085976 ^ clkbuf_0_clk/A (sky130_fd_sc_hd__clkbuf_16)
    16    0.118762    0.132374    0.226706   20.312681 ^ clkbuf_0_clk/X (sky130_fd_sc_hd__clkbuf_16)
                                                         clknet_0_clk (net)
                      0.132589    0.003608   20.316290 ^ clkbuf_4_3_0_clk/A (sky130_fd_sc_hd__clkbuf_8)
    11    0.058745    0.111937    0.210857   20.527147 ^ clkbuf_4_3_0_clk/X (sky130_fd_sc_hd__clkbuf_8)
                                                         clknet_4_3_0_clk (net)
                      0.111948    0.001178   20.528324 ^ _3158_/CLK (sky130_fd_sc_hd__dfstp_1)
                                 -0.500000   20.028324   clock uncertainty
                                  0.000000   20.028324   clock reconvergence pessimism
                                  0.154305   20.182629   library recovery time
                                             20.182629   data required time
---------------------------------------------------------------------------------------------
                                             20.182629   data required time
                                             -5.000296   data arrival time
---------------------------------------------------------------------------------------------
                                             15.182334   slack (MET)


Startpoint: _3074_ (rising edge-triggered flip-flop clocked by clk)
Endpoint: _3023_ (rising edge-triggered flip-flop clocked by clk)
Path Group: clk
Path Type: max

Fanout         Cap        Slew       Delay        Time   Description
---------------------------------------------------------------------------------------------
                                  0.000000    0.000000   clock clk (rise edge)
                                  0.000000    0.000000   clock source latency
     1    0.026284    0.123439    0.085976    0.085976 ^ clk (in)
                                                         clk (net)
                      0.123485    0.000000    0.085976 ^ clkbuf_0_clk/A (sky130_fd_sc_hd__clkbuf_16)
    16    0.118762    0.132374    0.226705    0.312681 ^ clkbuf_0_clk/X (sky130_fd_sc_hd__clkbuf_16)
                                                         clknet_0_clk (net)
                      0.132628    0.004037    0.316718 ^ clkbuf_4_14_0_clk/A (sky130_fd_sc_hd__clkbuf_8)
    11    0.068870    0.128094    0.223146    0.539864 ^ clkbuf_4_14_0_clk/X (sky130_fd_sc_hd__clkbuf_8)
                                                         clknet_4_14_0_clk (net)
                      0.128107    0.001374    0.541238 ^ _3074_/CLK (sky130_fd_sc_hd__dfrtp_2)
     3    0.007776    0.051378    0.429578    0.970816 v _3074_/Q (sky130_fd_sc_hd__dfrtp_2)
                                                         my_sum_sub.cm_exp[4] (net)
                      0.051378    0.000151    0.970967 v rebuffer13/A (sky130_fd_sc_hd__dlygate4sd3_1)
     4    0.015742    0.112388    0.623347    1.594314 v rebuffer13/X (sky130_fd_sc_hd__dlygate4sd3_1)
                                                         net18 (net)
                      0.112389    0.000604    1.594918 v _2418_/A1 (sky130_fd_sc_hd__a31oi_2)
     2    0.009152    0.187138    0.195671    1.790589 ^ _2418_/Y (sky130_fd_sc_hd__a31oi_2)
                                                         _0717_ (net)
                      0.187138    0.000200    1.790790 ^ _2421_/B2 (sky130_fd_sc_hd__o221a_4)
     7    0.022662    0.093401    0.248321    2.039110 ^ _2421_/X (sky130_fd_sc_hd__o221a_4)
                                                         _0720_ (net)
                      0.093403    0.000603    2.039714 ^ _2429_/D_N (sky130_fd_sc_hd__or4b_4)
     4    0.018618    0.111336    0.511465    2.551178 v _2429_/X (sky130_fd_sc_hd__or4b_4)
                                                         _0728_ (net)
                      0.111336    0.000257    2.551435 v _2445_/A1 (sky130_fd_sc_hd__a21o_4)
     4    0.019403    0.051845    0.247633    2.799069 v _2445_/X (sky130_fd_sc_hd__a21o_4)
                                                         _0744_ (net)
                      0.051845    0.000459    2.799528 v _2449_/A (sky130_fd_sc_hd__nor4_4)
     5    0.021447    0.380220    0.417204    3.216733 ^ _2449_/Y (sky130_fd_sc_hd__nor4_4)
                                                         _0748_ (net)
                      0.380220    0.000749    3.217482 ^ _2453_/B (sky130_fd_sc_hd__xnor2_2)
     4    0.009713    0.088423    0.126966    3.344448 v _2453_/Y (sky130_fd_sc_hd__xnor2_2)
                                                         _0752_ (net)
                      0.088423    0.000190    3.344638 v _2486_/A (sky130_fd_sc_hd__or4_4)
     3    0.007391    0.089472    0.551821    3.896459 v _2486_/X (sky130_fd_sc_hd__or4_4)
                                                         _0785_ (net)
                      0.089472    0.000155    3.896614 v _2492_/A2 (sky130_fd_sc_hd__o2111a_1)
     3    0.013510    0.090168    0.296239    4.192853 v _2492_/X (sky130_fd_sc_hd__o2111a_1)
                                                         _0791_ (net)
                      0.090168    0.000348    4.193201 v _2494_/B (sky130_fd_sc_hd__xor2_2)
     4    0.019810    0.107193    0.196609    4.389810 v _2494_/X (sky130_fd_sc_hd__xor2_2)
                                                         _0793_ (net)
                      0.107193    0.000361    4.390170 v _2503_/A (sky130_fd_sc_hd__or4_4)
     7    0.028945    0.124403    0.618464    5.008634 v _2503_/X (sky130_fd_sc_hd__or4_4)
                                                         _0802_ (net)
                      0.124405    0.000665    5.009299 v _2506_/A1 (sky130_fd_sc_hd__o211ai_4)
     3    0.011045    0.171686    0.228185    5.237485 ^ _2506_/Y (sky130_fd_sc_hd__o211ai_4)
                                                         _0805_ (net)
                      0.171686    0.000273    5.237758 ^ _2519_/B1 (sky130_fd_sc_hd__o211ai_1)
     2    0.005562    0.108537    0.136398    5.374156 v _2519_/Y (sky130_fd_sc_hd__o211ai_1)
                                                         _0818_ (net)
                      0.108537    0.000147    5.374303 v _2523_/A (sky130_fd_sc_hd__or4bb_1)
     2    0.006785    0.104895    0.547030    5.921333 v _2523_/X (sky130_fd_sc_hd__or4bb_1)
                                                         _0822_ (net)
                      0.104895    0.000170    5.921504 v _2542_/D1 (sky130_fd_sc_hd__a2111o_1)
     1    0.008477    0.088914    0.338711    6.260215 v _2542_/X (sky130_fd_sc_hd__a2111o_1)
                                                         _0841_ (net)
                      0.088914    0.000192    6.260406 v _2543_/B (sky130_fd_sc_hd__xor2_2)
     4    0.012600    0.089855    0.178755    6.439161 v _2543_/X (sky130_fd_sc_hd__xor2_2)
                                                         _0842_ (net)
                      0.089855    0.000260    6.439421 v _2551_/B (sky130_fd_sc_hd__or4b_4)
     4    0.018378    0.111163    0.570436    7.009857 v _2551_/X (sky130_fd_sc_hd__or4b_4)
                                                         _0850_ (net)
                      0.111163    0.000274    7.010132 v _2568_/D_N (sky130_fd_sc_hd__nor4b_2)
     6    0.019917    0.085245    0.223400    7.233531 v _2568_/Y (sky130_fd_sc_hd__nor4b_2)
                                                         _0867_ (net)
                      0.085245    0.000248    7.233779 v _2580_/A1 (sky130_fd_sc_hd__a211oi_2)
     5    0.015915    0.335198    0.332846    7.566625 ^ _2580_/Y (sky130_fd_sc_hd__a211oi_2)
                                                         _0879_ (net)
                      0.335198    0.000440    7.567064 ^ _2581_/D_N (sky130_fd_sc_hd__or4b_4)
     7    0.025002    0.119301    0.567531    8.134596 v _2581_/X (sky130_fd_sc_hd__or4b_4)
                                                         _0880_ (net)
                      0.119301    0.000770    8.135365 v _2615_/A1 (sky130_fd_sc_hd__o211a_1)
     2    0.004355    0.045707    0.252978    8.388344 v _2615_/X (sky130_fd_sc_hd__o211a_1)
                                                         _0914_ (net)
                      0.045707    0.000108    8.388452 v _2616_/B (sky130_fd_sc_hd__or2_1)
     1    0.002552    0.046402    0.199544    8.587996 v _2616_/X (sky130_fd_sc_hd__or2_1)
                                                         _0915_ (net)
                      0.046402    0.000075    8.588070 v _2618_/B1 (sky130_fd_sc_hd__a2bb2o_1)
     3    0.009771    0.081787    0.313032    8.901102 v _2618_/X (sky130_fd_sc_hd__a2bb2o_1)
                                                         _0917_ (net)
                      0.081787    0.000169    8.901271 v _2669_/A (sky130_fd_sc_hd__or4_1)
     1    0.003142    0.084978    0.526571    9.427842 v _2669_/X (sky130_fd_sc_hd__or4_1)
                                                         _0959_ (net)
                      0.084978    0.000098    9.427939 v _2671_/D (sky130_fd_sc_hd__or4_4)
     7    0.023527    0.117032    0.480328    9.908267 v _2671_/X (sky130_fd_sc_hd__or4_4)
                                                         _0961_ (net)
                      0.117032    0.000407    9.908674 v _2673_/A2 (sky130_fd_sc_hd__a32o_1)
     1    0.005159    0.051435    0.282364   10.191038 v _2673_/X (sky130_fd_sc_hd__a32o_1)
                                                         _0282_ (net)
                      0.051435    0.000182   10.191220 v _3023_/D (sky130_fd_sc_hd__dfrtp_1)
                                             10.191220   data arrival time

                                 20.000000   20.000000   clock clk (rise edge)
                                  0.000000   20.000000   clock source latency
     1    0.026284    0.123439    0.085976   20.085976 ^ clk (in)
                                                         clk (net)
                      0.123485    0.000000   20.085976 ^ clkbuf_0_clk/A (sky130_fd_sc_hd__clkbuf_16)
    16    0.118762    0.132374    0.226706   20.312681 ^ clkbuf_0_clk/X (sky130_fd_sc_hd__clkbuf_16)
                                                         clknet_0_clk (net)
                      0.132577    0.003467   20.316149 ^ clkbuf_4_10_0_clk/A (sky130_fd_sc_hd__clkbuf_8)
    10    0.052940    0.102673    0.203924   20.520073 ^ clkbuf_4_10_0_clk/X (sky130_fd_sc_hd__clkbuf_8)
                                                         clknet_4_10_0_clk (net)
                      0.102678    0.000814   20.520887 ^ _3023_/CLK (sky130_fd_sc_hd__dfrtp_1)
                                 -0.500000   20.020887   clock uncertainty
                                  0.000000   20.020887   clock reconvergence pessimism
                                 -0.103874   19.917013   library setup time
                                             19.917013   data required time
---------------------------------------------------------------------------------------------
                                             19.917013   data required time
                                            -10.191220   data arrival time
---------------------------------------------------------------------------------------------
                                              9.725792   slack (MET)




===========================================================================
report_checks --slack_max -0.01
============================================================================
======================= nom_tt_025C_1v80 Corner ===================================

No paths found.


===========================================================================
 report_check_types -max_slew -max_cap -max_fanout -violators
============================================================================
======================= nom_tt_025C_1v80 Corner ===================================



===========================================================================
report_parasitic_annotation -report_unannotated
============================================================================
Found 15 unannotated drivers.
 clkload0/Y
 clkload1/Y
 clkload10/Y
 clkload11/Y
 clkload12/Y
 clkload13/Y
 clkload14/Y
 clkload2/Y
 clkload3/Y
 clkload4/Y
 clkload5/Y
 clkload6/Y
 clkload7/Y
 clkload8/Y
 clkload9/Y
Found 0 partially unannotated drivers.

===========================================================================
max slew violation count 0
max fanout violation count 0
max cap violation count 0
============================================================================

===========================================================================
check_setup -verbose -unconstrained_endpoints -multiple_clock -no_clock -no_input_delay -loops -generated_clocks
===========================================================================
