Clock: clk
Sources: clk 
Generated: no
Virtual: yes
Propagated: no
Period: 20.000000

===========================================================================
report_clock_properties
============================================================================
Clock                   Period          Waveform
----------------------------------------------------
clk                  20.000000    0.000000 10.000000

===========================================================================
report_clock_latency
============================================================================
Clock clk
rise -> rise
    min     max
0.000000 0.000000 source latency
0.519874         network latency _3017_/CLK
        0.550904 network latency _3155_/CLK
---------------
0.519874 0.550904 latency
        0.031030 skew

fall -> fall
    min     max
0.000000 0.000000 source latency
0.437132         network latency _3017_/CLK
        0.459644 network latency _3155_/CLK
---------------
0.437132 0.459644 latency
        0.022512 skew



===========================================================================
report_clock_min_period
============================================================================
clk period_min = 10.27 fmax = 97.33
Clock: sclk_virt
Sources: sclk 
Generated: no
Virtual: yes
Propagated: no
Period: 1000.000000

===========================================================================
report_clock_properties
============================================================================
Clock                   Period          Waveform
----------------------------------------------------
sclk_virt           1000.000000    0.000000500.000000

===========================================================================
report_clock_latency
============================================================================
Clock sclk_virt


===========================================================================
report_clock_min_period
============================================================================
sclk_virt period_min = 0.00 fmax = inf
