Reading OpenROAD database at '/foss/designs/chip_top/runs/RUN_2026-06-06_06-39-23/41-openroad-repairantennas/1-diodeinsertion/chip_top.odb'…
Reading library file at '/foss/pdks/ciel/sky130/versions/d400e26845538beaeb7cc5fdb9bfc06c30ea27cb/sky130A/libs.ref/sky130_fd_sc_hd/lib/sky130_fd_sc_hd__tt_025C_1v80.lib'…
Reading design constraints file at '/foss/designs/chip_top/constraints.sdc'…
[WARNING STA-0441] set_input_delay relative to a clock defined on the same port/pin not allowed.
[INFO] No information on clock propagation in input SDC file-- propagating all clocks.
[INFO ORD-0030] Using 4 thread(s).
[INFO DRT-0149] Reading tech and libs.
[WARNING DRT-0349] LEF58_ENCLOSURE with no CUTCLASS is not supported. Skipping for layer mcon
[WARNING DRT-0349] LEF58_ENCLOSURE with no CUTCLASS is not supported. Skipping for layer mcon
[WARNING DRT-0349] LEF58_ENCLOSURE with no CUTCLASS is not supported. Skipping for layer via
[WARNING DRT-0349] LEF58_ENCLOSURE with no CUTCLASS is not supported. Skipping for layer via
[WARNING DRT-0349] LEF58_ENCLOSURE with no CUTCLASS is not supported. Skipping for layer via2
[WARNING DRT-0349] LEF58_ENCLOSURE with no CUTCLASS is not supported. Skipping for layer via2
[WARNING DRT-0349] LEF58_ENCLOSURE with no CUTCLASS is not supported. Skipping for layer via3
[WARNING DRT-0349] LEF58_ENCLOSURE with no CUTCLASS is not supported. Skipping for layer via3
[WARNING DRT-0349] LEF58_ENCLOSURE with no CUTCLASS is not supported. Skipping for layer via4
[WARNING DRT-0349] LEF58_ENCLOSURE with no CUTCLASS is not supported. Skipping for layer via4

Units:                1000
Number of layers:     13
Number of macros:     445
Number of vias:       29
Number of viarulegen: 25

[INFO DRT-0150] Reading design.
[WARNING DRT-0120] Large net net2 has 119 pins which may impact routing performance. Consider optimization.

Design:                   chip_top
Die area:                 ( 0 0 ) ( 182930 193650 )
Number of track patterns: 12
Number of DEF vias:       0
Number of components:     2584
Number of terminals:      8
Number of snets:          2
Number of nets:           2020

[INFO DRT-0167] List of default vias:
  Layer via
    default via: M1M2_PR
  Layer via2
    default via: M2M3_PR
  Layer via3
    default via: M3M4_PR
  Layer via4
    default via: M4M5_PR
[INFO DRT-0162] Library cell analysis.
[INFO DRT-0163] Instance analysis.
[INFO DRT-0164] Number of unique instances = 320.
[INFO DRT-0168] Init region query.
[INFO DRT-0024]   Complete FR_MASTERSLICE.
[INFO DRT-0024]   Complete licon.
[INFO DRT-0024]   Complete li1.
[INFO DRT-0024]   Complete mcon.
[INFO DRT-0024]   Complete met1.
[INFO DRT-0024]   Complete via.
[INFO DRT-0024]   Complete met2.
[INFO DRT-0024]   Complete via2.
[INFO DRT-0024]   Complete met3.
[INFO DRT-0024]   Complete via3.
[INFO DRT-0024]   Complete met4.
[INFO DRT-0024]   Complete via4.
[INFO DRT-0024]   Complete met5.
[INFO DRT-0033] FR_MASTERSLICE shape region query size = 0.
[INFO DRT-0033] licon shape region query size = 0.
[INFO DRT-0033] li1 shape region query size = 66388.
[INFO DRT-0033] mcon shape region query size = 0.
[INFO DRT-0033] met1 shape region query size = 8024.
[INFO DRT-0033] via shape region query size = 480.
[INFO DRT-0033] met2 shape region query size = 289.
[INFO DRT-0033] via2 shape region query size = 384.
[INFO DRT-0033] met3 shape region query size = 293.
[INFO DRT-0033] via3 shape region query size = 384.
[INFO DRT-0033] met4 shape region query size = 106.
[INFO DRT-0033] via4 shape region query size = 4.
[INFO DRT-0033] met5 shape region query size = 8.
[INFO DRT-0165] Start pin access.
[INFO DRT-0076]   Complete 1000 pins.
[INFO DRT-0078]   Complete 1241 pins.
[INFO DRT-0079]   Complete 100 unique inst patterns.
[INFO DRT-0079]   Complete 200 unique inst patterns.
[INFO DRT-0079]   Complete 300 unique inst patterns.
[INFO DRT-0081]   Complete 314 unique inst patterns.
[INFO DRT-0084]   Complete 1088 groups.
#scanned instances     = 2584
#unique  instances     = 320
#stdCellGenAp          = 9415
#stdCellValidPlanarAp  = 81
#stdCellValidViaAp     = 7223
#stdCellPinNoAp        = 0
#stdCellPinCnt         = 6824
#instTermValidViaApCnt = 0
#macroGenAp            = 0
#macroValidPlanarAp    = 0
#macroValidViaAp       = 0
#macroNoAp             = 0
[INFO DRT-0166] Complete pin access.
[INFO DRT-0267] cpu time = 00:00:57, elapsed time = 00:00:14, memory = 149.15 (MB), peak = 148.47 (MB)

[INFO DRT-0157] Number of guides:     13687

[INFO DRT-0169] Post process guides.
[INFO DRT-0176] GCELLGRID X 0 DO 26 STEP 6900 ;
[INFO DRT-0177] GCELLGRID Y 0 DO 28 STEP 6900 ;
[INFO DRT-0028]   Complete FR_MASTERSLICE.
[INFO DRT-0028]   Complete licon.
[INFO DRT-0028]   Complete li1.
[INFO DRT-0028]   Complete mcon.
[INFO DRT-0028]   Complete met1.
[INFO DRT-0028]   Complete via.
[INFO DRT-0028]   Complete met2.
[INFO DRT-0028]   Complete via2.
[INFO DRT-0028]   Complete met3.
[INFO DRT-0028]   Complete via3.
[INFO DRT-0028]   Complete met4.
[INFO DRT-0028]   Complete via4.
[INFO DRT-0028]   Complete met5.
[INFO DRT-0178] Init guide query.
[INFO DRT-0035]   Complete FR_MASTERSLICE (guide).
[INFO DRT-0035]   Complete licon (guide).
[INFO DRT-0035]   Complete li1 (guide).
[INFO DRT-0035]   Complete mcon (guide).
[INFO DRT-0035]   Complete met1 (guide).
[INFO DRT-0035]   Complete via (guide).
[INFO DRT-0035]   Complete met2 (guide).
[INFO DRT-0035]   Complete via2 (guide).
[INFO DRT-0035]   Complete met3 (guide).
[INFO DRT-0035]   Complete via3 (guide).
[INFO DRT-0035]   Complete met4 (guide).
[INFO DRT-0035]   Complete via4 (guide).
[INFO DRT-0035]   Complete met5 (guide).
[INFO DRT-0036] FR_MASTERSLICE guide region query size = 0.
[INFO DRT-0036] licon guide region query size = 0.
[INFO DRT-0036] li1 guide region query size = 5087.
[INFO DRT-0036] mcon guide region query size = 0.
[INFO DRT-0036] met1 guide region query size = 3814.
[INFO DRT-0036] via guide region query size = 0.
[INFO DRT-0036] met2 guide region query size = 1841.
[INFO DRT-0036] via2 guide region query size = 0.
[INFO DRT-0036] met3 guide region query size = 85.
[INFO DRT-0036] via3 guide region query size = 0.
[INFO DRT-0036] met4 guide region query size = 23.
[INFO DRT-0036] via4 guide region query size = 0.
[INFO DRT-0036] met5 guide region query size = 0.
[INFO DRT-0179] Init gr pin query.
[INFO DRT-0245] skipped writing guide updates to database.
[INFO DRT-0185] Post process initialize RPin region query.
[INFO DRT-0181] Start track assignment.
[INFO DRT-0184] Done with 6951 vertical wires in 1 frboxes and 3899 horizontal wires in 1 frboxes.
[INFO DRT-0186] Done with 567 vertical wires in 1 frboxes and 1253 horizontal wires in 1 frboxes.
[INFO DRT-0182] Complete track assignment.
[INFO DRT-0267] cpu time = 00:00:00, elapsed time = 00:00:00, memory = 175.94 (MB), peak = 175.22 (MB)
[INFO DRT-0187] Start routing data preparation.
[INFO DRT-0267] cpu time = 00:00:00, elapsed time = 00:00:00, memory = 177.32 (MB), peak = 176.59 (MB)
[INFO DRT-0194] Start detail routing.
[INFO DRT-0195] Start 0th optimization iteration.
    Completing 10% with 0 violations.
    elapsed time = 00:00:01, memory = 246.54 (MB).
    Completing 20% with 0 violations.
    elapsed time = 00:00:04, memory = 210.72 (MB).
    Completing 30% with 143 violations.
    elapsed time = 00:00:05, memory = 298.75 (MB).
    Completing 40% with 143 violations.
    elapsed time = 00:00:06, memory = 300.62 (MB).
    Completing 50% with 143 violations.
    elapsed time = 00:00:07, memory = 275.45 (MB).
    Completing 60% with 279 violations.
    elapsed time = 00:00:08, memory = 323.76 (MB).
    Completing 70% with 279 violations.
    elapsed time = 00:00:13, memory = 296.90 (MB).
    Completing 80% with 489 violations.
    elapsed time = 00:00:13, memory = 329.84 (MB).
    Completing 90% with 489 violations.
    elapsed time = 00:00:15, memory = 334.05 (MB).
    Completing 100% with 659 violations.
    elapsed time = 00:00:17, memory = 304.48 (MB).
[INFO DRT-0199]   Number of violations = 787.
Viol/Layer         li1   mcon   met1    via   met2   met3
Cut Spacing          0      1      0      0      0      0
Metal Spacing       24      0    139      0     28      5
Min Hole             0      0      1      0      0      0
Recheck              0      0     91      0     37      0
Short                0      0    425      2     34      0
[INFO DRT-0267] cpu time = 00:00:38, elapsed time = 00:00:18, memory = 622.03 (MB), peak = 621.14 (MB)
Total wire length = 42881 um.
Total wire length on LAYER li1 = 0 um.
Total wire length on LAYER met1 = 20657 um.
Total wire length on LAYER met2 = 18880 um.
Total wire length on LAYER met3 = 2147 um.
Total wire length on LAYER met4 = 1195 um.
Total wire length on LAYER met5 = 0 um.
Total number of vias = 13528.
Up-via summary (total 13528):

------------------------
 FR_MASTERSLICE        0
            li1     6642
           met1     6685
           met2      157
           met3       44
           met4        0
------------------------
                   13528


[INFO DRT-0195] Start 1st optimization iteration.
    Completing 10% with 787 violations.
    elapsed time = 00:00:00, memory = 658.82 (MB).
    Completing 20% with 787 violations.
    elapsed time = 00:00:00, memory = 658.82 (MB).
    Completing 30% with 649 violations.
    elapsed time = 00:00:05, memory = 640.10 (MB).
    Completing 40% with 649 violations.
    elapsed time = 00:00:06, memory = 649.23 (MB).
    Completing 50% with 649 violations.
    elapsed time = 00:00:07, memory = 649.23 (MB).
    Completing 60% with 578 violations.
    elapsed time = 00:00:08, memory = 684.37 (MB).
    Completing 70% with 578 violations.
    elapsed time = 00:00:08, memory = 684.37 (MB).
    Completing 80% with 578 violations.
    elapsed time = 00:00:12, memory = 691.81 (MB).
    Completing 90% with 425 violations.
    elapsed time = 00:00:15, memory = 726.73 (MB).
    Completing 100% with 292 violations.
    elapsed time = 00:00:17, memory = 692.84 (MB).
[INFO DRT-0199]   Number of violations = 292.
Viol/Layer        mcon   met1   met2   met3
Cut Spacing          1      0      0      0
Metal Spacing        0     70      7      4
Short                0    205      5      0
[INFO DRT-0267] cpu time = 00:00:37, elapsed time = 00:00:17, memory = 693.08 (MB), peak = 725.77 (MB)
Total wire length = 42453 um.
Total wire length on LAYER li1 = 0 um.
Total wire length on LAYER met1 = 20454 um.
Total wire length on LAYER met2 = 18736 um.
Total wire length on LAYER met3 = 2060 um.
Total wire length on LAYER met4 = 1202 um.
Total wire length on LAYER met5 = 0 um.
Total number of vias = 13477.
Up-via summary (total 13477):

------------------------
 FR_MASTERSLICE        0
            li1     6638
           met1     6641
           met2      153
           met3       45
           met4        0
------------------------
                   13477


[INFO DRT-0195] Start 2nd optimization iteration.
    Completing 10% with 292 violations.
    elapsed time = 00:00:00, memory = 693.08 (MB).
    Completing 20% with 292 violations.
    elapsed time = 00:00:00, memory = 727.70 (MB).
    Completing 30% with 292 violations.
    elapsed time = 00:00:01, memory = 727.70 (MB).
    Completing 40% with 287 violations.
    elapsed time = 00:00:04, memory = 693.08 (MB).
    Completing 50% with 287 violations.
    elapsed time = 00:00:05, memory = 726.36 (MB).
    Completing 60% with 287 violations.
    elapsed time = 00:00:08, memory = 693.09 (MB).
    Completing 70% with 309 violations.
    elapsed time = 00:00:08, memory = 693.09 (MB).
    Completing 80% with 309 violations.
    elapsed time = 00:00:11, memory = 693.09 (MB).
    Completing 90% with 292 violations.
    elapsed time = 00:00:13, memory = 725.11 (MB).
    Completing 100% with 299 violations.
    elapsed time = 00:00:14, memory = 693.09 (MB).
[INFO DRT-0199]   Number of violations = 299.
Viol/Layer        met1   met2   met3
Metal Spacing       60      8      3
Short              226      2      0
[INFO DRT-0267] cpu time = 00:00:32, elapsed time = 00:00:14, memory = 696.01 (MB), peak = 726.75 (MB)
Total wire length = 42316 um.
Total wire length on LAYER li1 = 0 um.
Total wire length on LAYER met1 = 20366 um.
Total wire length on LAYER met2 = 18746 um.
Total wire length on LAYER met3 = 2005 um.
Total wire length on LAYER met4 = 1198 um.
Total wire length on LAYER met5 = 0 um.
Total number of vias = 13412.
Up-via summary (total 13412):

------------------------
 FR_MASTERSLICE        0
            li1     6638
           met1     6588
           met2      142
           met3       44
           met4        0
------------------------
                   13412


[INFO DRT-0195] Start 3rd optimization iteration.
    Completing 10% with 299 violations.
    elapsed time = 00:00:00, memory = 696.01 (MB).
    Completing 20% with 299 violations.
    elapsed time = 00:00:03, memory = 701.51 (MB).
    Completing 30% with 241 violations.
    elapsed time = 00:00:04, memory = 704.01 (MB).
    Completing 40% with 241 violations.
    elapsed time = 00:00:05, memory = 704.01 (MB).
    Completing 50% with 241 violations.
    elapsed time = 00:00:05, memory = 704.01 (MB).
    Completing 60% with 179 violations.
    elapsed time = 00:00:05, memory = 704.01 (MB).
    Completing 70% with 179 violations.
    elapsed time = 00:00:07, memory = 704.01 (MB).
    Completing 80% with 82 violations.
    elapsed time = 00:00:08, memory = 704.01 (MB).
    Completing 90% with 82 violations.
    elapsed time = 00:00:09, memory = 704.01 (MB).
    Completing 100% with 12 violations.
    elapsed time = 00:00:09, memory = 704.01 (MB).
[INFO DRT-0199]   Number of violations = 12.
Viol/Layer        met1
Metal Spacing        5
Short                7
[INFO DRT-0267] cpu time = 00:00:24, elapsed time = 00:00:09, memory = 704.01 (MB), peak = 726.75 (MB)
Total wire length = 42267 um.
Total wire length on LAYER li1 = 0 um.
Total wire length on LAYER met1 = 19564 um.
Total wire length on LAYER met2 = 18890 um.
Total wire length on LAYER met3 = 2651 um.
Total wire length on LAYER met4 = 1160 um.
Total wire length on LAYER met5 = 0 um.
Total number of vias = 13661.
Up-via summary (total 13661):

------------------------
 FR_MASTERSLICE        0
            li1     6638
           met1     6698
           met2      281
           met3       44
           met4        0
------------------------
                   13661


[INFO DRT-0195] Start 4th optimization iteration.
    Completing 10% with 12 violations.
    elapsed time = 00:00:00, memory = 704.01 (MB).
    Completing 20% with 12 violations.
    elapsed time = 00:00:00, memory = 704.01 (MB).
    Completing 30% with 11 violations.
    elapsed time = 00:00:00, memory = 704.01 (MB).
    Completing 40% with 11 violations.
    elapsed time = 00:00:00, memory = 704.01 (MB).
    Completing 50% with 11 violations.
    elapsed time = 00:00:01, memory = 704.01 (MB).
    Completing 60% with 8 violations.
    elapsed time = 00:00:01, memory = 704.01 (MB).
    Completing 70% with 8 violations.
    elapsed time = 00:00:01, memory = 704.01 (MB).
    Completing 80% with 8 violations.
    elapsed time = 00:00:01, memory = 704.01 (MB).
    Completing 90% with 8 violations.
    elapsed time = 00:00:01, memory = 704.01 (MB).
    Completing 100% with 0 violations.
    elapsed time = 00:00:01, memory = 704.01 (MB).
[INFO DRT-0199]   Number of violations = 0.
[INFO DRT-0267] cpu time = 00:00:02, elapsed time = 00:00:01, memory = 704.01 (MB), peak = 726.75 (MB)
Total wire length = 42258 um.
Total wire length on LAYER li1 = 0 um.
Total wire length on LAYER met1 = 19546 um.
Total wire length on LAYER met2 = 18892 um.
Total wire length on LAYER met3 = 2658 um.
Total wire length on LAYER met4 = 1160 um.
Total wire length on LAYER met5 = 0 um.
Total number of vias = 13655.
Up-via summary (total 13655):

------------------------
 FR_MASTERSLICE        0
            li1     6638
           met1     6694
           met2      279
           met3       44
           met4        0
------------------------
                   13655


[INFO DRT-0198] Complete detail routing.
Total wire length = 42258 um.
Total wire length on LAYER li1 = 0 um.
Total wire length on LAYER met1 = 19546 um.
Total wire length on LAYER met2 = 18892 um.
Total wire length on LAYER met3 = 2658 um.
Total wire length on LAYER met4 = 1160 um.
Total wire length on LAYER met5 = 0 um.
Total number of vias = 13655.
Up-via summary (total 13655):

------------------------
 FR_MASTERSLICE        0
            li1     6638
           met1     6694
           met2      279
           met3       44
           met4        0
------------------------
                   13655


[INFO DRT-0267] cpu time = 00:02:15, elapsed time = 00:01:01, memory = 704.01 (MB), peak = 726.75 (MB)

[INFO DRT-0180] Post processing.
Setting global connections for newly added cells…
[INFO] Setting global connections...
Updating metrics…
Cell type report:                       Count       Area
  Fill cell                               126     472.95
  Tap cell                                422     528.01
  Antenna cell                              6      15.01
  Clock buffer                             17     245.24
  Timing Repair Buffer                    318    3154.28
  Inverter                                246     933.40
  Clock inverter                           15     231.47
  Sequential cell                         185    4787.09
  Multi-Input combinational cell         1249    9863.21
  Total                                  2584   20230.65
Writing OpenROAD database to '/foss/designs/chip_top/runs/RUN_2026-06-06_06-39-23/43-openroad-detailedrouting/chip_top.odb'…
Writing netlist to '/foss/designs/chip_top/runs/RUN_2026-06-06_06-39-23/43-openroad-detailedrouting/chip_top.nl.v'…
Writing powered netlist to '/foss/designs/chip_top/runs/RUN_2026-06-06_06-39-23/43-openroad-detailedrouting/chip_top.pnl.v'…
Writing layout to '/foss/designs/chip_top/runs/RUN_2026-06-06_06-39-23/43-openroad-detailedrouting/chip_top.def'…
Writing timing constraints to '/foss/designs/chip_top/runs/RUN_2026-06-06_06-39-23/43-openroad-detailedrouting/chip_top.sdc'…
