
===========================================================================
report_checks -unconstrained
===========================================================================
======================= min_ss_100C_1v60 Corner ===================================

Startpoint: rst (input port clocked by clk)
Endpoint: _3158_ (recovery check against rising-edge clock clk)
Path Group: asynchronous
Path Type: max

Fanout         Cap        Slew       Delay        Time   Description
---------------------------------------------------------------------------------------------
                                  0.000000    0.000000   clock clk (rise edge)
                                  0.000000    0.000000   clock network delay (propagated)
                                  4.000000    4.000000 v input external delay
     1    0.007965    0.039033    0.025155    4.025156 v rst (in)
                                                         rst (net)
                      0.039033    0.000000    4.025156 v input2/A (sky130_fd_sc_hd__clkbuf_16)
   118    0.656829    0.661623    0.664962    4.690118 v input2/X (sky130_fd_sc_hd__clkbuf_16)
                                                         net2 (net)
                      0.663538    0.029988    4.720105 v load_slew5/A (sky130_fd_sc_hd__clkbuf_16)
    68    0.377479    0.392398    0.792604    5.512710 v load_slew5/X (sky130_fd_sc_hd__clkbuf_16)
                                                         net5 (net)
                      0.394929    0.025808    5.538518 v _2973_/A (sky130_fd_sc_hd__inv_2)
     1    0.003483    0.100272    0.162727    5.701244 ^ _2973_/Y (sky130_fd_sc_hd__inv_2)
                                                         _0069_ (net)
                      0.100272    0.000014    5.701258 ^ _3158_/SET_B (sky130_fd_sc_hd__dfstp_1)
                                              5.701258   data arrival time

                                 20.000000   20.000000   clock clk (rise edge)
                                  0.000000   20.000000   clock source latency
     1    0.024940    0.184531    0.126787   20.126787 ^ clk (in)
                                                         clk (net)
                      0.184542    0.000000   20.126787 ^ clkbuf_0_clk/A (sky130_fd_sc_hd__clkbuf_16)
    16    0.113048    0.194621    0.382018   20.508806 ^ clkbuf_0_clk/X (sky130_fd_sc_hd__clkbuf_16)
                                                         clknet_0_clk (net)
                      0.194628    0.001407   20.510212 ^ clkbuf_4_3_0_clk/A (sky130_fd_sc_hd__clkbuf_8)
    11    0.056251    0.169207    0.365219   20.875431 ^ clkbuf_4_3_0_clk/X (sky130_fd_sc_hd__clkbuf_8)
                                                         clknet_4_3_0_clk (net)
                      0.169207    0.000469   20.875900 ^ _3158_/CLK (sky130_fd_sc_hd__dfstp_1)
                                 -0.500000   20.375900   clock uncertainty
                                  0.000000   20.375900   clock reconvergence pessimism
                                  0.294365   20.670265   library recovery time
                                             20.670265   data required time
---------------------------------------------------------------------------------------------
                                             20.670265   data required time
                                             -5.701258   data arrival time
---------------------------------------------------------------------------------------------
                                             14.969007   slack (MET)


Startpoint: _3071_ (rising edge-triggered flip-flop clocked by clk)
Endpoint: _3023_ (rising edge-triggered flip-flop clocked by clk)
Path Group: clk
Path Type: max

Fanout         Cap        Slew       Delay        Time   Description
---------------------------------------------------------------------------------------------
                                  0.000000    0.000000   clock clk (rise edge)
                                  0.000000    0.000000   clock source latency
     1    0.024940    0.184531    0.126788    0.126788 ^ clk (in)
                                                         clk (net)
                      0.184542    0.000000    0.126788 ^ clkbuf_0_clk/A (sky130_fd_sc_hd__clkbuf_16)
    16    0.113048    0.194621    0.382018    0.508806 ^ clkbuf_0_clk/X (sky130_fd_sc_hd__clkbuf_16)
                                                         clknet_0_clk (net)
                      0.194639    0.001983    0.510789 ^ clkbuf_4_14_0_clk/A (sky130_fd_sc_hd__clkbuf_8)
    11    0.065419    0.191608    0.382186    0.892976 ^ clkbuf_4_14_0_clk/X (sky130_fd_sc_hd__clkbuf_8)
                                                         clknet_4_14_0_clk (net)
                      0.191608    0.000246    0.893222 ^ _3071_/CLK (sky130_fd_sc_hd__dfrtp_2)
     8    0.020457    0.153008    0.961143    1.854365 v _3071_/Q (sky130_fd_sc_hd__dfrtp_2)
                                                         my_sum_sub.cm_exp[1] (net)
                      0.153008    0.000484    1.854849 v _2404_/C (sky130_fd_sc_hd__and3_1)
     5    0.015716    0.172695    0.508633    2.363481 v _2404_/X (sky130_fd_sc_hd__and3_1)
                                                         _0703_ (net)
                      0.172695    0.000286    2.363768 v _2408_/A3 (sky130_fd_sc_hd__a32o_2)
     5    0.021098    0.142218    0.603787    2.967555 v _2408_/X (sky130_fd_sc_hd__a32o_2)
                                                         _0707_ (net)
                      0.142218    0.000206    2.967761 v _2425_/B (sky130_fd_sc_hd__or3_1)
     2    0.005809    0.173291    0.866769    3.834530 v _2425_/X (sky130_fd_sc_hd__or3_1)
                                                         _0724_ (net)
                      0.173291    0.000059    3.834589 v _2429_/B (sky130_fd_sc_hd__or4b_4)
     4    0.018233    0.197677    1.138737    4.973326 v _2429_/X (sky130_fd_sc_hd__or4b_4)
                                                         _0728_ (net)
                      0.197677    0.000074    4.973400 v _2445_/A1 (sky130_fd_sc_hd__a21o_4)
     4    0.019191    0.091439    0.460398    5.433797 v _2445_/X (sky130_fd_sc_hd__a21o_4)
                                                         _0744_ (net)
                      0.091439    0.000155    5.433953 v _2449_/A (sky130_fd_sc_hd__nor4_4)
     5    0.020738    0.610587    0.710124    6.144076 ^ _2449_/Y (sky130_fd_sc_hd__nor4_4)
                                                         _0748_ (net)
                      0.610587    0.000373    6.144450 ^ _2453_/B (sky130_fd_sc_hd__xnor2_2)
     4    0.009312    0.153355    0.314686    6.459136 v _2453_/Y (sky130_fd_sc_hd__xnor2_2)
                                                         _0752_ (net)
                      0.153355    0.000061    6.459198 v _2486_/A (sky130_fd_sc_hd__or4_4)
     3    0.007199    0.165870    1.097809    7.557007 v _2486_/X (sky130_fd_sc_hd__or4_4)
                                                         _0785_ (net)
                      0.165870    0.000050    7.557056 v _2492_/A2 (sky130_fd_sc_hd__o2111a_1)
     3    0.013325    0.158408    0.539570    8.096626 v _2492_/X (sky130_fd_sc_hd__o2111a_1)
                                                         _0791_ (net)
                      0.158408    0.000171    8.096797 v _2494_/B (sky130_fd_sc_hd__xor2_2)
     4    0.019418    0.206672    0.363847    8.460644 v _2494_/X (sky130_fd_sc_hd__xor2_2)
                                                         _0793_ (net)
                      0.206672    0.000123    8.460767 v _2503_/A (sky130_fd_sc_hd__or4_4)
     7    0.028393    0.229247    1.233564    9.694331 v _2503_/X (sky130_fd_sc_hd__or4_4)
                                                         _0802_ (net)
                      0.229247    0.000249    9.694580 v _2506_/A1 (sky130_fd_sc_hd__o211ai_4)
     3    0.010881    0.263743    0.389773   10.084352 ^ _2506_/Y (sky130_fd_sc_hd__o211ai_4)
                                                         _0805_ (net)
                      0.263743    0.000109   10.084461 ^ _2519_/B1 (sky130_fd_sc_hd__o211ai_1)
     2    0.005184    0.212937    0.301561   10.386023 v _2519_/Y (sky130_fd_sc_hd__o211ai_1)
                                                         _0818_ (net)
                      0.212937    0.000060   10.386083 v _2523_/A (sky130_fd_sc_hd__or4bb_1)
     2    0.006616    0.223853    1.267967   11.654050 v _2523_/X (sky130_fd_sc_hd__or4bb_1)
                                                         _0822_ (net)
                      0.223853    0.000071   11.654120 v _2542_/D1 (sky130_fd_sc_hd__a2111o_1)
     1    0.008609    0.163648    0.687878   12.341999 v _2542_/X (sky130_fd_sc_hd__a2111o_1)
                                                         _0841_ (net)
                      0.163648    0.000082   12.342081 v _2543_/B (sky130_fd_sc_hd__xor2_2)
     4    0.012405    0.166086    0.338880   12.680961 v _2543_/X (sky130_fd_sc_hd__xor2_2)
                                                         _0842_ (net)
                      0.166086    0.000092   12.681053 v _2551_/B (sky130_fd_sc_hd__or4b_4)
     4    0.018317    0.198548    1.136476   13.817529 v _2551_/X (sky130_fd_sc_hd__or4b_4)
                                                         _0850_ (net)
                      0.198548    0.000101   13.817630 v _2568_/D_N (sky130_fd_sc_hd__nor4b_2)
     6    0.019472    0.135375    0.457161   14.274791 v _2568_/Y (sky130_fd_sc_hd__nor4b_2)
                                                         _0867_ (net)
                      0.135375    0.000054   14.274845 v _2580_/A1 (sky130_fd_sc_hd__a211oi_2)
     5    0.015191    0.529810    0.554737   14.829581 ^ _2580_/Y (sky130_fd_sc_hd__a211oi_2)
                                                         _0879_ (net)
                      0.529810    0.000223   14.829804 ^ _2581_/D_N (sky130_fd_sc_hd__or4b_4)
     7    0.024111    0.220506    1.196022   16.025826 v _2581_/X (sky130_fd_sc_hd__or4b_4)
                                                         _0880_ (net)
                      0.220506    0.000380   16.026207 v _2615_/A1 (sky130_fd_sc_hd__o211a_1)
     2    0.004262    0.084936    0.479462   16.505669 v _2615_/X (sky130_fd_sc_hd__o211a_1)
                                                         _0914_ (net)
                      0.084936    0.000041   16.505709 v _2616_/B (sky130_fd_sc_hd__or2_1)
     1    0.002373    0.092497    0.454143   16.959852 v _2616_/X (sky130_fd_sc_hd__or2_1)
                                                         _0915_ (net)
                      0.092497    0.000025   16.959877 v _2618_/B1 (sky130_fd_sc_hd__a2bb2o_1)
     3    0.009420    0.159078    0.666379   17.626257 v _2618_/X (sky130_fd_sc_hd__a2bb2o_1)
                                                         _0917_ (net)
                      0.159078    0.000071   17.626328 v _2669_/A (sky130_fd_sc_hd__or4_1)
     1    0.003066    0.184990    1.238048   18.864376 v _2669_/X (sky130_fd_sc_hd__or4_1)
                                                         _0959_ (net)
                      0.184990    0.000034   18.864408 v _2671_/D (sky130_fd_sc_hd__or4_4)
     7    0.022952    0.214885    0.985919   19.850328 v _2671_/X (sky130_fd_sc_hd__or4_4)
                                                         _0961_ (net)
                      0.214885    0.000128   19.850456 v _2673_/A2 (sky130_fd_sc_hd__a32o_1)
     1    0.004685    0.087924    0.519798   20.370255 v _2673_/X (sky130_fd_sc_hd__a32o_1)
                                                         _0282_ (net)
                      0.087924    0.000080   20.370333 v _3023_/D (sky130_fd_sc_hd__dfrtp_1)
                                             20.370333   data arrival time

                                 20.000000   20.000000   clock clk (rise edge)
                                  0.000000   20.000000   clock source latency
     1    0.024940    0.184531    0.126787   20.126787 ^ clk (in)
                                                         clk (net)
                      0.184542    0.000000   20.126787 ^ clkbuf_0_clk/A (sky130_fd_sc_hd__clkbuf_16)
    16    0.113048    0.194621    0.382018   20.508806 ^ clkbuf_0_clk/X (sky130_fd_sc_hd__clkbuf_16)
                                                         clknet_0_clk (net)
                      0.194626    0.001277   20.510082 ^ clkbuf_4_10_0_clk/A (sky130_fd_sc_hd__clkbuf_8)
    10    0.050935    0.156256    0.355433   20.865517 ^ clkbuf_4_10_0_clk/X (sky130_fd_sc_hd__clkbuf_8)
                                                         clknet_4_10_0_clk (net)
                      0.156256    0.000288   20.865805 ^ _3023_/CLK (sky130_fd_sc_hd__dfrtp_1)
                                 -0.500000   20.365805   clock uncertainty
                                  0.000000   20.365805   clock reconvergence pessimism
                                 -0.261041   20.104763   library setup time
                                             20.104763   data required time
---------------------------------------------------------------------------------------------
                                             20.104763   data required time
                                            -20.370333   data arrival time
---------------------------------------------------------------------------------------------
                                             -0.265571   slack (VIOLATED)




===========================================================================
report_checks --slack_max -0.01
============================================================================
======================= min_ss_100C_1v60 Corner ===================================

Startpoint: _3071_ (rising edge-triggered flip-flop clocked by clk)
Endpoint: _3023_ (rising edge-triggered flip-flop clocked by clk)
Path Group: clk
Path Type: max

Fanout         Cap        Slew       Delay        Time   Description
---------------------------------------------------------------------------------------------
                                  0.000000    0.000000   clock clk (rise edge)
                                  0.000000    0.000000   clock source latency
     1    0.024940    0.184531    0.126788    0.126788 ^ clk (in)
                                                         clk (net)
                      0.184542    0.000000    0.126788 ^ clkbuf_0_clk/A (sky130_fd_sc_hd__clkbuf_16)
    16    0.113048    0.194621    0.382018    0.508806 ^ clkbuf_0_clk/X (sky130_fd_sc_hd__clkbuf_16)
                                                         clknet_0_clk (net)
                      0.194639    0.001983    0.510789 ^ clkbuf_4_14_0_clk/A (sky130_fd_sc_hd__clkbuf_8)
    11    0.065419    0.191608    0.382186    0.892976 ^ clkbuf_4_14_0_clk/X (sky130_fd_sc_hd__clkbuf_8)
                                                         clknet_4_14_0_clk (net)
                      0.191608    0.000246    0.893222 ^ _3071_/CLK (sky130_fd_sc_hd__dfrtp_2)
     8    0.020457    0.153008    0.961143    1.854365 v _3071_/Q (sky130_fd_sc_hd__dfrtp_2)
                                                         my_sum_sub.cm_exp[1] (net)
                      0.153008    0.000484    1.854849 v _2404_/C (sky130_fd_sc_hd__and3_1)
     5    0.015716    0.172695    0.508633    2.363481 v _2404_/X (sky130_fd_sc_hd__and3_1)
                                                         _0703_ (net)
                      0.172695    0.000286    2.363768 v _2408_/A3 (sky130_fd_sc_hd__a32o_2)
     5    0.021098    0.142218    0.603787    2.967555 v _2408_/X (sky130_fd_sc_hd__a32o_2)
                                                         _0707_ (net)
                      0.142218    0.000206    2.967761 v _2425_/B (sky130_fd_sc_hd__or3_1)
     2    0.005809    0.173291    0.866769    3.834530 v _2425_/X (sky130_fd_sc_hd__or3_1)
                                                         _0724_ (net)
                      0.173291    0.000059    3.834589 v _2429_/B (sky130_fd_sc_hd__or4b_4)
     4    0.018233    0.197677    1.138737    4.973326 v _2429_/X (sky130_fd_sc_hd__or4b_4)
                                                         _0728_ (net)
                      0.197677    0.000074    4.973400 v _2445_/A1 (sky130_fd_sc_hd__a21o_4)
     4    0.019191    0.091439    0.460398    5.433797 v _2445_/X (sky130_fd_sc_hd__a21o_4)
                                                         _0744_ (net)
                      0.091439    0.000155    5.433953 v _2449_/A (sky130_fd_sc_hd__nor4_4)
     5    0.020738    0.610587    0.710124    6.144076 ^ _2449_/Y (sky130_fd_sc_hd__nor4_4)
                                                         _0748_ (net)
                      0.610587    0.000373    6.144450 ^ _2453_/B (sky130_fd_sc_hd__xnor2_2)
     4    0.009312    0.153355    0.314686    6.459136 v _2453_/Y (sky130_fd_sc_hd__xnor2_2)
                                                         _0752_ (net)
                      0.153355    0.000061    6.459198 v _2486_/A (sky130_fd_sc_hd__or4_4)
     3    0.007199    0.165870    1.097809    7.557007 v _2486_/X (sky130_fd_sc_hd__or4_4)
                                                         _0785_ (net)
                      0.165870    0.000050    7.557056 v _2492_/A2 (sky130_fd_sc_hd__o2111a_1)
     3    0.013325    0.158408    0.539570    8.096626 v _2492_/X (sky130_fd_sc_hd__o2111a_1)
                                                         _0791_ (net)
                      0.158408    0.000171    8.096797 v _2494_/B (sky130_fd_sc_hd__xor2_2)
     4    0.019418    0.206672    0.363847    8.460644 v _2494_/X (sky130_fd_sc_hd__xor2_2)
                                                         _0793_ (net)
                      0.206672    0.000123    8.460767 v _2503_/A (sky130_fd_sc_hd__or4_4)
     7    0.028393    0.229247    1.233564    9.694331 v _2503_/X (sky130_fd_sc_hd__or4_4)
                                                         _0802_ (net)
                      0.229247    0.000249    9.694580 v _2506_/A1 (sky130_fd_sc_hd__o211ai_4)
     3    0.010881    0.263743    0.389773   10.084352 ^ _2506_/Y (sky130_fd_sc_hd__o211ai_4)
                                                         _0805_ (net)
                      0.263743    0.000109   10.084461 ^ _2519_/B1 (sky130_fd_sc_hd__o211ai_1)
     2    0.005184    0.212937    0.301561   10.386023 v _2519_/Y (sky130_fd_sc_hd__o211ai_1)
                                                         _0818_ (net)
                      0.212937    0.000060   10.386083 v _2523_/A (sky130_fd_sc_hd__or4bb_1)
     2    0.006616    0.223853    1.267967   11.654050 v _2523_/X (sky130_fd_sc_hd__or4bb_1)
                                                         _0822_ (net)
                      0.223853    0.000071   11.654120 v _2542_/D1 (sky130_fd_sc_hd__a2111o_1)
     1    0.008609    0.163648    0.687878   12.341999 v _2542_/X (sky130_fd_sc_hd__a2111o_1)
                                                         _0841_ (net)
                      0.163648    0.000082   12.342081 v _2543_/B (sky130_fd_sc_hd__xor2_2)
     4    0.012405    0.166086    0.338880   12.680961 v _2543_/X (sky130_fd_sc_hd__xor2_2)
                                                         _0842_ (net)
                      0.166086    0.000092   12.681053 v _2551_/B (sky130_fd_sc_hd__or4b_4)
     4    0.018317    0.198548    1.136476   13.817529 v _2551_/X (sky130_fd_sc_hd__or4b_4)
                                                         _0850_ (net)
                      0.198548    0.000101   13.817630 v _2568_/D_N (sky130_fd_sc_hd__nor4b_2)
     6    0.019472    0.135375    0.457161   14.274791 v _2568_/Y (sky130_fd_sc_hd__nor4b_2)
                                                         _0867_ (net)
                      0.135375    0.000054   14.274845 v _2580_/A1 (sky130_fd_sc_hd__a211oi_2)
     5    0.015191    0.529810    0.554737   14.829581 ^ _2580_/Y (sky130_fd_sc_hd__a211oi_2)
                                                         _0879_ (net)
                      0.529810    0.000223   14.829804 ^ _2581_/D_N (sky130_fd_sc_hd__or4b_4)
     7    0.024111    0.220506    1.196022   16.025826 v _2581_/X (sky130_fd_sc_hd__or4b_4)
                                                         _0880_ (net)
                      0.220506    0.000380   16.026207 v _2615_/A1 (sky130_fd_sc_hd__o211a_1)
     2    0.004262    0.084936    0.479462   16.505669 v _2615_/X (sky130_fd_sc_hd__o211a_1)
                                                         _0914_ (net)
                      0.084936    0.000041   16.505709 v _2616_/B (sky130_fd_sc_hd__or2_1)
     1    0.002373    0.092497    0.454143   16.959852 v _2616_/X (sky130_fd_sc_hd__or2_1)
                                                         _0915_ (net)
                      0.092497    0.000025   16.959877 v _2618_/B1 (sky130_fd_sc_hd__a2bb2o_1)
     3    0.009420    0.159078    0.666379   17.626257 v _2618_/X (sky130_fd_sc_hd__a2bb2o_1)
                                                         _0917_ (net)
                      0.159078    0.000071   17.626328 v _2669_/A (sky130_fd_sc_hd__or4_1)
     1    0.003066    0.184990    1.238048   18.864376 v _2669_/X (sky130_fd_sc_hd__or4_1)
                                                         _0959_ (net)
                      0.184990    0.000034   18.864408 v _2671_/D (sky130_fd_sc_hd__or4_4)
     7    0.022952    0.214885    0.985919   19.850328 v _2671_/X (sky130_fd_sc_hd__or4_4)
                                                         _0961_ (net)
                      0.214885    0.000128   19.850456 v _2673_/A2 (sky130_fd_sc_hd__a32o_1)
     1    0.004685    0.087924    0.519798   20.370255 v _2673_/X (sky130_fd_sc_hd__a32o_1)
                                                         _0282_ (net)
                      0.087924    0.000080   20.370333 v _3023_/D (sky130_fd_sc_hd__dfrtp_1)
                                             20.370333   data arrival time

                                 20.000000   20.000000   clock clk (rise edge)
                                  0.000000   20.000000   clock source latency
     1    0.024940    0.184531    0.126787   20.126787 ^ clk (in)
                                                         clk (net)
                      0.184542    0.000000   20.126787 ^ clkbuf_0_clk/A (sky130_fd_sc_hd__clkbuf_16)
    16    0.113048    0.194621    0.382018   20.508806 ^ clkbuf_0_clk/X (sky130_fd_sc_hd__clkbuf_16)
                                                         clknet_0_clk (net)
                      0.194626    0.001277   20.510082 ^ clkbuf_4_10_0_clk/A (sky130_fd_sc_hd__clkbuf_8)
    10    0.050935    0.156256    0.355433   20.865517 ^ clkbuf_4_10_0_clk/X (sky130_fd_sc_hd__clkbuf_8)
                                                         clknet_4_10_0_clk (net)
                      0.156256    0.000288   20.865805 ^ _3023_/CLK (sky130_fd_sc_hd__dfrtp_1)
                                 -0.500000   20.365805   clock uncertainty
                                  0.000000   20.365805   clock reconvergence pessimism
                                 -0.261041   20.104763   library setup time
                                             20.104763   data required time
---------------------------------------------------------------------------------------------
                                             20.104763   data required time
                                            -20.370333   data arrival time
---------------------------------------------------------------------------------------------
                                             -0.265571   slack (VIOLATED)




===========================================================================
 report_check_types -max_slew -max_cap -max_fanout -violators
============================================================================
======================= min_ss_100C_1v60 Corner ===================================



===========================================================================
report_parasitic_annotation -report_unannotated
============================================================================
Found 15 unannotated drivers.
 clkload0/Y
 clkload1/Y
 clkload10/Y
 clkload11/Y
 clkload12/Y
 clkload13/Y
 clkload14/Y
 clkload2/Y
 clkload3/Y
 clkload4/Y
 clkload5/Y
 clkload6/Y
 clkload7/Y
 clkload8/Y
 clkload9/Y
Found 0 partially unannotated drivers.

===========================================================================
max slew violation count 0
max fanout violation count 0
max cap violation count 0
============================================================================

===========================================================================
check_setup -verbose -unconstrained_endpoints -multiple_clock -no_clock -no_input_delay -loops -generated_clocks
===========================================================================
