
===========================================================================
 report_power
============================================================================
======================= min_ss_100C_1v60 Corner ===================================

Group                    Internal    Switching      Leakage        Total
                            Power        Power        Power        Power (Watts)
------------------------------------------------------------------------
Sequential           3.037628e-04 5.779078e-06 3.484911e-06 3.130269e-04  48.7%
Combinational        5.758115e-05 3.628467e-05 8.713427e-06 1.025793e-04  16.0%
Clock                9.104353e-05 1.358411e-04 3.743665e-07 2.272589e-04  35.4%
Macro                0.000000e+00 0.000000e+00 0.000000e+00 0.000000e+00   0.0%
Pad                  0.000000e+00 0.000000e+00 0.000000e+00 0.000000e+00   0.0%
------------------------------------------------------------------------
Total                4.523875e-04 1.779048e-04 1.257275e-05 6.428651e-04 100.0%
                            70.4%        27.7%         2.0%

