
===========================================================================
report_checks -unconstrained
===========================================================================
======================= min_tt_025C_1v80 Corner ===================================

Startpoint: rst (input port clocked by clk)
Endpoint: _3158_ (recovery check against rising-edge clock clk)
Path Group: asynchronous
Path Type: max

Fanout         Cap        Slew       Delay        Time   Description
---------------------------------------------------------------------------------------------
                                  0.000000    0.000000   clock clk (rise edge)
                                  0.000000    0.000000   clock network delay (propagated)
                                  4.000000    4.000000 v input external delay
     1    0.007857    0.019812    0.012706    4.012706 v rst (in)
                                                         rst (net)
                      0.019812    0.000000    4.012706 v input2/A (sky130_fd_sc_hd__clkbuf_16)
   118    0.653913    0.399433    0.373253    4.385960 v input2/X (sky130_fd_sc_hd__clkbuf_16)
                                                         net2 (net)
                      0.402580    0.029678    4.415638 v load_slew5/A (sky130_fd_sc_hd__clkbuf_16)
    68    0.375847    0.242044    0.444826    4.860463 v load_slew5/X (sky130_fd_sc_hd__clkbuf_16)
                                                         net5 (net)
                      0.246136    0.025462    4.885925 v _2973_/A (sky130_fd_sc_hd__inv_2)
     1    0.003833    0.064578    0.100975    4.986900 ^ _2973_/Y (sky130_fd_sc_hd__inv_2)
                                                         _0069_ (net)
                      0.064578    0.000015    4.986916 ^ _3158_/SET_B (sky130_fd_sc_hd__dfstp_1)
                                              4.986916   data arrival time

                                 20.000000   20.000000   clock clk (rise edge)
                                  0.000000   20.000000   clock source latency
     1    0.024940    0.117813    0.081389   20.081390 ^ clk (in)
                                                         clk (net)
                      0.117831    0.000000   20.081390 ^ clkbuf_0_clk/A (sky130_fd_sc_hd__clkbuf_16)
    16    0.113144    0.126631    0.222117   20.303507 ^ clkbuf_0_clk/X (sky130_fd_sc_hd__clkbuf_16)
                                                         clknet_0_clk (net)
                      0.126645    0.001407   20.304914 ^ clkbuf_4_3_0_clk/A (sky130_fd_sc_hd__clkbuf_8)
    11    0.057380    0.109561    0.207812   20.512726 ^ clkbuf_4_3_0_clk/X (sky130_fd_sc_hd__clkbuf_8)
                                                         clknet_4_3_0_clk (net)
                      0.109561    0.000481   20.513208 ^ _3158_/CLK (sky130_fd_sc_hd__dfstp_1)
                                 -0.500000   20.013208   clock uncertainty
                                  0.000000   20.013208   clock reconvergence pessimism
                                  0.153669   20.166876   library recovery time
                                             20.166876   data required time
---------------------------------------------------------------------------------------------
                                             20.166876   data required time
                                             -4.986916   data arrival time
---------------------------------------------------------------------------------------------
                                             15.179961   slack (MET)


Startpoint: _3074_ (rising edge-triggered flip-flop clocked by clk)
Endpoint: _3023_ (rising edge-triggered flip-flop clocked by clk)
Path Group: clk
Path Type: max

Fanout         Cap        Slew       Delay        Time   Description
---------------------------------------------------------------------------------------------
                                  0.000000    0.000000   clock clk (rise edge)
                                  0.000000    0.000000   clock source latency
     1    0.024940    0.117813    0.081389    0.081389 ^ clk (in)
                                                         clk (net)
                      0.117831    0.000000    0.081389 ^ clkbuf_0_clk/A (sky130_fd_sc_hd__clkbuf_16)
    16    0.113144    0.126631    0.222117    0.303506 ^ clkbuf_0_clk/X (sky130_fd_sc_hd__clkbuf_16)
                                                         clknet_0_clk (net)
                      0.126664    0.001984    0.305490 ^ clkbuf_4_14_0_clk/A (sky130_fd_sc_hd__clkbuf_8)
    11    0.066474    0.124057    0.218860    0.524350 ^ clkbuf_4_14_0_clk/X (sky130_fd_sc_hd__clkbuf_8)
                                                         clknet_4_14_0_clk (net)
                      0.124058    0.000634    0.524985 ^ _3074_/CLK (sky130_fd_sc_hd__dfrtp_2)
     3    0.007443    0.050486    0.427182    0.952167 v _3074_/Q (sky130_fd_sc_hd__dfrtp_2)
                                                         my_sum_sub.cm_exp[4] (net)
                      0.050486    0.000055    0.952222 v rebuffer13/A (sky130_fd_sc_hd__dlygate4sd3_1)
     4    0.015298    0.110209    0.621121    1.573343 v rebuffer13/X (sky130_fd_sc_hd__dlygate4sd3_1)
                                                         net18 (net)
                      0.110209    0.000302    1.573645 v _2418_/A1 (sky130_fd_sc_hd__a31oi_2)
     2    0.008905    0.184446    0.192806    1.766451 ^ _2418_/Y (sky130_fd_sc_hd__a31oi_2)
                                                         _0717_ (net)
                      0.184446    0.000081    1.766532 ^ _2421_/B2 (sky130_fd_sc_hd__o221a_4)
     7    0.021590    0.090295    0.245291    2.011823 ^ _2421_/X (sky130_fd_sc_hd__o221a_4)
                                                         _0720_ (net)
                      0.090295    0.000284    2.012106 ^ _2429_/D_N (sky130_fd_sc_hd__or4b_4)
     4    0.018023    0.110615    0.509356    2.521463 v _2429_/X (sky130_fd_sc_hd__or4b_4)
                                                         _0728_ (net)
                      0.110615    0.000073    2.521535 v _2445_/A1 (sky130_fd_sc_hd__a21o_4)
     4    0.019021    0.051421    0.246966    2.768501 v _2445_/X (sky130_fd_sc_hd__a21o_4)
                                                         _0744_ (net)
                      0.051421    0.000154    2.768655 v _2449_/A (sky130_fd_sc_hd__nor4_4)
     5    0.020910    0.374175    0.412401    3.181056 ^ _2449_/Y (sky130_fd_sc_hd__nor4_4)
                                                         _0748_ (net)
                      0.374175    0.000375    3.181432 ^ _2453_/B (sky130_fd_sc_hd__xnor2_2)
     4    0.009423    0.086613    0.125150    3.306581 v _2453_/Y (sky130_fd_sc_hd__xnor2_2)
                                                         _0752_ (net)
                      0.086613    0.000062    3.306643 v _2486_/A (sky130_fd_sc_hd__or4_4)
     3    0.007194    0.089105    0.550471    3.857114 v _2486_/X (sky130_fd_sc_hd__or4_4)
                                                         _0785_ (net)
                      0.089105    0.000049    3.857164 v _2492_/A2 (sky130_fd_sc_hd__o2111a_1)
     3    0.013245    0.088904    0.295068    4.152231 v _2492_/X (sky130_fd_sc_hd__o2111a_1)
                                                         _0791_ (net)
                      0.088904    0.000169    4.152400 v _2494_/B (sky130_fd_sc_hd__xor2_2)
     4    0.019252    0.104997    0.194971    4.347371 v _2494_/X (sky130_fd_sc_hd__xor2_2)
                                                         _0793_ (net)
                      0.104997    0.000122    4.347492 v _2503_/A (sky130_fd_sc_hd__or4_4)
     7    0.028175    0.123232    0.616110    4.963602 v _2503_/X (sky130_fd_sc_hd__or4_4)
                                                         _0802_ (net)
                      0.123232    0.000246    4.963849 v _2506_/A1 (sky130_fd_sc_hd__o211ai_4)
     3    0.010896    0.170772    0.227085    5.190933 ^ _2506_/Y (sky130_fd_sc_hd__o211ai_4)
                                                         _0805_ (net)
                      0.170772    0.000109    5.191042 ^ _2519_/B1 (sky130_fd_sc_hd__o211ai_1)
     2    0.005290    0.104740    0.134034    5.325077 v _2519_/Y (sky130_fd_sc_hd__o211ai_1)
                                                         _0818_ (net)
                      0.104740    0.000062    5.325138 v _2523_/A (sky130_fd_sc_hd__or4bb_1)
     2    0.006483    0.102802    0.543162    5.868301 v _2523_/X (sky130_fd_sc_hd__or4bb_1)
                                                         _0822_ (net)
                      0.102802    0.000070    5.868371 v _2542_/D1 (sky130_fd_sc_hd__a2111o_1)
     1    0.008424    0.088772    0.337711    6.206081 v _2542_/X (sky130_fd_sc_hd__a2111o_1)
                                                         _0841_ (net)
                      0.088772    0.000080    6.206161 v _2543_/B (sky130_fd_sc_hd__xor2_2)
     4    0.012324    0.089618    0.178119    6.384280 v _2543_/X (sky130_fd_sc_hd__xor2_2)
                                                         _0842_ (net)
                      0.089618    0.000092    6.384372 v _2551_/B (sky130_fd_sc_hd__or4b_4)
     4    0.018113    0.110824    0.569825    6.954197 v _2551_/X (sky130_fd_sc_hd__or4b_4)
                                                         _0850_ (net)
                      0.110824    0.000100    6.954298 v _2568_/D_N (sky130_fd_sc_hd__nor4b_2)
     6    0.019352    0.083443    0.222189    7.176486 v _2568_/Y (sky130_fd_sc_hd__nor4b_2)
                                                         _0867_ (net)
                      0.083443    0.000054    7.176540 v _2580_/A1 (sky130_fd_sc_hd__a211oi_2)
     5    0.015337    0.326501    0.325633    7.502173 ^ _2580_/Y (sky130_fd_sc_hd__a211oi_2)
                                                         _0879_ (net)
                      0.326501    0.000226    7.502399 ^ _2581_/D_N (sky130_fd_sc_hd__or4b_4)
     7    0.024045    0.118021    0.564676    8.067075 v _2581_/X (sky130_fd_sc_hd__or4b_4)
                                                         _0880_ (net)
                      0.118021    0.000378    8.067453 v _2615_/A1 (sky130_fd_sc_hd__o211a_1)
     2    0.004280    0.045393    0.252139    8.319592 v _2615_/X (sky130_fd_sc_hd__o211a_1)
                                                         _0914_ (net)
                      0.045393    0.000041    8.319633 v _2616_/B (sky130_fd_sc_hd__or2_1)
     1    0.002423    0.045674    0.198441    8.518074 v _2616_/X (sky130_fd_sc_hd__or2_1)
                                                         _0915_ (net)
                      0.045674    0.000026    8.518100 v _2618_/B1 (sky130_fd_sc_hd__a2bb2o_1)
     3    0.009496    0.080618    0.311537    8.829637 v _2618_/X (sky130_fd_sc_hd__a2bb2o_1)
                                                         _0917_ (net)
                      0.080618    0.000072    8.829709 v _2669_/A (sky130_fd_sc_hd__or4_1)
     1    0.003029    0.083901    0.524747    9.354456 v _2669_/X (sky130_fd_sc_hd__or4_1)
                                                         _0959_ (net)
                      0.083901    0.000034    9.354490 v _2671_/D (sky130_fd_sc_hd__or4_4)
     7    0.022672    0.115927    0.478246    9.832736 v _2671_/X (sky130_fd_sc_hd__or4_4)
                                                         _0961_ (net)
                      0.115927    0.000125    9.832861 v _2673_/A2 (sky130_fd_sc_hd__a32o_1)
     1    0.004796    0.049875    0.279961   10.112822 v _2673_/X (sky130_fd_sc_hd__a32o_1)
                                                         _0282_ (net)
                      0.049875    0.000083   10.112905 v _3023_/D (sky130_fd_sc_hd__dfrtp_1)
                                             10.112905   data arrival time

                                 20.000000   20.000000   clock clk (rise edge)
                                  0.000000   20.000000   clock source latency
     1    0.024940    0.117813    0.081389   20.081390 ^ clk (in)
                                                         clk (net)
                      0.117831    0.000000   20.081390 ^ clkbuf_0_clk/A (sky130_fd_sc_hd__clkbuf_16)
    16    0.113144    0.126631    0.222117   20.303507 ^ clkbuf_0_clk/X (sky130_fd_sc_hd__clkbuf_16)
                                                         clknet_0_clk (net)
                      0.126641    0.001275   20.304783 ^ clkbuf_4_10_0_clk/A (sky130_fd_sc_hd__clkbuf_8)
    10    0.052073    0.101109    0.201423   20.506205 ^ clkbuf_4_10_0_clk/X (sky130_fd_sc_hd__clkbuf_8)
                                                         clknet_4_10_0_clk (net)
                      0.101109    0.000297   20.506502 ^ _3023_/CLK (sky130_fd_sc_hd__dfrtp_1)
                                 -0.500000   20.006502   clock uncertainty
                                  0.000000   20.006502   clock reconvergence pessimism
                                 -0.103555   19.902946   library setup time
                                             19.902946   data required time
---------------------------------------------------------------------------------------------
                                             19.902946   data required time
                                            -10.112905   data arrival time
---------------------------------------------------------------------------------------------
                                              9.790043   slack (MET)




===========================================================================
report_checks --slack_max -0.01
============================================================================
======================= min_tt_025C_1v80 Corner ===================================

No paths found.


===========================================================================
 report_check_types -max_slew -max_cap -max_fanout -violators
============================================================================
======================= min_tt_025C_1v80 Corner ===================================



===========================================================================
report_parasitic_annotation -report_unannotated
============================================================================
Found 15 unannotated drivers.
 clkload0/Y
 clkload1/Y
 clkload10/Y
 clkload11/Y
 clkload12/Y
 clkload13/Y
 clkload14/Y
 clkload2/Y
 clkload3/Y
 clkload4/Y
 clkload5/Y
 clkload6/Y
 clkload7/Y
 clkload8/Y
 clkload9/Y
Found 0 partially unannotated drivers.

===========================================================================
max slew violation count 0
max fanout violation count 0
max cap violation count 0
============================================================================

===========================================================================
check_setup -verbose -unconstrained_endpoints -multiple_clock -no_clock -no_input_delay -loops -generated_clocks
===========================================================================
