Clock: clk
Sources: clk 
Generated: no
Virtual: yes
Propagated: no
Period: 20.000000

===========================================================================
report_clock_properties
============================================================================
Clock                   Period          Waveform
----------------------------------------------------
clk                  20.000000    0.000000 10.000000

===========================================================================
report_clock_latency
============================================================================
Clock clk
rise -> rise
    min     max
0.000000 0.000000 source latency
0.505361         network latency _3017_/CLK
        0.533133 network latency _3155_/CLK
---------------
0.505361 0.533133 latency
        0.027772 skew

fall -> fall
    min     max
0.000000 0.000000 source latency
0.427214         network latency _3017_/CLK
        0.447355 network latency _3155_/CLK
---------------
0.427214 0.447355 latency
        0.020141 skew



===========================================================================
report_clock_min_period
============================================================================
clk period_min = 10.21 fmax = 97.94
Clock: sclk_virt
Sources: sclk 
Generated: no
Virtual: yes
Propagated: no
Period: 1000.000000

===========================================================================
report_clock_properties
============================================================================
Clock                   Period          Waveform
----------------------------------------------------
sclk_virt           1000.000000    0.000000500.000000

===========================================================================
report_clock_latency
============================================================================
Clock sclk_virt


===========================================================================
report_clock_min_period
============================================================================
sclk_virt period_min = 0.00 fmax = inf
