
===========================================================================
 report_power
============================================================================
======================= min_tt_025C_1v80 Corner ===================================

Group                    Internal    Switching      Leakage        Total
                            Power        Power        Power        Power (Watts)
------------------------------------------------------------------------
Sequential           3.962967e-04 7.506039e-06 2.412169e-09 4.038051e-04  49.8%
Combinational        7.363311e-05 4.706986e-05 7.751173e-09 1.207107e-04  14.9%
Clock                1.117376e-04 1.751652e-04 7.154594e-09 2.869100e-04  35.4%
Macro                0.000000e+00 0.000000e+00 0.000000e+00 0.000000e+00   0.0%
Pad                  0.000000e+00 0.000000e+00 0.000000e+00 0.000000e+00   0.0%
------------------------------------------------------------------------
Total                5.816676e-04 2.297410e-04 1.731807e-08 8.114260e-04 100.0%
                            71.7%        28.3%         0.0%

