
===========================================================================
report_checks -unconstrained
===========================================================================
======================= nom_tt_025C_1v80 Corner ===================================

Startpoint: rst (input port clocked by clk)
Endpoint: _3152_ (recovery check against rising-edge clock clk)
Path Group: asynchronous
Path Type: max

Fanout         Cap        Slew       Delay        Time   Description
---------------------------------------------------------------------------------------------
                      0.000000    0.000000    0.000000   clock clk (rise edge)
                                  0.000000    0.000000   clock network delay (ideal)
                                  4.000000    4.000000 v input external delay
   185    0.791059    1.674274    1.283772    5.283772 v rst (in)
                                                         rst (net)
                      1.674274    0.000000    5.283772 v _2967_/A (sky130_fd_sc_hd__inv_2)
     1    0.003420    0.197544    0.278600    5.562372 ^ _2967_/Y (sky130_fd_sc_hd__inv_2)
                                                         _0063_ (net)
                      0.197544    0.000000    5.562372 ^ _3152_/SET_B (sky130_fd_sc_hd__dfstp_2)
                                              5.562372   data arrival time

                      0.000000   20.000000   20.000000   clock clk (rise edge)
                                  0.000000   20.000000   clock network delay (ideal)
                                 -0.500000   19.500000   clock uncertainty
                                  0.000000   19.500000   clock reconvergence pessimism
                                             19.500000 ^ _3152_/CLK (sky130_fd_sc_hd__dfstp_2)
                                  0.108576   19.608576   library recovery time
                                             19.608576   data required time
---------------------------------------------------------------------------------------------
                                             19.608576   data required time
                                             -5.562372   data arrival time
---------------------------------------------------------------------------------------------
                                             14.046205   slack (MET)


Startpoint: _3068_ (rising edge-triggered flip-flop clocked by clk)
Endpoint: _3017_ (rising edge-triggered flip-flop clocked by clk)
Path Group: clk
Path Type: max

Fanout         Cap        Slew       Delay        Time   Description
---------------------------------------------------------------------------------------------
                      0.000000    0.000000    0.000000   clock clk (rise edge)
                                  0.000000    0.000000   clock network delay (ideal)
                      0.000000    0.000000    0.000000 ^ _3068_/CLK (sky130_fd_sc_hd__dfrtp_2)
    22    0.058043    0.160461    0.498692    0.498692 v _3068_/Q (sky130_fd_sc_hd__dfrtp_2)
                                                         my_sum_sub.cm_mant[8] (net)
                      0.160461    0.000000    0.498692 v _2402_/A3 (sky130_fd_sc_hd__a31o_2)
     1    0.002270    0.035780    0.280946    0.779638 v _2402_/X (sky130_fd_sc_hd__a31o_2)
                                                         _0701_ (net)
                      0.035780    0.000000    0.779638 v _2408_/B2 (sky130_fd_sc_hd__a32o_2)
     5    0.018050    0.076030    0.269516    1.049155 v _2408_/X (sky130_fd_sc_hd__a32o_2)
                                                         _0707_ (net)
                      0.076030    0.000000    1.049155 v _2425_/B (sky130_fd_sc_hd__or3_2)
     2    0.002921    0.076780    0.449981    1.499136 v _2425_/X (sky130_fd_sc_hd__or3_2)
                                                         _0724_ (net)
                      0.076780    0.000000    1.499136 v _2429_/B (sky130_fd_sc_hd__or4b_2)
     4    0.012990    0.144248    0.703838    2.202974 v _2429_/X (sky130_fd_sc_hd__or4b_2)
                                                         _0728_ (net)
                      0.144248    0.000000    2.202974 v _2445_/A1 (sky130_fd_sc_hd__a21o_2)
     4    0.013626    0.061396    0.255581    2.458554 v _2445_/X (sky130_fd_sc_hd__a21o_2)
                                                         _0744_ (net)
                      0.061396    0.000000    2.458554 v _2449_/D (sky130_fd_sc_hd__nor4_2)
     5    0.018898    0.521515    0.383110    2.841665 ^ _2449_/Y (sky130_fd_sc_hd__nor4_2)
                                                         _0748_ (net)
                      0.521515    0.000000    2.841665 ^ _2453_/A (sky130_fd_sc_hd__xnor2_2)
     4    0.012790    0.128173    0.175067    3.016732 v _2453_/Y (sky130_fd_sc_hd__xnor2_2)
                                                         _0752_ (net)
                      0.128173    0.000000    3.016732 v _2486_/A (sky130_fd_sc_hd__or4_2)
     3    0.005630    0.113242    0.699306    3.716038 v _2486_/X (sky130_fd_sc_hd__or4_2)
                                                         _0785_ (net)
                      0.113242    0.000000    3.716038 v _2492_/A2 (sky130_fd_sc_hd__o2111a_2)
     3    0.010826    0.061310    0.296857    4.012895 v _2492_/X (sky130_fd_sc_hd__o2111a_2)
                                                         _0791_ (net)
                      0.061310    0.000000    4.012895 v _2494_/B (sky130_fd_sc_hd__xor2_2)
     4    0.013497    0.094049    0.170134    4.183028 v _2494_/X (sky130_fd_sc_hd__xor2_2)
                                                         _0793_ (net)
                      0.094049    0.000000    4.183028 v _2503_/C (sky130_fd_sc_hd__or4_2)
     7    0.023467    0.173425    0.727750    4.910779 v _2503_/X (sky130_fd_sc_hd__or4_2)
                                                         _0802_ (net)
                      0.173425    0.000000    4.910779 v _2506_/A1 (sky130_fd_sc_hd__o211ai_2)
     3    0.011521    0.204365    0.263576    5.174355 ^ _2506_/Y (sky130_fd_sc_hd__o211ai_2)
                                                         _0805_ (net)
                      0.204365    0.000000    5.174355 ^ _2519_/B1 (sky130_fd_sc_hd__o211ai_2)
     2    0.002850    0.069317    0.113775    5.288130 v _2519_/Y (sky130_fd_sc_hd__o211ai_2)
                                                         _0818_ (net)
                      0.069317    0.000000    5.288130 v _2523_/A (sky130_fd_sc_hd__or4bb_2)
     2    0.004486    0.102823    0.640507    5.928638 v _2523_/X (sky130_fd_sc_hd__or4bb_2)
                                                         _0822_ (net)
                      0.102823    0.000000    5.928638 v _2542_/C1 (sky130_fd_sc_hd__a2111o_2)
     1    0.007837    0.079221    0.436528    6.365165 v _2542_/X (sky130_fd_sc_hd__a2111o_2)
                                                         _0841_ (net)
                      0.079221    0.000000    6.365165 v _2543_/B (sky130_fd_sc_hd__xor2_2)
     4    0.009169    0.068758    0.166664    6.531829 v _2543_/X (sky130_fd_sc_hd__xor2_2)
                                                         _0842_ (net)
                      0.068758    0.000000    6.531829 v _2551_/B (sky130_fd_sc_hd__or4b_2)
     4    0.012421    0.142131    0.698720    7.230549 v _2551_/X (sky130_fd_sc_hd__or4b_2)
                                                         _0850_ (net)
                      0.142131    0.000000    7.230549 v _2568_/D_N (sky130_fd_sc_hd__nor4b_2)
     6    0.023546    0.081266    0.245048    7.475597 v _2568_/Y (sky130_fd_sc_hd__nor4b_2)
                                                         _0867_ (net)
                      0.081266    0.000000    7.475597 v _2580_/A2 (sky130_fd_sc_hd__a211oi_2)
     5    0.012562    0.295450    0.327968    7.803565 ^ _2580_/Y (sky130_fd_sc_hd__a211oi_2)
                                                         _0879_ (net)
                      0.295450    0.000000    7.803565 ^ _2581_/D_N (sky130_fd_sc_hd__or4b_2)
     7    0.023642    0.175983    0.729365    8.532930 v _2581_/X (sky130_fd_sc_hd__or4b_2)
                                                         _0880_ (net)
                      0.175983    0.000000    8.532930 v _2615_/A1 (sky130_fd_sc_hd__o211a_2)
     2    0.005457    0.048798    0.314373    8.847303 v _2615_/X (sky130_fd_sc_hd__o211a_2)
                                                         _0914_ (net)
                      0.048798    0.000000    8.847303 v _2616_/B (sky130_fd_sc_hd__or2_2)
     1    0.001657    0.050143    0.260315    9.107619 v _2616_/X (sky130_fd_sc_hd__or2_2)
                                                         _0915_ (net)
                      0.050143    0.000000    9.107619 v _2618_/B1 (sky130_fd_sc_hd__a2bb2o_2)
     3    0.007162    0.056746    0.271639    9.379257 v _2618_/X (sky130_fd_sc_hd__a2bb2o_2)
                                                         _0917_ (net)
                      0.056746    0.000000    9.379257 v _2669_/A (sky130_fd_sc_hd__or4_2)
     1    0.001409    0.090915    0.640315   10.019573 v _2669_/X (sky130_fd_sc_hd__or4_2)
                                                         _0959_ (net)
                      0.090915    0.000000   10.019573 v _2671_/C (sky130_fd_sc_hd__or4_2)
     7    0.015764    0.151830    0.694504   10.714077 v _2671_/X (sky130_fd_sc_hd__or4_2)
                                                         _0961_ (net)
                      0.151830    0.000000   10.714077 v _2688_/A2 (sky130_fd_sc_hd__a32o_2)
     1    0.001949    0.037491    0.296250   11.010327 v _2688_/X (sky130_fd_sc_hd__a32o_2)
                                                         _0276_ (net)
                      0.037491    0.000000   11.010327 v _3017_/D (sky130_fd_sc_hd__dfrtp_2)
                                             11.010327   data arrival time

                      0.000000   20.000000   20.000000   clock clk (rise edge)
                                  0.000000   20.000000   clock network delay (ideal)
                                 -0.500000   19.500000   clock uncertainty
                                  0.000000   19.500000   clock reconvergence pessimism
                                             19.500000 ^ _3017_/CLK (sky130_fd_sc_hd__dfrtp_2)
                                 -0.122600   19.377399   library setup time
                                             19.377399   data required time
---------------------------------------------------------------------------------------------
                                             19.377399   data required time
                                            -11.010327   data arrival time
---------------------------------------------------------------------------------------------
                                              8.367073   slack (MET)




===========================================================================
report_checks --slack_max -0.01
============================================================================
======================= nom_tt_025C_1v80 Corner ===================================

No paths found.


===========================================================================
 report_check_types -max_slew -max_cap -max_fanout -violators
============================================================================
======================= nom_tt_025C_1v80 Corner ===================================

max slew

Pin                                        Limit        Slew       Slack
------------------------------------------------------------------------
rst                                     1.497817    3.842549   -2.344732 (VIOLATED)
_1507_/A                                1.500000    3.842549   -2.342549 (VIOLATED)
_2805_/A                                1.500000    3.842549   -2.342549 (VIOLATED)
_2806_/A                                1.500000    3.842549   -2.342549 (VIOLATED)
_2807_/A                                1.500000    3.842549   -2.342549 (VIOLATED)
_2808_/A                                1.500000    3.842549   -2.342549 (VIOLATED)
_2809_/A                                1.500000    3.842549   -2.342549 (VIOLATED)
_2810_/A                                1.500000    3.842549   -2.342549 (VIOLATED)
_2811_/A                                1.500000    3.842549   -2.342549 (VIOLATED)
_2812_/A                                1.500000    3.842549   -2.342549 (VIOLATED)
_2813_/A                                1.500000    3.842549   -2.342549 (VIOLATED)
_2814_/A                                1.500000    3.842549   -2.342549 (VIOLATED)
_2815_/A                                1.500000    3.842549   -2.342549 (VIOLATED)
_2816_/A                                1.500000    3.842549   -2.342549 (VIOLATED)
_2817_/A                                1.500000    3.842549   -2.342549 (VIOLATED)
_2818_/A                                1.500000    3.842549   -2.342549 (VIOLATED)
_2819_/A                                1.500000    3.842549   -2.342549 (VIOLATED)
_2820_/A                                1.500000    3.842549   -2.342549 (VIOLATED)
_2821_/A                                1.500000    3.842549   -2.342549 (VIOLATED)
_2822_/A                                1.500000    3.842549   -2.342549 (VIOLATED)
_2823_/A                                1.500000    3.842549   -2.342549 (VIOLATED)
_2824_/A                                1.500000    3.842549   -2.342549 (VIOLATED)
_2825_/A                                1.500000    3.842549   -2.342549 (VIOLATED)
_2826_/A                                1.500000    3.842549   -2.342549 (VIOLATED)
_2827_/A                                1.500000    3.842549   -2.342549 (VIOLATED)
_2828_/A                                1.500000    3.842549   -2.342549 (VIOLATED)
_2829_/A                                1.500000    3.842549   -2.342549 (VIOLATED)
_2830_/A                                1.500000    3.842549   -2.342549 (VIOLATED)
_2831_/A                                1.500000    3.842549   -2.342549 (VIOLATED)
_2832_/A                                1.500000    3.842549   -2.342549 (VIOLATED)
_2833_/A                                1.500000    3.842549   -2.342549 (VIOLATED)
_2834_/A                                1.500000    3.842549   -2.342549 (VIOLATED)
_2835_/A                                1.500000    3.842549   -2.342549 (VIOLATED)
_2836_/A                                1.500000    3.842549   -2.342549 (VIOLATED)
_2837_/A                                1.500000    3.842549   -2.342549 (VIOLATED)
_2838_/A                                1.500000    3.842549   -2.342549 (VIOLATED)
_2839_/A                                1.500000    3.842549   -2.342549 (VIOLATED)
_2840_/A                                1.500000    3.842549   -2.342549 (VIOLATED)
_2841_/A                                1.500000    3.842549   -2.342549 (VIOLATED)
_2842_/A                                1.500000    3.842549   -2.342549 (VIOLATED)
_2843_/A                                1.500000    3.842549   -2.342549 (VIOLATED)
_2844_/A                                1.500000    3.842549   -2.342549 (VIOLATED)
_2845_/A                                1.500000    3.842549   -2.342549 (VIOLATED)
_2846_/A                                1.500000    3.842549   -2.342549 (VIOLATED)
_2847_/A                                1.500000    3.842549   -2.342549 (VIOLATED)
_2848_/A                                1.500000    3.842549   -2.342549 (VIOLATED)
_2849_/A                                1.500000    3.842549   -2.342549 (VIOLATED)
_2850_/A                                1.500000    3.842549   -2.342549 (VIOLATED)
_2851_/A                                1.500000    3.842549   -2.342549 (VIOLATED)
_2852_/A                                1.500000    3.842549   -2.342549 (VIOLATED)
_2853_/A                                1.500000    3.842549   -2.342549 (VIOLATED)
_2854_/A                                1.500000    3.842549   -2.342549 (VIOLATED)
_2855_/A                                1.500000    3.842549   -2.342549 (VIOLATED)
_2856_/A                                1.500000    3.842549   -2.342549 (VIOLATED)
_2857_/A                                1.500000    3.842549   -2.342549 (VIOLATED)
_2858_/A                                1.500000    3.842549   -2.342549 (VIOLATED)
_2859_/A                                1.500000    3.842549   -2.342549 (VIOLATED)
_2860_/A                                1.500000    3.842549   -2.342549 (VIOLATED)
_2861_/A                                1.500000    3.842549   -2.342549 (VIOLATED)
_2862_/A                                1.500000    3.842549   -2.342549 (VIOLATED)
_2863_/A                                1.500000    3.842549   -2.342549 (VIOLATED)
_2864_/A                                1.500000    3.842549   -2.342549 (VIOLATED)
_2865_/A                                1.500000    3.842549   -2.342549 (VIOLATED)
_2866_/A                                1.500000    3.842549   -2.342549 (VIOLATED)
_2867_/A                                1.500000    3.842549   -2.342549 (VIOLATED)
_2868_/A                                1.500000    3.842549   -2.342549 (VIOLATED)
_2869_/A                                1.500000    3.842549   -2.342549 (VIOLATED)
_2870_/A                                1.500000    3.842549   -2.342549 (VIOLATED)
_2871_/A                                1.500000    3.842549   -2.342549 (VIOLATED)
_2872_/A                                1.500000    3.842549   -2.342549 (VIOLATED)
_2873_/A                                1.500000    3.842549   -2.342549 (VIOLATED)
_2874_/A                                1.500000    3.842549   -2.342549 (VIOLATED)
_2875_/A                                1.500000    3.842549   -2.342549 (VIOLATED)
_2876_/A                                1.500000    3.842549   -2.342549 (VIOLATED)
_2877_/A                                1.500000    3.842549   -2.342549 (VIOLATED)
_2878_/A                                1.500000    3.842549   -2.342549 (VIOLATED)
_2879_/A                                1.500000    3.842549   -2.342549 (VIOLATED)
_2880_/A                                1.500000    3.842549   -2.342549 (VIOLATED)
_2881_/A                                1.500000    3.842549   -2.342549 (VIOLATED)
_2882_/A                                1.500000    3.842549   -2.342549 (VIOLATED)
_2883_/A                                1.500000    3.842549   -2.342549 (VIOLATED)
_2884_/A                                1.500000    3.842549   -2.342549 (VIOLATED)
_2885_/A                                1.500000    3.842549   -2.342549 (VIOLATED)
_2886_/A                                1.500000    3.842549   -2.342549 (VIOLATED)
_2887_/A                                1.500000    3.842549   -2.342549 (VIOLATED)
_2888_/A                                1.500000    3.842549   -2.342549 (VIOLATED)
_2889_/A                                1.500000    3.842549   -2.342549 (VIOLATED)
_2890_/A                                1.500000    3.842549   -2.342549 (VIOLATED)
_2891_/A                                1.500000    3.842549   -2.342549 (VIOLATED)
_2892_/A                                1.500000    3.842549   -2.342549 (VIOLATED)
_2893_/A                                1.500000    3.842549   -2.342549 (VIOLATED)
_2894_/A                                1.500000    3.842549   -2.342549 (VIOLATED)
_2895_/A                                1.500000    3.842549   -2.342549 (VIOLATED)
_2896_/A                                1.500000    3.842549   -2.342549 (VIOLATED)
_2897_/A                                1.500000    3.842549   -2.342549 (VIOLATED)
_2898_/A                                1.500000    3.842549   -2.342549 (VIOLATED)
_2899_/A                                1.500000    3.842549   -2.342549 (VIOLATED)
_2900_/A                                1.500000    3.842549   -2.342549 (VIOLATED)
_2901_/A                                1.500000    3.842549   -2.342549 (VIOLATED)
_2902_/A                                1.500000    3.842549   -2.342549 (VIOLATED)
_2903_/A                                1.500000    3.842549   -2.342549 (VIOLATED)
_2904_/A                                1.500000    3.842549   -2.342549 (VIOLATED)
_2905_/A                                1.500000    3.842549   -2.342549 (VIOLATED)
_2906_/A                                1.500000    3.842549   -2.342549 (VIOLATED)
_2907_/A                                1.500000    3.842549   -2.342549 (VIOLATED)
_2908_/A                                1.500000    3.842549   -2.342549 (VIOLATED)
_2909_/A                                1.500000    3.842549   -2.342549 (VIOLATED)
_2910_/A                                1.500000    3.842549   -2.342549 (VIOLATED)
_2911_/A                                1.500000    3.842549   -2.342549 (VIOLATED)
_2912_/A                                1.500000    3.842549   -2.342549 (VIOLATED)
_2913_/A                                1.500000    3.842549   -2.342549 (VIOLATED)
_2914_/A                                1.500000    3.842549   -2.342549 (VIOLATED)
_2915_/A                                1.500000    3.842549   -2.342549 (VIOLATED)
_2916_/A                                1.500000    3.842549   -2.342549 (VIOLATED)
_2917_/A                                1.500000    3.842549   -2.342549 (VIOLATED)
_2918_/A                                1.500000    3.842549   -2.342549 (VIOLATED)
_2919_/A                                1.500000    3.842549   -2.342549 (VIOLATED)
_2920_/A                                1.500000    3.842549   -2.342549 (VIOLATED)
_2921_/A                                1.500000    3.842549   -2.342549 (VIOLATED)
_2922_/A                                1.500000    3.842549   -2.342549 (VIOLATED)
_2923_/A                                1.500000    3.842549   -2.342549 (VIOLATED)
_2924_/A                                1.500000    3.842549   -2.342549 (VIOLATED)
_2925_/A                                1.500000    3.842549   -2.342549 (VIOLATED)
_2926_/A                                1.500000    3.842549   -2.342549 (VIOLATED)
_2927_/A                                1.500000    3.842549   -2.342549 (VIOLATED)
_2928_/A                                1.500000    3.842549   -2.342549 (VIOLATED)
_2929_/A                                1.500000    3.842549   -2.342549 (VIOLATED)
_2930_/A                                1.500000    3.842549   -2.342549 (VIOLATED)
_2931_/A                                1.500000    3.842549   -2.342549 (VIOLATED)
_2932_/A                                1.500000    3.842549   -2.342549 (VIOLATED)
_2933_/A                                1.500000    3.842549   -2.342549 (VIOLATED)
_2934_/A                                1.500000    3.842549   -2.342549 (VIOLATED)
_2935_/A                                1.500000    3.842549   -2.342549 (VIOLATED)
_2936_/A                                1.500000    3.842549   -2.342549 (VIOLATED)
_2937_/A                                1.500000    3.842549   -2.342549 (VIOLATED)
_2938_/A                                1.500000    3.842549   -2.342549 (VIOLATED)
_2939_/A                                1.500000    3.842549   -2.342549 (VIOLATED)
_2940_/A                                1.500000    3.842549   -2.342549 (VIOLATED)
_2941_/A                                1.500000    3.842549   -2.342549 (VIOLATED)
_2942_/A                                1.500000    3.842549   -2.342549 (VIOLATED)
_2943_/A                                1.500000    3.842549   -2.342549 (VIOLATED)
_2944_/A                                1.500000    3.842549   -2.342549 (VIOLATED)
_2945_/A                                1.500000    3.842549   -2.342549 (VIOLATED)
_2946_/A                                1.500000    3.842549   -2.342549 (VIOLATED)
_2947_/A                                1.500000    3.842549   -2.342549 (VIOLATED)
_2948_/A                                1.500000    3.842549   -2.342549 (VIOLATED)
_2949_/A                                1.500000    3.842549   -2.342549 (VIOLATED)
_2950_/A                                1.500000    3.842549   -2.342549 (VIOLATED)
_2951_/A                                1.500000    3.842549   -2.342549 (VIOLATED)
_2952_/A                                1.500000    3.842549   -2.342549 (VIOLATED)
_2953_/A                                1.500000    3.842549   -2.342549 (VIOLATED)
_2954_/A                                1.500000    3.842549   -2.342549 (VIOLATED)
_2955_/A                                1.500000    3.842549   -2.342549 (VIOLATED)
_2956_/A                                1.500000    3.842549   -2.342549 (VIOLATED)
_2957_/A                                1.500000    3.842549   -2.342549 (VIOLATED)
_2958_/A                                1.500000    3.842549   -2.342549 (VIOLATED)
_2959_/A                                1.500000    3.842549   -2.342549 (VIOLATED)
_2960_/A                                1.500000    3.842549   -2.342549 (VIOLATED)
_2961_/A                                1.500000    3.842549   -2.342549 (VIOLATED)
_2962_/A                                1.500000    3.842549   -2.342549 (VIOLATED)
_2963_/A                                1.500000    3.842549   -2.342549 (VIOLATED)
_2964_/A                                1.500000    3.842549   -2.342549 (VIOLATED)
_2965_/A                                1.500000    3.842549   -2.342549 (VIOLATED)
_2966_/A                                1.500000    3.842549   -2.342549 (VIOLATED)
_2967_/A                                1.500000    3.842549   -2.342549 (VIOLATED)
_2968_/A                                1.500000    3.842549   -2.342549 (VIOLATED)
_2969_/A                                1.500000    3.842549   -2.342549 (VIOLATED)
_2970_/A                                1.500000    3.842549   -2.342549 (VIOLATED)
_2971_/A                                1.500000    3.842549   -2.342549 (VIOLATED)
_2972_/A                                1.500000    3.842549   -2.342549 (VIOLATED)
_2973_/A                                1.500000    3.842549   -2.342549 (VIOLATED)
_2974_/A                                1.500000    3.842549   -2.342549 (VIOLATED)
_2975_/A                                1.500000    3.842549   -2.342549 (VIOLATED)
_2976_/A                                1.500000    3.842549   -2.342549 (VIOLATED)
_2977_/A                                1.500000    3.842549   -2.342549 (VIOLATED)
_2978_/A                                1.500000    3.842549   -2.342549 (VIOLATED)
_2979_/A                                1.500000    3.842549   -2.342549 (VIOLATED)
_2980_/A                                1.500000    3.842549   -2.342549 (VIOLATED)
_2981_/A                                1.500000    3.842549   -2.342549 (VIOLATED)
_2982_/A                                1.500000    3.842549   -2.342549 (VIOLATED)
_2983_/A                                1.500000    3.842549   -2.342549 (VIOLATED)
_2984_/A                                1.500000    3.842549   -2.342549 (VIOLATED)
_2985_/A                                1.500000    3.842549   -2.342549 (VIOLATED)
_2986_/A                                1.500000    3.842549   -2.342549 (VIOLATED)
_2987_/A                                1.500000    3.842549   -2.342549 (VIOLATED)
_2988_/A                                1.500000    3.842549   -2.342549 (VIOLATED)

max capacitance

Pin                                        Limit         Cap       Slack
------------------------------------------------------------------------
rst                                     0.331431    0.858772   -0.527340 (VIOLATED)



===========================================================================
report_parasitic_annotation -report_unannotated
============================================================================
Found 1685 unannotated drivers.
 clk
 mosi
 rst
 sclk
 ss
 _1494_/Y
 _1495_/Y
 _1496_/Y
 _1497_/Y
 _1498_/Y
 _1499_/Y
 _1500_/Y
 _1501_/Y
 _1502_/Y
 _1503_/Y
 _1504_/Y
 _1505_/Y
 _1506_/Y
 _1507_/Y
 _1508_/X
 _1509_/X
 _1510_/X
 _1511_/X
 _1512_/X
 _1513_/Y
 _1514_/X
 _1515_/X
 _1516_/Y
 _1517_/Y
 _1518_/X
 _1519_/X
 _1520_/Y
 _1521_/X
 _1522_/Y
 _1523_/Y
 _1524_/X
 _1525_/Y
 _1526_/Y
 _1527_/Y
 _1528_/X
 _1529_/X
 _1530_/X
 _1531_/Y
 _1532_/X
 _1533_/X
 _1534_/X
 _1535_/Y
 _1536_/X
 _1537_/Y
 _1538_/X
 _1539_/X
 _1540_/X
 _1541_/X
 _1542_/X
 _1543_/Y
 _1544_/X
 _1545_/X
 _1546_/Y
 _1547_/X
 _1548_/X
 _1549_/X
 _1550_/X
 _1551_/Y
 _1552_/Y
 _1553_/X
 _1554_/Y
 _1555_/X
 _1556_/Y
 _1557_/Y
 _1558_/X
 _1559_/X
 _1560_/X
 _1561_/X
 _1562_/X
 _1563_/X
 _1564_/Y
 _1565_/Y
 _1566_/X
 _1567_/X
 _1568_/X
 _1569_/Y
 _1570_/X
 _1571_/X
 _1572_/X
 _1573_/X
 _1574_/Y
 _1575_/Y
 _1576_/Y
 _1577_/Y
 _1578_/X
 _1579_/X
 _1580_/X
 _1581_/Y
 _1582_/Y
 _1583_/X
 _1584_/X
 _1585_/X
 _1586_/Y
 _1587_/X
 _1588_/X
 _1589_/Y
 _1590_/Y
 _1591_/X
 _1592_/Y
 _1593_/X
 _1594_/X
 _1595_/Y
 _1596_/X
 _1597_/Y
 _1598_/Y
 _1599_/X
 _1600_/Y
 _1601_/X
 _1602_/Y
 _1603_/Y
 _1604_/Y
 _1605_/X
 _1606_/Y
 _1607_/X
 _1608_/X
 _1609_/Y
 _1610_/X
 _1611_/X
 _1612_/X
 _1613_/X
 _1614_/Y
 _1615_/X
 _1616_/Y
 _1617_/Y
 _1618_/X
 _1619_/X
 _1620_/Y
 _1621_/X
 _1622_/X
 _1623_/Y
 _1624_/Y
 _1625_/Y
 _1626_/Y
 _1627_/X
 _1628_/Y
 _1629_/X
 _1630_/Y
 _1631_/X
 _1632_/Y
 _1633_/Y
 _1634_/Y
 _1635_/X
 _1636_/Y
 _1637_/X
 _1638_/X
 _1639_/Y
 _1640_/Y
 _1641_/Y
 _1642_/X
 _1643_/Y
 _1644_/X
 _1645_/Y
 _1646_/X
 _1647_/Y
 _1648_/X
 _1649_/X
 _1650_/X
 _1651_/Y
 _1652_/X
 _1653_/Y
 _1654_/X
 _1655_/Y
 _1656_/X
 _1657_/Y
 _1658_/X
 _1659_/X
 _1660_/Y
 _1661_/Y
 _1662_/Y
 _1663_/X
 _1664_/Y
 _1665_/X
 _1666_/Y
 _1667_/X
 _1668_/Y
 _1669_/X
 _1670_/X
 _1671_/Y
 _1672_/Y
 _1673_/X
 _1674_/Y
 _1675_/Y
 _1676_/Y
 _1677_/Y
 _1678_/Y
 _1679_/Y
 _1680_/X
 _1681_/Y
 _1682_/X
 _1683_/Y
 _1684_/Y
 _1685_/Y
 _1686_/Y
 _1687_/Y
 _1688_/Y
 _1689_/X
 _1690_/X
 _1691_/X
 _1692_/X
 _1693_/Y
 _1694_/Y
 _1695_/X
 _1696_/Y
 _1697_/X
 _1698_/X
 _1699_/Y
 _1700_/X
 _1701_/X
 _1702_/Y
 _1703_/Y
 _1704_/Y
 _1705_/X
 _1706_/X
 _1707_/Y
 _1708_/Y
 _1709_/X
 _1710_/Y
 _1711_/Y
 _1712_/X
 _1713_/Y
 _1714_/X
 _1715_/X
 _1716_/Y
 _1717_/X
 _1718_/Y
 _1719_/Y
 _1720_/X
 _1721_/X
 _1722_/Y
 _1723_/X
 _1724_/Y
 _1725_/X
 _1726_/Y
 _1727_/X
 _1728_/X
 _1729_/X
 _1730_/Y
 _1731_/Y
 _1732_/X
 _1733_/Y
 _1734_/X
 _1735_/X
 _1736_/X
 _1737_/X
 _1738_/Y
 _1739_/Y
 _1740_/X
 _1741_/Y
 _1742_/Y
 _1743_/X
 _1744_/Y
 _1745_/Y
 _1746_/Y
 _1747_/X
 _1748_/Y
 _1749_/Y
 _1750_/Y
 _1751_/X
 _1752_/Y
 _1753_/X
 _1754_/Y
 _1755_/Y
 _1756_/Y
 _1757_/Y
 _1758_/Y
 _1759_/Y
 _1760_/X
 _1761_/X
 _1762_/X
 _1763_/Y
 _1764_/X
 _1765_/Y
 _1766_/X
 _1767_/X
 _1768_/Y
 _1769_/X
 _1770_/Y
 _1771_/Y
 _1772_/Y
 _1773_/X
 _1774_/X
 _1775_/Y
 _1776_/X
 _1777_/Y
 _1778_/Y
 _1779_/Y
 _1780_/Y
 _1781_/Y
 _1782_/X
 _1783_/Y
 _1784_/X
 _1785_/Y
 _1786_/X
 _1787_/Y
 _1788_/Y
 _1789_/X
 _1790_/X
 _1791_/Y
 _1792_/Y
 _1793_/X
 _1794_/Y
 _1795_/X
 _1796_/Y
 _1797_/Y
 _1798_/X
 _1799_/Y
 _1800_/X
 _1801_/X
 _1802_/X
 _1803_/Y
 _1804_/X
 _1805_/Y
 _1806_/Y
 _1807_/Y
 _1808_/Y
 _1809_/Y
 _1810_/Y
 _1811_/X
 _1812_/X
 _1813_/X
 _1814_/X
 _1815_/Y
 _1816_/Y
 _1817_/X
 _1818_/Y
 _1819_/Y
 _1820_/X
 _1821_/Y
 _1822_/X
 _1823_/Y
 _1824_/Y
 _1825_/Y
 _1826_/Y
 _1827_/Y
 _1828_/Y
 _1829_/X
 _1830_/X
 _1831_/X
 _1832_/Y
 _1833_/X
 _1834_/Y
 _1835_/Y
 _1836_/Y
 _1837_/Y
 _1838_/X
 _1839_/Y
 _1840_/Y
 _1841_/Y
 _1842_/X
 _1843_/Y
 _1844_/Y
 _1845_/X
 _1846_/Y
 _1847_/Y
 _1848_/Y
 _1849_/Y
 _1850_/X
 _1851_/X
 _1852_/X
 _1853_/X
 _1854_/Y
 _1855_/Y
 _1856_/Y
 _1857_/X
 _1858_/X
 _1859_/X
 _1860_/X
 _1861_/X
 _1862_/Y
 _1863_/X
 _1864_/Y
 _1865_/Y
 _1866_/X
 _1867_/Y
 _1868_/X
 _1869_/X
 _1870_/X
 _1871_/Y
 _1872_/X
 _1873_/X
 _1874_/Y
 _1875_/Y
 _1876_/X
 _1877_/Y
 _1878_/X
 _1879_/Y
 _1880_/Y
 _1881_/X
 _1882_/X
 _1883_/X
 _1884_/X
 _1885_/X
 _1886_/Y
 _1887_/X
 _1888_/Y
 _1889_/Y
 _1890_/Y
 _1891_/X
 _1892_/X
 _1893_/Y
 _1894_/Y
 _1895_/Y
 _1896_/X
 _1897_/X
 _1898_/Y
 _1899_/X
 _1900_/X
 _1901_/Y
 _1902_/Y
 _1903_/Y
 _1904_/Y
 _1905_/Y
 _1906_/Y
 _1907_/X
 _1908_/Y
 _1909_/X
 _1910_/X
 _1911_/X
 _1912_/Y
 _1913_/X
 _1914_/X
 _1915_/Y
 _1916_/X
 _1917_/X
 _1918_/X
 _1919_/Y
 _1920_/Y
 _1921_/X
 _1922_/Y
 _1923_/X
 _1924_/Y
 _1925_/Y
 _1926_/X
 _1927_/X
 _1928_/X
 _1929_/Y
 _1930_/Y
 _1931_/X
 _1932_/X
 _1933_/X
 _1934_/X
 _1935_/X
 _1936_/X
 _1937_/X
 _1938_/Y
 _1939_/Y
 _1940_/X
 _1941_/X
 _1942_/X
 _1943_/X
 _1944_/X
 _1945_/X
 _1946_/Y
 _1947_/X
 _1948_/X
 _1949_/X
 _1950_/X
 _1951_/X
 _1952_/X
 _1953_/X
 _1954_/X
 _1955_/X
 _1956_/X
 _1957_/X
 _1958_/X
 _1959_/X
 _1960_/Y
 _1961_/X
 _1962_/X
 _1963_/Y
 _1964_/Y
 _1965_/Y
 _1966_/Y
 _1967_/X
 _1968_/X
 _1969_/X
 _1970_/X
 _1971_/X
 _1972_/Y
 _1973_/X
 _1974_/X
 _1975_/X
 _1976_/Y
 _1977_/Y
 _1978_/X
 _1979_/Y
 _1980_/Y
 _1981_/Y
 _1982_/X
 _1983_/X
 _1984_/X
 _1985_/Y
 _1986_/X
 _1987_/X
 _1988_/Y
 _1989_/X
 _1990_/Y
 _1991_/X
 _1992_/Y
 _1993_/X
 _1994_/X
 _1995_/X
 _1996_/Y
 _1997_/Y
 _1998_/Y
 _1999_/X
 _2000_/X
 _2001_/Y
 _2002_/X
 _2003_/X
 _2004_/X
 _2005_/X
 _2006_/X
 _2007_/X
 _2008_/Y
 _2009_/X
 _2010_/X
 _2011_/X
 _2012_/X
 _2013_/Y
 _2014_/X
 _2015_/Y
 _2016_/Y
 _2017_/Y
 _2018_/X
 _2019_/X
 _2020_/X
 _2021_/X
 _2022_/X
 _2023_/Y
 _2024_/Y
 _2025_/X
 _2026_/X
 _2027_/X
 _2028_/X
 _2029_/X
 _2030_/X
 _2031_/Y
 _2032_/Y
 _2033_/Y
 _2034_/X
 _2035_/X
 _2036_/X
 _2037_/Y
 _2038_/Y
 _2039_/X
 _2040_/X
 _2041_/X
 _2042_/X
 _2043_/X
 _2044_/X
 _2045_/X
 _2046_/X
 _2047_/X
 _2048_/X
 _2049_/X
 _2050_/X
 _2051_/Y
 _2052_/X
 _2053_/X
 _2054_/X
 _2055_/X
 _2056_/X
 _2057_/Y
 _2058_/Y
 _2059_/X
 _2060_/X
 _2061_/X
 _2062_/Y
 _2063_/X
 _2064_/X
 _2065_/X
 _2066_/X
 _2067_/X
 _2068_/X
 _2069_/Y
 _2070_/X
 _2071_/X
 _2072_/X
 _2073_/X
 _2074_/Y
 _2075_/X
 _2076_/X
 _2077_/X
 _2078_/X
 _2079_/X
 _2080_/Y
 _2081_/X
 _2082_/X
 _2083_/X
 _2084_/X
 _2085_/X
 _2086_/Y
 _2087_/X
 _2088_/X
 _2089_/X
 _2090_/X
 _2091_/X
 _2092_/Y
 _2093_/X
 _2094_/X
 _2095_/X
 _2096_/X
 _2097_/X
 _2098_/X
 _2099_/Y
 _2100_/X
 _2101_/X
 _2102_/X
 _2103_/X
 _2104_/X
 _2105_/X
 _2106_/X
 _2107_/X
 _2108_/X
 _2109_/X
 _2110_/X
 _2111_/X
 _2112_/X
 _2113_/X
 _2114_/X
 _2115_/X
 _2116_/X
 _2117_/X
 _2118_/X
 _2119_/X
 _2120_/X
 _2121_/Y
 _2122_/X
 _2123_/Y
 _2124_/X
 _2125_/X
 _2126_/X
 _2127_/X
 _2128_/X
 _2129_/X
 _2130_/X
 _2131_/X
 _2132_/X
 _2133_/X
 _2134_/X
 _2135_/X
 _2136_/X
 _2137_/X
 _2138_/X
 _2139_/X
 _2140_/X
 _2141_/Y
 _2142_/X
 _2143_/Y
 _2144_/X
 _2145_/X
 _2146_/X
 _2147_/Y
 _2148_/X
 _2149_/X
 _2150_/X
 _2151_/X
 _2152_/X
 _2153_/X
 _2154_/X
 _2155_/X
 _2156_/X
 _2157_/X
 _2158_/X
 _2159_/X
 _2160_/X
 _2161_/X
 _2162_/Y
 _2163_/X
 _2164_/X
 _2165_/X
 _2166_/X
 _2167_/X
 _2168_/X
 _2169_/X
 _2170_/X
 _2171_/X
 _2172_/X
 _2173_/X
 _2174_/X
 _2175_/X
 _2176_/X
 _2177_/X
 _2178_/X
 _2179_/X
 _2180_/X
 _2181_/X
 _2182_/Y
 _2183_/Y
 _2184_/Y
 _2185_/X
 _2186_/X
 _2187_/Y
 _2188_/Y
 _2189_/Y
 _2190_/X
 _2191_/Y
 _2192_/X
 _2193_/X
 _2194_/Y
 _2195_/Y
 _2196_/X
 _2197_/X
 _2198_/X
 _2199_/Y
 _2200_/X
 _2201_/Y
 _2202_/X
 _2203_/Y
 _2204_/X
 _2205_/X
 _2206_/X
 _2207_/Y
 _2208_/Y
 _2209_/Y
 _2210_/X
 _2211_/X
 _2212_/X
 _2213_/Y
 _2214_/Y
 _2215_/Y
 _2216_/Y
 _2217_/Y
 _2218_/Y
 _2219_/Y
 _2220_/Y
 _2221_/X
 _2222_/Y
 _2223_/Y
 _2224_/X
 _2225_/X
 _2226_/Y
 _2227_/X
 _2228_/Y
 _2229_/Y
 _2230_/X
 _2231_/X
 _2232_/X
 _2233_/X
 _2234_/Y
 _2235_/X
 _2236_/X
 _2237_/X
 _2238_/Y
 _2239_/X
 _2240_/X
 _2241_/X
 _2242_/X
 _2243_/X
 _2244_/Y
 _2245_/Y
 _2246_/Y
 _2247_/Y
 _2248_/Y
 _2249_/X
 _2250_/Y
 _2251_/X
 _2252_/X
 _2253_/Y
 _2254_/X
 _2255_/X
 _2256_/X
 _2257_/X
 _2258_/Y
 _2259_/X
 _2260_/Y
 _2261_/X
 _2262_/Y
 _2263_/Y
 _2264_/X
 _2265_/X
 _2266_/Y
 _2267_/Y
 _2268_/Y
 _2269_/X
 _2270_/Y
 _2271_/X
 _2272_/X
 _2273_/Y
 _2274_/Y
 _2275_/Y
 _2276_/Y
 _2277_/X
 _2278_/Y
 _2279_/Y
 _2280_/Y
 _2281_/Y
 _2282_/X
 _2283_/X
 _2284_/X
 _2285_/X
 _2286_/Y
 _2287_/X
 _2288_/Y
 _2289_/X
 _2290_/X
 _2291_/Y
 _2292_/Y
 _2293_/X
 _2294_/Y
 _2295_/X
 _2296_/X
 _2297_/X
 _2298_/X
 _2299_/X
 _2300_/X
 _2301_/X
 _2302_/X
 _2303_/X
 _2304_/X
 _2305_/X
 _2306_/Y
 _2307_/Y
 _2308_/X
 _2309_/X
 _2310_/X
 _2311_/X
 _2312_/Y
 _2313_/X
 _2314_/X
 _2315_/X
 _2316_/X
 _2317_/X
 _2318_/X
 _2319_/X
 _2320_/X
 _2321_/X
 _2322_/X
 _2323_/X
 _2324_/X
 _2325_/X
 _2326_/X
 _2327_/Y
 _2328_/X
 _2329_/X
 _2330_/X
 _2331_/X
 _2332_/X
 _2333_/X
 _2334_/X
 _2335_/X
 _2336_/X
 _2337_/X
 _2338_/X
 _2339_/X
 _2340_/X
 _2341_/X
 _2342_/X
 _2343_/X
 _2344_/Y
 _2345_/X
 _2346_/X
 _2347_/Y
 _2348_/X
 _2349_/X
 _2350_/X
 _2351_/X
 _2352_/X
 _2353_/X
 _2354_/X
 _2355_/X
 _2356_/X
 _2357_/X
 _2358_/X
 _2359_/X
 _2360_/X
 _2361_/X
 _2362_/X
 _2363_/X
 _2364_/X
 _2365_/X
 _2366_/X
 _2367_/X
 _2368_/X
 _2369_/X
 _2370_/X
 _2371_/X
 _2372_/X
 _2373_/X
 _2374_/X
 _2375_/X
 _2376_/X
 _2377_/X
 _2378_/X
 _2379_/X
 _2380_/X
 _2381_/X
 _2382_/X
 _2383_/X
 _2384_/X
 _2385_/X
 _2386_/X
 _2387_/X
 _2388_/X
 _2389_/X
 _2390_/X
 _2391_/X
 _2392_/X
 _2393_/X
 _2394_/X
 _2395_/X
 _2396_/X
 _2397_/X
 _2398_/Y
 _2399_/X
 _2400_/X
 _2401_/Y
 _2402_/X
 _2403_/X
 _2404_/X
 _2405_/X
 _2406_/Y
 _2407_/Y
 _2408_/X
 _2409_/X
 _2410_/X
 _2411_/X
 _2412_/Y
 _2413_/Y
 _2414_/X
 _2415_/Y
 _2416_/Y
 _2417_/X
 _2418_/Y
 _2419_/Y
 _2420_/Y
 _2421_/X
 _2422_/X
 _2423_/Y
 _2424_/X
 _2425_/X
 _2426_/X
 _2427_/X
 _2428_/X
 _2429_/X
 _2430_/Y
 _2431_/X
 _2432_/Y
 _2433_/Y
 _2434_/Y
 _2435_/X
 _2436_/Y
 _2437_/X
 _2438_/X
 _2439_/Y
 _2440_/Y
 _2441_/Y
 _2442_/Y
 _2443_/Y
 _2444_/X
 _2445_/X
 _2446_/Y
 _2447_/Y
 _2448_/X
 _2449_/Y
 _2450_/X
 _2451_/X
 _2452_/X
 _2453_/Y
 _2454_/Y
 _2455_/X
 _2456_/X
 _2457_/X
 _2458_/X
 _2459_/Y
 _2460_/Y
 _2461_/Y
 _2462_/X
 _2463_/Y
 _2464_/Y
 _2465_/X
 _2466_/Y
 _2467_/Y
 _2468_/X
 _2469_/Y
 _2470_/Y
 _2471_/X
 _2472_/X
 _2473_/X
 _2474_/X
 _2475_/X
 _2476_/Y
 _2477_/X
 _2478_/Y
 _2479_/X
 _2480_/X
 _2481_/X
 _2482_/Y
 _2483_/X
 _2484_/Y
 _2485_/X
 _2486_/X
 _2487_/X
 _2488_/X
 _2489_/X
 _2490_/Y
 _2491_/Y
 _2492_/X
 _2493_/X
 _2494_/X
 _2495_/X
 _2496_/Y
 _2497_/X
 _2498_/Y
 _2499_/X
 _2500_/Y
 _2501_/X
 _2502_/Y
 _2503_/X
 _2504_/X
 _2505_/Y
 _2506_/Y
 _2507_/Y
 _2508_/X
 _2509_/X
 _2510_/Y
 _2511_/Y
 _2512_/Y
 _2513_/Y
 _2514_/Y
 _2515_/X
 _2516_/Y
 _2517_/Y
 _2518_/Y
 _2519_/Y
 _2520_/X
 _2521_/X
 _2522_/X
 _2523_/X
 _2524_/Y
 _2525_/Y
 _2526_/X
 _2527_/X
 _2528_/Y
 _2529_/X
 _2530_/X
 _2531_/Y
 _2532_/X
 _2533_/Y
 _2534_/Y
 _2535_/X
 _2536_/X
 _2537_/Y
 _2538_/X
 _2539_/X
 _2540_/X
 _2541_/X
 _2542_/X
 _2543_/X
 _2544_/Y
 _2545_/X
 _2546_/X
 _2547_/Y
 _2548_/Y
 _2549_/X
 _2550_/X
 _2551_/X
 _2552_/Y
 _2553_/X
 _2554_/Y
 _2555_/Y
 _2556_/Y
 _2557_/Y
 _2558_/X
 _2559_/Y
 _2560_/Y
 _2561_/X
 _2562_/X
 _2563_/Y
 _2564_/Y
 _2565_/Y
 _2566_/X
 _2567_/X
 _2568_/Y
 _2569_/X
 _2570_/Y
 _2571_/X
 _2572_/Y
 _2573_/X
 _2574_/X
 _2575_/Y
 _2576_/X
 _2577_/Y
 _2578_/X
 _2579_/Y
 _2580_/Y
 _2581_/X
 _2582_/Y
 _2583_/X
 _2584_/Y
 _2585_/X
 _2586_/Y
 _2587_/X
 _2588_/Y
 _2589_/Y
 _2590_/Y
 _2591_/X
 _2592_/X
 _2593_/Y
 _2594_/X
 _2595_/X
 _2596_/Y
 _2597_/X
 _2598_/Y
 _2599_/X
 _2600_/X
 _2601_/X
 _2602_/X
 _2603_/Y
 _2604_/X
 _2605_/X
 _2606_/X
 _2607_/X
 _2608_/Y
 _2609_/X
 _2610_/X
 _2611_/Y
 _2612_/X
 _2613_/X
 _2614_/Y
 _2615_/X
 _2616_/X
 _2617_/X
 _2618_/X
 _2619_/Y
 _2620_/X
 _2621_/X
 _2622_/X
 _2623_/Y
 _2624_/Y
 _2625_/X
 _2626_/X
 _2627_/Y
 _2628_/Y
 _2629_/Y
 _2630_/Y
 _2631_/X
 _2632_/Y
 _2633_/Y
 _2634_/X
 _2635_/Y
 _2636_/Y
 _2637_/X
 _2638_/Y
 _2639_/X
 _2640_/Y
 _2641_/Y
 _2642_/X
 _2643_/Y
 _2644_/X
 _2645_/X
 _2646_/X
 _2647_/Y
 _2648_/X
 _2649_/X
 _2650_/Y
 _2651_/Y
 _2652_/X
 _2653_/X
 _2654_/X
 _2655_/X
 _2656_/X
 _2657_/Y
 _2658_/X
 _2659_/Y
 _2660_/X
 _2661_/X
 _2662_/X
 _2663_/X
 _2664_/X
 _2665_/X
 _2666_/X
 _2667_/X
 _2668_/X
 _2669_/X
 _2670_/Y
 _2671_/X
 _2672_/Y
 _2673_/X
 _2674_/X
 _2675_/X
 _2676_/X
 _2677_/X
 _2678_/X
 _2679_/X
 _2680_/Y
 _2681_/X
 _2682_/X
 _2683_/X
 _2684_/X
 _2685_/X
 _2686_/X
 _2687_/X
 _2688_/X
 _2689_/X
 _2690_/X
 _2691_/Y
 _2692_/Y
 _2693_/X
 _2694_/X
 _2695_/X
 _2696_/X
 _2697_/X
 _2698_/X
 _2699_/X
 _2700_/Y
 _2701_/X
 _2702_/X
 _2703_/Y
 _2704_/X
 _2705_/X
 _2706_/Y
 _2707_/X
 _2708_/X
 _2709_/Y
 _2710_/X
 _2711_/X
 _2712_/Y
 _2713_/X
 _2714_/X
 _2715_/X
 _2716_/Y
 _2717_/X
 _2718_/X
 _2719_/X
 _2720_/X
 _2721_/X
 _2722_/X
 _2723_/X
 _2724_/Y
 _2725_/X
 _2726_/X
 _2727_/X
 _2728_/Y
 _2729_/Y
 _2730_/X
 _2731_/X
 _2732_/Y
 _2733_/Y
 _2734_/X
 _2735_/X
 _2736_/X
 _2737_/Y
 _2738_/Y
 _2739_/X
 _2740_/X
 _2741_/X
 _2742_/Y
 _2743_/Y
 _2744_/X
 _2745_/X
 _2746_/X
 _2747_/Y
 _2748_/Y
 _2749_/X
 _2750_/X
 _2751_/X
 _2752_/Y
 _2753_/Y
 _2754_/X
 _2755_/X
 _2756_/X
 _2757_/X
 _2758_/X
 _2759_/Y
 _2760_/X
 _2761_/X
 _2762_/Y
 _2763_/X
 _2764_/X
 _2765_/X
 _2766_/X
 _2767_/X
 _2768_/Y
 _2769_/X
 _2770_/Y
 _2771_/X
 _2772_/X
 _2773_/X
 _2774_/X
 _2775_/X
 _2776_/X
 _2777_/X
 _2778_/Y
 _2779_/X
 _2780_/X
 _2781_/X
 _2782_/X
 _2783_/X
 _2784_/X
 _2785_/X
 _2786_/X
 _2787_/X
 _2788_/Y
 _2789_/X
 _2790_/X
 _2791_/X
 _2792_/X
 _2793_/X
 _2794_/Y
 _2795_/X
 _2796_/X
 _2797_/X
 _2798_/Y
 _2799_/Y
 _2800_/X
 _2801_/X
 _2802_/X
 _2803_/X
 _2804_/X
 _2805_/Y
 _2806_/Y
 _2807_/Y
 _2808_/Y
 _2809_/Y
 _2810_/Y
 _2811_/Y
 _2812_/Y
 _2813_/Y
 _2814_/Y
 _2815_/Y
 _2816_/Y
 _2817_/Y
 _2818_/Y
 _2819_/Y
 _2820_/Y
 _2821_/Y
 _2822_/Y
 _2823_/Y
 _2824_/Y
 _2825_/Y
 _2826_/Y
 _2827_/Y
 _2828_/Y
 _2829_/Y
 _2830_/Y
 _2831_/Y
 _2832_/Y
 _2833_/Y
 _2834_/Y
 _2835_/Y
 _2836_/Y
 _2837_/Y
 _2838_/Y
 _2839_/Y
 _2840_/Y
 _2841_/Y
 _2842_/Y
 _2843_/Y
 _2844_/Y
 _2845_/Y
 _2846_/Y
 _2847_/Y
 _2848_/Y
 _2849_/Y
 _2850_/Y
 _2851_/Y
 _2852_/Y
 _2853_/Y
 _2854_/Y
 _2855_/Y
 _2856_/Y
 _2857_/Y
 _2858_/Y
 _2859_/Y
 _2860_/Y
 _2861_/Y
 _2862_/Y
 _2863_/Y
 _2864_/Y
 _2865_/Y
 _2866_/Y
 _2867_/Y
 _2868_/Y
 _2869_/Y
 _2870_/Y
 _2871_/Y
 _2872_/Y
 _2873_/Y
 _2874_/Y
 _2875_/Y
 _2876_/Y
 _2877_/Y
 _2878_/Y
 _2879_/Y
 _2880_/Y
 _2881_/Y
 _2882_/Y
 _2883_/Y
 _2884_/Y
 _2885_/Y
 _2886_/Y
 _2887_/Y
 _2888_/Y
 _2889_/Y
 _2890_/Y
 _2891_/Y
 _2892_/Y
 _2893_/Y
 _2894_/Y
 _2895_/Y
 _2896_/Y
 _2897_/Y
 _2898_/Y
 _2899_/Y
 _2900_/Y
 _2901_/Y
 _2902_/Y
 _2903_/Y
 _2904_/Y
 _2905_/Y
 _2906_/Y
 _2907_/Y
 _2908_/Y
 _2909_/Y
 _2910_/Y
 _2911_/Y
 _2912_/Y
 _2913_/Y
 _2914_/Y
 _2915_/Y
 _2916_/Y
 _2917_/Y
 _2918_/Y
 _2919_/Y
 _2920_/Y
 _2921_/Y
 _2922_/Y
 _2923_/Y
 _2924_/Y
 _2925_/Y
 _2926_/Y
 _2927_/Y
 _2928_/Y
 _2929_/Y
 _2930_/Y
 _2931_/Y
 _2932_/Y
 _2933_/Y
 _2934_/Y
 _2935_/Y
 _2936_/Y
 _2937_/Y
 _2938_/Y
 _2939_/Y
 _2940_/Y
 _2941_/Y
 _2942_/Y
 _2943_/Y
 _2944_/Y
 _2945_/Y
 _2946_/Y
 _2947_/Y
 _2948_/Y
 _2949_/Y
 _2950_/Y
 _2951_/Y
 _2952_/Y
 _2953_/Y
 _2954_/Y
 _2955_/Y
 _2956_/Y
 _2957_/Y
 _2958_/Y
 _2959_/Y
 _2960_/Y
 _2961_/Y
 _2962_/Y
 _2963_/Y
 _2964_/Y
 _2965_/Y
 _2966_/Y
 _2967_/Y
 _2968_/Y
 _2969_/Y
 _2970_/Y
 _2971_/Y
 _2972_/Y
 _2973_/Y
 _2974_/Y
 _2975_/Y
 _2976_/Y
 _2977_/Y
 _2978_/Y
 _2979_/Y
 _2980_/Y
 _2981_/Y
 _2982_/Y
 _2983_/Y
 _2984_/Y
 _2985_/Y
 _2986_/Y
 _2987_/Y
 _2988_/Y
 _2989_/Q
 _2990_/Q
 _2991_/Q
 _2992_/Q
 _2993_/Q
 _2994_/Q
 _2995_/Q
 _2996_/Q
 _2997_/Q
 _2998_/Q
 _2999_/Q
 _3000_/Q
 _3001_/Q
 _3002_/Q
 _3003_/Q
 _3004_/Q
 _3005_/Q
 _3006_/Q
 _3007_/Q
 _3008_/Q
 _3009_/Q
 _3010_/Q
 _3011_/Q
 _3012_/Q
 _3013_/Q
 _3014_/Q
 _3015_/Q
 _3016_/Q
 _3017_/Q
 _3018_/Q
 _3019_/Q
 _3020_/Q
 _3021_/Q
 _3022_/Q
 _3023_/Q
 _3024_/Q
 _3025_/Q
 _3026_/Q
 _3027_/Q
 _3028_/Q
 _3029_/Q
 _3030_/Q
 _3031_/Q
 _3032_/Q
 _3033_/Q
 _3034_/Q
 _3035_/Q
 _3036_/Q
 _3037_/Q
 _3038_/Q
 _3039_/Q
 _3040_/Q
 _3041_/Q
 _3042_/Q
 _3043_/Q
 _3044_/Q
 _3045_/Q
 _3046_/Q
 _3047_/Q
 _3048_/Q
 _3049_/Q
 _3050_/Q
 _3051_/Q
 _3052_/Q
 _3053_/Q
 _3054_/Q
 _3055_/Q
 _3056_/Q
 _3057_/Q
 _3058_/Q
 _3059_/Q
 _3060_/Q
 _3061_/Q
 _3062_/Q
 _3063_/Q
 _3064_/Q
 _3065_/Q
 _3066_/Q
 _3067_/Q
 _3068_/Q
 _3069_/Q
 _3070_/Q
 _3071_/Q
 _3072_/Q
 _3073_/Q
 _3074_/Q
 _3075_/Q
 _3076_/Q
 _3077_/Q
 _3078_/Q
 _3079_/Q
 _3080_/Q
 _3081_/Q
 _3082_/Q
 _3083_/Q
 _3084_/Q
 _3085_/Q
 _3086_/Q
 _3087_/Q
 _3088_/Q
 _3089_/Q
 _3090_/Q
 _3091_/Q
 _3092_/Q
 _3093_/Q
 _3094_/Q
 _3095_/Q
 _3096_/Q
 _3097_/Q
 _3098_/Q
 _3099_/Q
 _3100_/Q
 _3101_/Q
 _3102_/Q
 _3103_/Q
 _3104_/Q
 _3105_/Q
 _3106_/Q
 _3107_/Q
 _3108_/Q
 _3109_/Q
 _3110_/Q
 _3111_/Q
 _3112_/Q
 _3113_/Q
 _3114_/Q
 _3115_/Q
 _3116_/Q
 _3117_/Q
 _3118_/Q
 _3119_/Q
 _3120_/Q
 _3121_/Q
 _3122_/Q
 _3123_/Q
 _3124_/Q
 _3125_/Q
 _3126_/Q
 _3127_/Q
 _3128_/Q
 _3129_/Q
 _3130_/Q
 _3131_/Q
 _3132_/Q
 _3133_/Q
 _3134_/Q
 _3135_/Q
 _3136_/Q
 _3137_/Q
 _3138_/Q
 _3139_/Q
 _3140_/Q
 _3141_/Q
 _3142_/Q
 _3143_/Q
 _3144_/Q
 _3145_/Q
 _3146_/Q
 _3147_/Q
 _3148_/Q
 _3149_/Q
 _3150_/Q
 _3151_/Q
 _3152_/Q
 _3153_/Q
 _3154_/Q
 _3155_/Q
 _3156_/Q
 _3157_/Q
 _3158_/Q
 _3159_/Q
 _3160_/Q
 _3161_/Q
 _3162_/Q
 _3163_/Q
 _3164_/Q
 _3165_/Q
 _3166_/Q
 _3167_/Q
 _3168_/Q
 _3169_/Q
 _3170_/Q
 _3171_/Q
 _3172_/Q
 _3173_/Q
Found 0 partially unannotated drivers.

===========================================================================
max slew violation count 186
max fanout violation count 0
max cap violation count 1
============================================================================

===========================================================================
check_setup -verbose -unconstrained_endpoints -multiple_clock -no_clock -no_input_delay -loops -generated_clocks
===========================================================================
