
===========================================================================
report_checks -unconstrained
===========================================================================
======================= max_tt_025C_1v80 Corner ===================================

Startpoint: rst (input port clocked by clk)
Endpoint: _3158_ (recovery check against rising-edge clock clk)
Path Group: asynchronous
Path Type: max

Fanout         Cap        Slew       Delay        Time   Description
---------------------------------------------------------------------------------------------
                                  0.000000    0.000000   clock clk (rise edge)
                                  0.000000    0.000000   clock network delay (propagated)
                                  4.000000    4.000000 v input external delay
     1    0.008047    0.020205    0.013142    4.013143 v rst (in)
                                                         rst (net)
                      0.020214    0.000000    4.013143 v input2/A (sky130_fd_sc_hd__clkbuf_16)
   118    0.684478    0.406161    0.308781    4.321924 v input2/X (sky130_fd_sc_hd__clkbuf_16)
                                                         net2 (net)
                      0.430359    0.075775    4.397699 v load_slew5/A (sky130_fd_sc_hd__clkbuf_16)
    68    0.395669    0.251646    0.419285    4.816984 v load_slew5/X (sky130_fd_sc_hd__clkbuf_16)
                                                         net5 (net)
                      0.290378    0.073869    4.890853 v _2973_/A (sky130_fd_sc_hd__inv_2)
     1    0.003901    0.070134    0.111388    5.002241 ^ _2973_/Y (sky130_fd_sc_hd__inv_2)
                                                         _0069_ (net)
                      0.070135    0.000099    5.002339 ^ _3158_/SET_B (sky130_fd_sc_hd__dfstp_1)
                                              5.002339   data arrival time

                                 20.000000   20.000000   clock clk (rise edge)
                                  0.000000   20.000000   clock source latency
     1    0.027657    0.129514    0.090740   20.090740 ^ clk (in)
                                                         clk (net)
                      0.129618    0.000000   20.090740 ^ clkbuf_0_clk/A (sky130_fd_sc_hd__clkbuf_16)
    16    0.122912    0.136331    0.228670   20.319410 ^ clkbuf_0_clk/X (sky130_fd_sc_hd__clkbuf_16)
                                                         clknet_0_clk (net)
                      0.137109    0.008249   20.327660 ^ clkbuf_4_3_0_clk/A (sky130_fd_sc_hd__clkbuf_8)
    11    0.060066    0.113828    0.212788   20.540447 ^ clkbuf_4_3_0_clk/X (sky130_fd_sc_hd__clkbuf_8)
                                                         clknet_4_3_0_clk (net)
                      0.113909    0.002769   20.543217 ^ _3158_/CLK (sky130_fd_sc_hd__dfstp_1)
                                 -0.500000   20.043217   clock uncertainty
                                  0.000000   20.043217   clock reconvergence pessimism
                                  0.154346   20.197563   library recovery time
                                             20.197563   data required time
---------------------------------------------------------------------------------------------
                                             20.197563   data required time
                                             -5.002339   data arrival time
---------------------------------------------------------------------------------------------
                                             15.195223   slack (MET)


Startpoint: _3074_ (rising edge-triggered flip-flop clocked by clk)
Endpoint: _3029_ (rising edge-triggered flip-flop clocked by clk)
Path Group: clk
Path Type: max

Fanout         Cap        Slew       Delay        Time   Description
---------------------------------------------------------------------------------------------
                                  0.000000    0.000000   clock clk (rise edge)
                                  0.000000    0.000000   clock source latency
     1    0.027657    0.129514    0.090739    0.090739 ^ clk (in)
                                                         clk (net)
                      0.129618    0.000000    0.090739 ^ clkbuf_0_clk/A (sky130_fd_sc_hd__clkbuf_16)
    16    0.122912    0.136331    0.228671    0.319410 ^ clkbuf_0_clk/X (sky130_fd_sc_hd__clkbuf_16)
                                                         clknet_0_clk (net)
                      0.137219    0.008798    0.328209 ^ clkbuf_4_14_0_clk/A (sky130_fd_sc_hd__clkbuf_8)
    11    0.071062    0.131314    0.226348    0.554557 ^ clkbuf_4_14_0_clk/X (sky130_fd_sc_hd__clkbuf_8)
                                                         clknet_4_14_0_clk (net)
                      0.131383    0.002781    0.557337 ^ _3074_/CLK (sky130_fd_sc_hd__dfrtp_2)
     3    0.008543    0.062590    0.388940    0.946277 ^ _3074_/Q (sky130_fd_sc_hd__dfrtp_2)
                                                         my_sum_sub.cm_exp[4] (net)
                      0.062590    0.000389    0.946667 ^ rebuffer13/A (sky130_fd_sc_hd__dlygate4sd3_1)
     4    0.017236    0.182875    0.644606    1.591273 ^ rebuffer13/X (sky130_fd_sc_hd__dlygate4sd3_1)
                                                         net18 (net)
                      0.182883    0.001400    1.592673 ^ _2414_/A (sky130_fd_sc_hd__and3_1)
     2    0.009587    0.108331    0.225475    1.818148 ^ _2414_/X (sky130_fd_sc_hd__and3_1)
                                                         _0713_ (net)
                      0.108333    0.000622    1.818770 ^ _2421_/A1 (sky130_fd_sc_hd__o221a_4)
     7    0.023904    0.096855    0.248192    2.066962 ^ _2421_/X (sky130_fd_sc_hd__o221a_4)
                                                         _0720_ (net)
                      0.096876    0.001392    2.068354 ^ _2429_/D_N (sky130_fd_sc_hd__or4b_4)
     4    0.019345    0.112245    0.513899    2.582253 v _2429_/X (sky130_fd_sc_hd__or4b_4)
                                                         _0728_ (net)
                      0.112245    0.000593    2.582846 v _2445_/A1 (sky130_fd_sc_hd__a21o_4)
     4    0.019812    0.052345    0.248221    2.831067 v _2445_/X (sky130_fd_sc_hd__a21o_4)
                                                         _0744_ (net)
                      0.052403    0.001211    2.832278 v _2449_/A (sky130_fd_sc_hd__nor4_4)
     5    0.022008    0.386527    0.422067    3.254345 ^ _2449_/Y (sky130_fd_sc_hd__nor4_4)
                                                         _0748_ (net)
                      0.386529    0.001599    3.255944 ^ _2453_/B (sky130_fd_sc_hd__xnor2_2)
     4    0.010060    0.090494    0.129011    3.384955 v _2453_/Y (sky130_fd_sc_hd__xnor2_2)
                                                         _0752_ (net)
                      0.090496    0.000499    3.385453 v _2486_/A (sky130_fd_sc_hd__or4_4)
     3    0.007606    0.089897    0.553300    3.938754 v _2486_/X (sky130_fd_sc_hd__or4_4)
                                                         _0785_ (net)
                      0.089897    0.000417    3.939171 v _2492_/A2 (sky130_fd_sc_hd__o2111a_1)
     3    0.013829    0.091767    0.297498    4.236669 v _2492_/X (sky130_fd_sc_hd__o2111a_1)
                                                         _0791_ (net)
                      0.091773    0.000791    4.237460 v _2494_/B (sky130_fd_sc_hd__xor2_2)
     4    0.020266    0.109011    0.197800    4.435261 v _2494_/X (sky130_fd_sc_hd__xor2_2)
                                                         _0793_ (net)
                      0.109023    0.000927    4.436188 v _2503_/A (sky130_fd_sc_hd__or4_4)
     7    0.029612    0.125529    0.620276    5.056464 v _2503_/X (sky130_fd_sc_hd__or4_4)
                                                         _0802_ (net)
                      0.125553    0.001641    5.058105 v _2506_/A1 (sky130_fd_sc_hd__o211ai_4)
     3    0.011199    0.172614    0.229244    5.287349 ^ _2506_/Y (sky130_fd_sc_hd__o211ai_4)
                                                         _0805_ (net)
                      0.172616    0.000676    5.288026 ^ _2519_/B1 (sky130_fd_sc_hd__o211ai_1)
     2    0.005799    0.111977    0.138455    5.426480 v _2519_/Y (sky130_fd_sc_hd__o211ai_1)
                                                         _0818_ (net)
                      0.111977    0.000344    5.426824 v _2523_/A (sky130_fd_sc_hd__or4bb_1)
     2    0.007008    0.106524    0.549998    5.976822 v _2523_/X (sky130_fd_sc_hd__or4bb_1)
                                                         _0822_ (net)
                      0.106524    0.000401    5.977223 v _2542_/D1 (sky130_fd_sc_hd__a2111o_1)
     1    0.008546    0.089170    0.339561    6.316784 v _2542_/X (sky130_fd_sc_hd__a2111o_1)
                                                         _0841_ (net)
                      0.089172    0.000480    6.317264 v _2543_/B (sky130_fd_sc_hd__xor2_2)
     4    0.012898    0.091099    0.179357    6.496621 v _2543_/X (sky130_fd_sc_hd__xor2_2)
                                                         _0842_ (net)
                      0.091102    0.000664    6.497285 v _2551_/B (sky130_fd_sc_hd__or4b_4)
     4    0.018642    0.111581    0.571342    7.068627 v _2551_/X (sky130_fd_sc_hd__or4b_4)
                                                         _0850_ (net)
                      0.111581    0.000594    7.069221 v _2568_/D_N (sky130_fd_sc_hd__nor4b_2)
     6    0.020333    0.087056    0.224192    7.293412 v _2568_/Y (sky130_fd_sc_hd__nor4b_2)
                                                         _0867_ (net)
                      0.087059    0.000599    7.294012 v _2580_/A1 (sky130_fd_sc_hd__a211oi_2)
     5    0.016653    0.346407    0.341659    7.635670 ^ _2580_/Y (sky130_fd_sc_hd__a211oi_2)
                                                         _0879_ (net)
                      0.346410    0.000929    7.636599 ^ _2581_/D_N (sky130_fd_sc_hd__or4b_4)
     7    0.025930    0.120628    0.570305    8.206903 v _2581_/X (sky130_fd_sc_hd__or4b_4)
                                                         _0880_ (net)
                      0.120713    0.001740    8.208644 v _2615_/A1 (sky130_fd_sc_hd__o211a_1)
     2    0.004469    0.046196    0.254029    8.462672 v _2615_/X (sky130_fd_sc_hd__o211a_1)
                                                         _0914_ (net)
                      0.046196    0.000271    8.462943 v _2616_/B (sky130_fd_sc_hd__or2_1)
     1    0.002753    0.047577    0.201259    8.664202 v _2616_/X (sky130_fd_sc_hd__or2_1)
                                                         _0915_ (net)
                      0.047577    0.000160    8.664362 v _2618_/B1 (sky130_fd_sc_hd__a2bb2o_1)
     3    0.010019    0.082882    0.314520    8.978882 v _2618_/X (sky130_fd_sc_hd__a2bb2o_1)
                                                         _0917_ (net)
                      0.082883    0.000452    8.979334 v _2644_/B (sky130_fd_sc_hd__and4b_1)
     1    0.008756    0.064383    0.214966    9.194300 v _2644_/X (sky130_fd_sc_hd__and4b_1)
                                                         _0943_ (net)
                      0.064390    0.000680    9.194981 v _2659_/A1 (sky130_fd_sc_hd__a21oi_4)
    16    0.061082    0.439034    0.384405    9.579386 ^ _2659_/Y (sky130_fd_sc_hd__a21oi_4)
                                                         _0958_ (net)
                      0.439126    0.005227    9.584613 ^ _2663_/B2 (sky130_fd_sc_hd__a22o_1)
     1    0.005111    0.069051    0.209997    9.794610 ^ _2663_/X (sky130_fd_sc_hd__a22o_1)
                                                         _0288_ (net)
                      0.069051    0.000341    9.794950 ^ hold157/A (sky130_fd_sc_hd__dlygate4sd3_1)
     1    0.002723    0.052230    0.541315   10.336266 ^ hold157/X (sky130_fd_sc_hd__dlygate4sd3_1)
                                                         net162 (net)
                      0.052230    0.000188   10.336453 ^ _3029_/D (sky130_fd_sc_hd__dfrtp_1)
                                             10.336453   data arrival time

                                 20.000000   20.000000   clock clk (rise edge)
                                  0.000000   20.000000   clock source latency
     1    0.027657    0.129514    0.090740   20.090740 ^ clk (in)
                                                         clk (net)
                      0.129618    0.000000   20.090740 ^ clkbuf_0_clk/A (sky130_fd_sc_hd__clkbuf_16)
    16    0.122912    0.136331    0.228670   20.319410 ^ clkbuf_0_clk/X (sky130_fd_sc_hd__clkbuf_16)
                                                         clknet_0_clk (net)
                      0.137076    0.008079   20.327490 ^ clkbuf_4_11_0_clk/A (sky130_fd_sc_hd__clkbuf_8)
    13    0.059228    0.112479    0.212101   20.539591 ^ clkbuf_4_11_0_clk/X (sky130_fd_sc_hd__clkbuf_8)
                                                         clknet_4_11_0_clk (net)
                      0.112542    0.002467   20.542057 ^ _3029_/CLK (sky130_fd_sc_hd__dfrtp_1)
                                 -0.500000   20.042057   clock uncertainty
                                  0.000000   20.042057   clock reconvergence pessimism
                                 -0.051327   19.990730   library setup time
                                             19.990730   data required time
---------------------------------------------------------------------------------------------
                                             19.990730   data required time
                                            -10.336453   data arrival time
---------------------------------------------------------------------------------------------
                                              9.654276   slack (MET)




===========================================================================
report_checks --slack_max -0.01
============================================================================
======================= max_tt_025C_1v80 Corner ===================================

No paths found.


===========================================================================
 report_check_types -max_slew -max_cap -max_fanout -violators
============================================================================
======================= max_tt_025C_1v80 Corner ===================================



===========================================================================
report_parasitic_annotation -report_unannotated
============================================================================
Found 15 unannotated drivers.
 clkload0/Y
 clkload1/Y
 clkload10/Y
 clkload11/Y
 clkload12/Y
 clkload13/Y
 clkload14/Y
 clkload2/Y
 clkload3/Y
 clkload4/Y
 clkload5/Y
 clkload6/Y
 clkload7/Y
 clkload8/Y
 clkload9/Y
Found 0 partially unannotated drivers.

===========================================================================
max slew violation count 0
max fanout violation count 0
max cap violation count 0
============================================================================

===========================================================================
check_setup -verbose -unconstrained_endpoints -multiple_clock -no_clock -no_input_delay -loops -generated_clocks
===========================================================================
