Clock: clk
Sources: clk 
Generated: no
Virtual: yes
Propagated: no
Period: 20.000000

===========================================================================
report_clock_properties
============================================================================
Clock                   Period          Waveform
----------------------------------------------------
clk                  20.000000    0.000000 10.000000

===========================================================================
report_clock_latency
============================================================================
Clock clk
rise -> rise
    min     max
0.000000 0.000000 source latency
0.534130         network latency _3017_/CLK
        0.570080 network latency _3155_/CLK
---------------
0.534130 0.570080 latency
        0.035949 skew

fall -> fall
    min     max
0.000000 0.000000 source latency
0.447522         network latency _3017_/CLK
        0.474148 network latency _3155_/CLK
---------------
0.447522 0.474148 latency
        0.026626 skew



===========================================================================
report_clock_min_period
============================================================================
clk period_min = 10.35 fmax = 96.66
Clock: sclk_virt
Sources: sclk 
Generated: no
Virtual: yes
Propagated: no
Period: 1000.000000

===========================================================================
report_clock_properties
============================================================================
Clock                   Period          Waveform
----------------------------------------------------
sclk_virt           1000.000000    0.000000500.000000

===========================================================================
report_clock_latency
============================================================================
Clock sclk_virt


===========================================================================
report_clock_min_period
============================================================================
sclk_virt period_min = 0.00 fmax = inf
